--------- beginning of main
05-10 23:46:50.995  1821  2249 D DatabaseBackupAndRecovery: xattr set to 8520d24b-5c9a-4176-94cd-41934c752043 for key:user.intdbsessionid0 on path: /data/media/0.
05-10 23:46:50.995  1821  2249 I MediaProvider: SessionId set to 8520d24b-5c9a-4176-94cd-41934c752043 on paths /data/user/0/com.google.android.providers.media.module/databases/internal.db and /data/media/0.
05-10 23:46:51.003  1821  2249 V MediaProvider: onOpen() finished for internal.db
05-10 23:46:51.008  1584  1584 D BoundBrokerSvc: onBind: Intent { act=com.google.android.gms.gmscompliance.service.START dat=chimera-action:/... xflg=0x4 cmp=com.google.android.gms/.chimera.PersistentBoundBrokerService }
05-10 23:46:51.008  1584  1584 D BoundBrokerSvc: Loading bound service for intent: Intent { act=com.google.android.gms.gmscompliance.service.START dat=chimera-action:/... xflg=0x4 cmp=com.google.android.gms/.chimera.PersistentBoundBrokerService }
05-10 23:46:51.009   819  2271 I RecoverySystem: No recovery log file
05-10 23:46:51.016  1427  1427 D RecentsView: destroy
05-10 23:46:51.017  1427  1427 D RecentsDependencies: destroyed 111861748
05-10 23:46:51.018  1427  1427 D RecentsDependencies: also destroyed default scope
05-10 23:46:51.019  1427  1427 W LoaderTask: stopLocked: Loader stopping
05-10 23:46:51.022  1584  1584 D BoundBrokerSvc: onBind: Intent { act=com.google.android.gms.scheduler.ACTION_PROXY_SCHEDULE dat=chimera-action:/... xflg=0x4 cmp=com.google.android.gms/.chimera.PersistentDirectBootAwareApiService }
05-10 23:46:51.027  1584  1584 D BoundBrokerSvc: Loading bound service for intent: Intent { act=com.google.android.gms.scheduler.ACTION_PROXY_SCHEDULE dat=chimera-action:/... xflg=0x4 cmp=com.google.android.gms/.chimera.PersistentDirectBootAwareApiService }
05-10 23:46:51.028   819  1130 D InetDiagMessage: Destroyed 0 sockets, proto=IPPROTO_TCP, family=AF_INET, states=14
05-10 23:46:51.033  1427  1427 D TaskFragmentComponent: destroy task fragment
05-10 23:46:51.033  1427  1427 D TaskFragmentComponent: java.lang.Exception
05-10 23:46:51.033  1427  1427 D TaskFragmentComponent: 	at com.google.android.apps.nexuslauncher.overlay.TaskFragmentOverlayManager.onActivityDestroyed(go/retraceme f3a19d912c87c27267cfbc05ba0bc7b202ab72a6648bd76225f5f7e128d94583:59)
05-10 23:46:51.033  1427  1427 D TaskFragmentComponent: 	at com.android.launcher3.Launcher.onDestroy(go/retraceme f3a19d912c87c27267cfbc05ba0bc7b202ab72a6648bd76225f5f7e128d94583:186)
05-10 23:46:51.033  1427  1427 D TaskFragmentComponent: 	at com.android.launcher3.uioverrides.QuickstepLauncher.onDestroy(go/retraceme f3a19d912c87c27267cfbc05ba0bc7b202ab72a6648bd76225f5f7e128d94583:143)
05-10 23:46:51.033  1427  1427 D TaskFragmentComponent: 	at com.google.android.apps.nexuslauncher.NexusLauncherActivity.onDestroy(go/retraceme f3a19d912c87c27267cfbc05ba0bc7b202ab72a6648bd76225f5f7e128d94583:68)
05-10 23:46:51.033  1427  1427 D TaskFragmentComponent: 	at android.app.Activity.performDestroy(Activity.java:9628)
05-10 23:46:51.033  1427  1427 D TaskFragmentComponent: 	at android.app.Instrumentation.callActivityOnDestroy(Instrumentation.java:1576)
05-10 23:46:51.033  1427  1427 D TaskFragmentComponent: 	at android.app.ActivityThread.performDestroyActivity(ActivityThread.java:6523)
05-10 23:46:51.033  1427  1427 D TaskFragmentComponent: 	at android.app.ActivityThread.handleDestroyActivity(ActivityThread.java:6568)
05-10 23:46:51.033  1427  1427 D TaskFragmentComponent: 	at android.app.ActivityThread.handleRelaunchActivityInner(ActivityThread.java:6853)
05-10 23:46:51.033  1427  1427 D TaskFragmentComponent: 	at android.app.ActivityThread.handleRelaunchActivity(ActivityThread.java:6768)
05-10 23:46:51.033  1427  1427 D TaskFragmentComponent: 	at android.app.servertransaction.ActivityRelaunchItem.execute(ActivityRelaunchItem.java:108)
05-10 23:46:51.033  1427  1427 D TaskFragmentComponent: 	at android.app.servertransaction.ActivityTransactionItem.execute(ActivityTransactionItem.java:63)
05-10 23:46:51.033  1427  1427 D TaskFragmentComponent: 	at android.app.servertransaction.TransactionExecutor.executeNonLifecycleItem(TransactionExecutor.java:133)
05-10 23:46:51.033  1427  1427 D TaskFragmentComponent: 	at android.app.servertransaction.TransactionExecutor.executeTransactionItems(TransactionExecutor.java:103)
05-10 23:46:51.033  1427  1427 D TaskFragmentComponent: 	at android.app.servertransaction.TransactionExecutor.execute(TransactionExecutor.java:80)
05-10 23:46:51.033  1427  1427 D TaskFragmentComponent: 	at android.app.ClientTransactionHandler.executeTransaction(ClientTransactionHandler.java:71)
05-10 23:46:51.033  1427  1427 D TaskFragmentComponent: 	at android.app.ActivityThread.handleRelaunchActivityLocally(ActivityThread.java:6834)
05-10 23:46:51.033  1427  1427 D TaskFragmentComponent: 	at android.app.ActivityThread$H.handleMessage(ActivityThread.java:2967)
05-10 23:46:51.033  1427  1427 D TaskFragmentComponent: 	at android.os.Handler.dispatchMessage(Handler.java:132)
05-10 23:46:51.033  1427  1427 D TaskFragmentComponent: 	at android.os.Looper.dispatchMessage(Looper.java:333)
05-10 23:46:51.033  1427  1427 D TaskFragmentComponent: 	at android.os.Looper.loopOnce(Looper.java:263)
05-10 23:46:51.033  1427  1427 D TaskFragmentComponent: 	at android.os.Looper.loop(Looper.java:367)
05-10 23:46:51.033  1427  1427 D TaskFragmentComponent: 	at android.app.ActivityThread.main(ActivityThread.java:9287)
05-10 23:46:51.033  1427  1427 D TaskFragmentComponent: 	at java.lang.reflect.Method.invoke(Native Method)
05-10 23:46:51.033  1427  1427 D TaskFragmentComponent: 	at com.android.internal.os.RuntimeInit$MethodAndArgsCaller.run(RuntimeInit.java:566)
05-10 23:46:51.033  1427  1427 D TaskFragmentComponent: 	at com.android.internal.os.ZygoteInit.main(ZygoteInit.java:929)
05-10 23:46:51.036   819  1130 D InetDiagMessage: Destroyed 0 sockets, proto=IPPROTO_TCP, family=AF_INET6, states=14
05-10 23:46:51.036   819  1130 D InetDiagMessage: Destroyed live tcp sockets for uids={10218} in 19ms
05-10 23:46:51.051  1427  1467 I Launcher.IconCache: Database bulk icon loading failed, using fallback bulk icon loading for: ComponentInfo{com.astrixforge.devicemasker.verifier/com.astrixforge.devicemasker.verifier.VerifierActivity}
05-10 23:46:51.053  1839  2243 W JobInfo : Requested important-while-foreground flag for job10 is ignored and takes no effect
05-10 23:46:51.058  1427  1467 W LauncherActivityCachingLogic: loadIcon: Default app icon returned from PackageManager. component=ComponentInfo{com.astrixforge.devicemasker.verifier/com.astrixforge.devicemasker.verifier.VerifierActivity}, user=UserHandle{0}
05-10 23:46:51.058  1427  1467 W LauncherActivityCachingLogic: java.lang.Exception
05-10 23:46:51.058  1427  1467 W LauncherActivityCachingLogic: 	at com.android.launcher3.icons.cache.LauncherActivityCachingLogic.loadIcon(go/retraceme f3a19d912c87c27267cfbc05ba0bc7b202ab72a6648bd76225f5f7e128d94583:100)
05-10 23:46:51.058  1427  1467 W LauncherActivityCachingLogic: 	at com.android.launcher3.icons.cache.BaseIconCache.loadFallbackIcon(go/retraceme f3a19d912c87c27267cfbc05ba0bc7b202ab72a6648bd76225f5f7e128d94583:5)
05-10 23:46:51.058  1427  1467 W LauncherActivityCachingLogic: 	at com.android.launcher3.icons.IconCache$$ExternalSyntheticLambda16.accept(go/retraceme f3a19d912c87c27267cfbc05ba0bc7b202ab72a6648bd76225f5f7e128d94583:328)
05-10 23:46:51.058  1427  1467 W LauncherActivityCachingLogic: 	at java.util.HashMap.forEach(HashMap.java:1432)
05-10 23:46:51.058  1427  1467 W LauncherActivityCachingLogic: 	at com.android.launcher3.icons.IconCache.getTitlesAndIconsInBulk(go/retraceme f3a19d912c87c27267cfbc05ba0bc7b202ab72a6648bd76225f5f7e128d94583:51)
05-10 23:46:51.058  1427  1467 W LauncherActivityCachingLogic: 	at com.android.launcher3.model.LoaderTask.tryLoadWorkspaceIconsInBulk(go/retraceme f3a19d912c87c27267cfbc05ba0bc7b202ab72a6648bd76225f5f7e128d94583:8)
05-10 23:46:51.058  1427  1467 W LauncherActivityCachingLogic: 	at com.android.launcher3.model.LoaderTask.loadWorkspaceImpl(go/retraceme f3a19d912c87c27267cfbc05ba0bc7b202ab72a6648bd76225f5f7e128d94583:532)
05-10 23:46:51.058  1427  1467 W LauncherActivityCachingLogic: 	at com.android.launcher3.model.LoaderTask.loadAllSurfacesOrdered(go/retraceme f3a19d912c87c27267cfbc05ba0bc7b202ab72a6648bd76225f5f7e128d94583:21)
05-10 23:46:51.058  1427  1467 W LauncherActivityCachingLogic: 	at com.android.launcher3.model.LoaderTask.run(go/retraceme f3a19d912c87c27267cfbc05ba0bc7b202ab72a6648bd76225f5f7e128d94583:85)
05-10 23:46:51.058  1427  1467 W LauncherActivityCachingLogic: 	at android.os.Handler.handleCallback(Handler.java:1070)
05-10 23:46:51.058  1427  1467 W LauncherActivityCachingLogic: 	at android.os.Handler.dispatchMessage(Handler.java:125)
05-10 23:46:51.058  1427  1467 W LauncherActivityCachingLogic: 	at android.os.Looper.dispatchMessage(Looper.java:333)
05-10 23:46:51.058  1427  1467 W LauncherActivityCachingLogic: 	at android.os.Looper.loopOnce(Looper.java:263)
05-10 23:46:51.058  1427  1467 W LauncherActivityCachingLogic: 	at android.os.Looper.loop(Looper.java:367)
05-10 23:46:51.058  1427  1467 W LauncherActivityCachingLogic: 	at android.os.HandlerThread.run(HandlerThread.java:139)
05-10 23:46:51.063  1427  1467 D LoaderTask: tryLoadWorkspaceIconsInBulk: default icon found for ComponentInfo{com.astrixforge.devicemasker.verifier/com.astrixforge.devicemasker.verifier.VerifierActivity}, will attempt to load from iconBlob
05-10 23:46:51.063  1687  1702 I PermissionControllerServiceImpl: Updating user sensitive for uid 1001
05-10 23:46:51.064  1427  1467 D IconRequestInfo: loadIconFromDb: icon blob null, returning. Component=ComponentInfo{com.astrixforge.devicemasker.verifier/com.astrixforge.devicemasker.verifier.VerifierActivity}
05-10 23:46:51.064  1427  1467 D LoaderTask: loadWorkspace finished
05-10 23:46:51.064  1427  1467 W LoaderTask: LoaderTask cancelled
05-10 23:46:51.069  1238  1238 D NavigationModeController: ACTION_OVERLAY_CHANGED
05-10 23:46:51.069  1238  1238 D NavigationModeController: getCurrentUserContext: contextUser=0 currentUser=0
05-10 23:46:51.069  1238  1238 D NavigationModeController: getCurrentInteractionMode: mode=2 contextUser=0
05-10 23:46:51.069  1238  1238 D NavigationModeController: updateCurrentInteractionMode: mode=2
05-10 23:46:51.069  1238  1238 D NavigationModeController:   contextUser=0
05-10 23:46:51.069  1238  1238 D NavigationModeController:   assetPaths=
05-10 23:46:51.069  1238  1238 D NavigationModeController:     /system/framework/framework-res.apk
05-10 23:46:51.069  1238  1238 D NavigationModeController:     /vendor/overlay/framework-res__sdk_gphone16k_x86_64__auto_generated_rro_vendor.apk
05-10 23:46:51.069  1238  1238 D NavigationModeController:     /product/overlay/GoogleConfigOverlay.apk
05-10 23:46:51.069  1238  1238 D NavigationModeController:     /product/overlay/GoogleWebViewOverlay.apk
05-10 23:46:51.069  1238  1238 D NavigationModeController:     /product/overlay/LargeScreenConfigOverlay.apk
05-10 23:46:51.069  1238  1238 D NavigationModeController:     /product/overlay/PixelConfigOverlayCommon.apk
05-10 23:46:51.069  1238  1238 D NavigationModeController:     /product/overlay/framework-res__sdk_gphone16k_x86_64__auto_generated_rro_product.apk
05-10 23:46:51.069  1238  1238 D NavigationModeController:     /product/overlay/RanchuCommonOverlay.apk
05-10 23:46:51.069  1238  1238 D NavigationModeController:     /system_ext/priv-app/SystemUIGoogle/SystemUIGoogle.apk
05-10 23:46:51.069  1238  1238 D NavigationModeController:     /product/overlay/EmulationPixel10ProXL/EmulationPixel10ProXLOverlay.apk
05-10 23:46:51.069  1238  1238 D NavigationModeController:     /product/overlay/NavigationBarModeGestural/NavigationBarModeGesturalOverlay.apk
05-10 23:46:51.069  1821  2249 W ModernMediaScanner: Failed to visit /system/media: java.nio.file.NoSuchFileException: /system/media
05-10 23:46:51.069  1238  1238 D NavigationModeController:     /vendor/overlay/SystemUIGoogle__sdk_gphone16k_x86_64__auto_generated_rro_vendor.apk
05-10 23:46:51.070  1238  1238 D NavigationModeController:     /product/overlay/SystemUIGoogle__sdk_gphone16k_x86_64__auto_generated_rro_product.apk
05-10 23:46:51.070  1238  1238 D NavigationModeController:     /product/overlay/SystemUIEmulationPixel10ProXL/SystemUIEmulationPixel10ProXLOverlay.apk
05-10 23:46:51.070  1238  1238 D NavigationModeController: getCurrentUserContext: contextUser=0 currentUser=0
05-10 23:46:51.077  1427  1467 I PluginActionManager[com.android.systemui.action.PLUGIN_LAUNCHER_OVERLAY]: Found 0 plugins
05-10 23:46:51.079  1427  1467 I GridSizeMigrationDBController: Migration is not needed. destDeviceState: DeviceGridState{mGridSizeString='4,6', mNumHotseat=4, mDeviceType=0, mDbFile=launcher_4_by_6.db}, srcDeviceState: DeviceGridState{mGridSizeString='4,6', mNumHotseat=4, mDeviceType=0, mDbFile=launcher_4_by_6.db}
05-10 23:46:51.081  1427  1467 D ModelDbController: isGridMigrationNecessary: no grid migration needed
05-10 23:46:51.096  1427  1467 I GridSizeMigrationDBController: Migration is not needed. destDeviceState: DeviceGridState{mGridSizeString='4,6', mNumHotseat=4, mDeviceType=0, mDbFile=launcher_4_by_6.db}, srcDeviceState: DeviceGridState{mGridSizeString='4,6', mNumHotseat=4, mDeviceType=0, mDbFile=launcher_4_by_6.db}
05-10 23:46:51.096  1427  1467 D LoaderTask: loadWorkspace: loading default favorites if necessary
05-10 23:46:51.103  1427  1467 D LoaderTask: loadWorkspace: Packages with active install/update sessions: []
05-10 23:46:51.113  1584  1669 I Wear_Controller: Wearable module requires a companion app to be installed.
05-10 23:46:51.122  1584  1669 I WearableService: onCreate: Wearable Services not starting. Wear is not available on this device.
05-10 23:46:51.169  2089  2128 W libbinder.Binder: Binder transaction to android.content.IContentProvider code 1 took 2209ms. Data bytes: 592 Reply bytes: 156 Flags: 18
05-10 23:46:51.188  1771  1771 W ModuleManager: ModuleManager.initModules():274 nks is forbidden by min_api_level (28) or max_api_level (28): 36
05-10 23:46:51.194  1771  1771 I ModuleManager: ModuleManager.initModules():264 nrd is forbidden to run on current process
05-10 23:46:51.200  1825  2140 I aqdf    : OptInSetting is UNKNOWN or UNRECOGNIZED [CONTEXT ratelimit_period="10 SECONDS" ]
05-10 23:46:51.201  1825  2140 I aldk    : Device not matched [CONTEXT ratelimit_period="10 SECONDS" ]
05-10 23:46:51.204  1427  1467 D LoaderTask: No pinned shortcuts found for user UserHandle{0}
05-10 23:46:51.208  1211  1211 I wpa_supplicant: wlan0: CTRL-EVENT-BEACON-LOSS 
05-10 23:46:51.209  1427  1427 D ViewRootImpl: Skipping stats log for color mode
05-10 23:46:51.216  2089  2275 I GmscoreIpa: (REDACTED) Using %s flags by method %d
05-10 23:46:51.217  1427  1467 D WorkspaceItemProcessor: valid target true, marking restored: com.google.android.dialer, itemType=0, restoreFlag=0
05-10 23:46:51.220  1821  2249 I MediaProvider: Scanned internal due to REASON_MOUNTED, found 0 items in 216ms, 0 inserts 0 updates 0 deletes
05-10 23:46:51.224  1584  1713 I LocationSettings: (REDACTED) Read NLP consent from settings: %b
05-10 23:46:51.235  1821  2249 W ModernMediaScanner: Failed to visit /oem/media: java.nio.file.NoSuchFileException: /oem/media
05-10 23:46:51.238  1825  2162 I WM-GreedyScheduler: Ignoring schedule request in a secondary process
05-10 23:46:51.238   819  1880 I AppSearchIcing: icing-search-engine.cc:548: Initialize result: document store recovery cause = 4, schema store recovery cause = 0, index restoration cause = 4, integer index restoration cause = 4, qualified id join index restoration cause = 4, embedding index restoration cause = 4
05-10 23:46:51.241  1821  2249 I MediaProvider: Scanned internal due to REASON_MOUNTED, found 0 items in 7ms, 0 inserts 0 updates 0 deletes
05-10 23:46:51.256  1771  1771 I DeviceModeNotification: DeviceModeNotification.getCurrentDeviceMode():75 device mode is unknown before initializing the notification.
05-10 23:46:51.258   819   977 I AppServiceConnection: Connected: com.google.android.apps.messaging/com.google.android.ims.binding.SystemBindingService u0
05-10 23:46:51.296  1771  1771 W NotificationCenter: NotificationCenter$NotificationQueue.notifyPendingNotificationsOnExecutor():877 Heavy notify work detected on UI thread: [mnw->mor] takes 21ms
05-10 23:46:51.310  1825  2042 I algc    : (REDACTED) #isRobinOnlyLocale checkedLocale:%s language:%s list:%s
05-10 23:46:51.320  1771  1771 I Module  : FlagPersistModuleProvider$Module.onCreate():103 
05-10 23:46:51.334   819  1880 E AppSearchManagerService: Unable to schedule fully persist job for 0
05-10 23:46:51.334   819  1880 E AppSearchManagerService: java.lang.IllegalArgumentException: Tried to schedule job for non-existent component: ComponentInfo{android/com.android.server.appsearch.AppSearchMaintenanceService}
05-10 23:46:51.334   819  1880 E AppSearchManagerService: 	at com.android.server.job.JobSchedulerService$JobSchedulerStub.enforceValidJobRequest(JobSchedulerService.java:4841)
05-10 23:46:51.334   819  1880 E AppSearchManagerService: 	at com.android.server.job.JobSchedulerService$JobSchedulerStub.schedule(JobSchedulerService.java:5054)
05-10 23:46:51.334   819  1880 E AppSearchManagerService: 	at android.app.JobSchedulerImpl.schedule(JobSchedulerImpl.java:89)
05-10 23:46:51.334   819  1880 E AppSearchManagerService: 	at com.android.server.appsearch.AppSearchMaintenanceService.scheduleFullyPersistJob(go/retraceme 4fda92c43ce3e91e6bb210dc5d8b2bcfbc4b6e01f8206957815ae97e857aa088:64)
05-10 23:46:51.334   819  1880 E AppSearchManagerService: 	at com.android.server.appsearch.AppSearchManagerService.lambda$onUserUnlocking$3(go/retraceme 4fda92c43ce3e91e6bb210dc5d8b2bcfbc4b6e01f8206957815ae97e857aa088:177)
05-10 23:46:51.334   819  1880 E AppSearchManagerService: 	at com.android.server.appsearch.AppSearchManagerService.$r8$lambda$hEanuvrxCFVa0bWFETb2los16M0(go/retraceme 4fda92c43ce3e91e6bb210dc5d8b2bcfbc4b6e01f8206957815ae97e857aa088:1)
05-10 23:46:51.334   819  1880 E AppSearchManagerService: 	at com.android.server.appsearch.AppSearchManagerService$$ExternalSyntheticLambda5.run(go/retraceme 4fda92c43ce3e91e6bb210dc5d8b2bcfbc4b6e01f8206957815ae97e857aa088:14)
05-10 23:46:51.334   819  1880 E AppSearchManagerService: 	at java.util.concurrent.ThreadPoolExecutor.runWorker(ThreadPoolExecutor.java:1154)
05-10 23:46:51.334   819  1880 E AppSearchManagerService: 	at java.util.concurrent.ThreadPoolExecutor$Worker.run(ThreadPoolExecutor.java:652)
05-10 23:46:51.334   819  1880 E AppSearchManagerService: 	at java.lang.Thread.run(Thread.java:1563)
05-10 23:46:51.348  1771  2280 I Module  : FlagHermeticOverrideModuleProvider$Module.onCreate():61 
05-10 23:46:51.355  1238  1344 D ControlsListingControllerImpl: Unsubscribing callback
--------- beginning of system
05-10 23:46:51.361   819  1850 D BackupTransportManager: [UserID:0] Transport com.android.localtransport/.LocalTransportService registered
05-10 23:46:51.361   819  1850 D BackupManagerService: [UserID:0] Transport com.android.localtransport/.LocalTransport registered 9318ms after first request (delay = 3000ms)
05-10 23:46:51.369  1687  1694 I ssioncontroller: Background concurrent copying GC freed 5275KB AllocSpace bytes, 23(3424KB) LOS objects, 49% free, 3586KB/7172KB, paused 234us,62us total 200.002ms
05-10 23:46:51.395   819  1767 D FileUtils: Rounded bytes from 3115765760 to 4000000000
05-10 23:46:51.405  1427  1467 D WorkspaceItemProcessor: valid target true, marking restored: com.google.android.apps.messaging, itemType=0, restoreFlag=0
05-10 23:46:51.423  2089  2128 I DynamiteModule: Considering local module com.google.android.gms.googlecertificates:7 and remote module com.google.android.gms.googlecertificates:0
05-10 23:46:51.423  2089  2128 I DynamiteModule: Selected local version of com.google.android.gms.googlecertificates
05-10 23:46:51.429  1238  1344 D ControlsListingControllerImpl: Subscribing callback, service count: 0
05-10 23:46:51.433   819  2271 V GrammaticalInflectionUtils: AttributionSource: android.content.AttributionSource@46b5d13 does not have READ_SYSTEM_GRAMMATICAL_GENDER permission.
05-10 23:46:51.436   819  2271 W ActivityManager: Slow operation: 310ms so far, now at startProcess: done creating new process record
05-10 23:46:51.436   819  2271 W ActivityManager: Slow operation: 311ms so far, now at startProcess: stepping in to startProcess
05-10 23:46:51.437  1839  2243 W JobInfo : Requested important-while-foreground flag for job11 is ignored and takes no effect
05-10 23:46:51.439   819  2271 W ActivityManager: Slow operation: 314ms so far, now at startProcess: done starting proc!
05-10 23:46:51.440   819  2271 W ContentProviderHelper: Slow operation: 335ms so far, now at getContentProviderImpl: after start process
05-10 23:46:51.440   819  2271 W ContentProviderHelper: Slow operation: 335ms so far, now at getContentProviderImpl: updating data structures
05-10 23:46:51.442   819  2271 W ContentProviderHelper: Slow operation: 337ms so far, now at getContentProviderImpl: done!
05-10 23:46:51.444   819   967 W Looper  : Slow dispatch took 402ms android.fg app=system_server main=false group=FOREGROUND h=com.android.server.DropBoxManagerService$DropBoxManagerBroadcastHandler c=null m=1
05-10 23:46:51.458  1238  1238 W ActivityThread: getPackageInfo() called with an older ApplicationInfo than the cached version for package com.android.systemui
05-10 23:46:51.462   819  1913 W AppSearchIcing: status-util.h:31: Error: 5, Message: Document (com.google.android.googlequicksearchbox$OmniDynamicInvocationParams/omni, dynamic_invocation) not found.
05-10 23:46:51.467   819  1177 D BackgroundInstallControlService: Package event received: 0
05-10 23:46:51.468  1417  1417 D MultiSimSettingController: onSubscriptionsChanged
05-10 23:46:51.468   819  2185 V GrammaticalInflectionUtils: AttributionSource: android.content.AttributionSource@549f2244 does not have READ_SYSTEM_GRAMMATICAL_GENDER permission.
05-10 23:46:51.473  1238  1287 V ShellDragAndDrop: Display changed: 0
05-10 23:46:51.475  1427  1427 D UnlockComponentFactory: instantiateActivity() com.google.android.apps.nexuslauncher.NexusLauncherActivity isUserLocked: false
05-10 23:46:51.483  1427  1845 D StatsLog: LAUNCHER_READ_OMNI_AVAILABILITY_FROM_APP_SEARCH_FAILED
05-10 23:46:51.483  1427  1845 E NexusCSStateManager: Failed to fetch from AppSearch
05-10 23:46:51.483  1427  1845 E NexusCSStateManager: java.util.NoSuchElementException: No value present
05-10 23:46:51.483  1427  1845 E NexusCSStateManager: 	at java.util.Optional.get(Optional.java:143)
05-10 23:46:51.483  1427  1845 E NexusCSStateManager: 	at b6.l.onResult(go/retraceme f3a19d912c87c27267cfbc05ba0bc7b202ab72a6648bd76225f5f7e128d94583:37)
05-10 23:46:51.483  1427  1845 E NexusCSStateManager: 	at android.app.appsearch.SearchSessionUtil$1.lambda$onResult$0(go/retraceme 4f0c6d97fedfeb188facdc8d348fad8754c0a85bd85de08d3c018e31b5aefe51:144)
05-10 23:46:51.483  1427  1845 E NexusCSStateManager: 	at android.app.appsearch.SearchSessionUtil$1.$r8$lambda$CEk3q8sDAQVhU3rQwVueB8FAj_M(go/retraceme 4f0c6d97fedfeb188facdc8d348fad8754c0a85bd85de08d3c018e31b5aefe51:1)
05-10 23:46:51.483  1427  1845 E NexusCSStateManager: 	at android.app.appsearch.SearchSessionUtil$1$$ExternalSyntheticLambda0.run(go/retraceme 4f0c6d97fedfeb188facdc8d348fad8754c0a85bd85de08d3c018e31b5aefe51:22)
05-10 23:46:51.483  1427  1845 E NexusCSStateManager: 	at androidx.profileinstaller.ProfileInstallReceiver$$ExternalSyntheticLambda0.execute(go/retraceme f3a19d912c87c27267cfbc05ba0bc7b202ab72a6648bd76225f5f7e128d94583:1)
05-10 23:46:51.483  1427  1845 E NexusCSStateManager: 	at android.app.appsearch.SearchSessionUtil.safeExecute(go/retraceme 4f0c6d97fedfeb188facdc8d348fad8754c0a85bd85de08d3c018e31b5aefe51:4)
05-10 23:46:51.483  1427  1845 E NexusCSStateManager: 	at android.app.appsearch.SearchSessionUtil$1.onResult(go/retraceme 4f0c6d97fedfeb188facdc8d348fad8754c0a85bd85de08d3c018e31b5aefe51:18)
05-10 23:46:51.483  1427  1845 E NexusCSStateManager: 	at android.app.appsearch.aidl.IAppSearchBatchResultCallback$Stub.onTransact(go/retraceme 4f0c6d97fedfeb188facdc8d348fad8754c0a85bd85de08d3c018e31b5aefe51:59)
05-10 23:46:51.483  1427  1845 E NexusCSStateManager: 	at android.os.Binder.execTransactInternal(Binder.java:1478)
05-10 23:46:51.483  1427  1845 E NexusCSStateManager: 	at android.os.Binder.execTransact(Binder.java:1418)
05-10 23:46:51.483  1427  1845 I ContextualSearchStMgr: Sent LPH override to sysui: 450;1.0
05-10 23:46:51.497  1238  1238 I BatteryEventService: BatteryEventService bound
05-10 23:46:51.498  1238  1347 D BatteryEventService: collect BatteryEvents: null
05-10 23:46:51.501  1921  1921 W ActivityThread: getPackageInfo() called with an older ApplicationInfo than the cached version for package com.android.emulator.multidisplay
05-10 23:46:51.503   565  2212 W resolv  : SSL_connect ssl error =5, mark 0xf0064: Connection refused
05-10 23:46:51.503   565  2212 W resolv  : TLS Handshake failed
05-10 23:46:51.504   565  2212 W resolv  : query failed
05-10 23:46:51.504   565  2212 W resolv  : validateDnsTlsServer returned 0 for {fec0::3/}
05-10 23:46:51.504   565  2212 W resolv  : Validation failed
05-10 23:46:51.504   567   567 D Zygote  : Forked child process 2285
05-10 23:46:51.516   819   979 W ActivityManager: Slow operation: 80ms so far, now at startProcess: returned from zygote!
05-10 23:46:51.519  1417  1417 D MultiSimSettingController: Carrier config subId 1 is not loaded.
05-10 23:46:51.525  1771  1771 I DeviceStatusMonitor: DeviceStatusMonitor.updateCountryInfo():139 updateCountryInfo(), notifyAnyway = true
05-10 23:46:51.526  2285  2285 I Zygote  : Process 2285 created for android.process.media
05-10 23:46:51.527  2285  2285 I d.process.media: Using CollectorTypeCC GC.
05-10 23:46:51.528  2285  2285 W d.process.media: Unexpected CPU variant for x86: x86_64.
05-10 23:46:51.528  2285  2285 W d.process.media: Known variants: atom, sandybridge, silvermont, goldmont, goldmont-plus, goldmont-without-sha-xsaves, tremont, kabylake, alderlake, default
05-10 23:46:51.526  1417  1417 D MultiSimSettingController: isReadyToReevaluate: subInfoInitialized=true, carrierConfigsLoaded=false, satelliteEnabledOrBeingEnabled=false
05-10 23:46:51.533  2285  2285 W libbinder.BackendUnifiedServiceManager: Thread Pool max thread count is 0. Cannot cache binder as linkToDeath cannot be implemented. serviceName: activity
05-10 23:46:51.539  1393  1403 W System  : A resource failed to call close. 
05-10 23:46:51.539  1393  1403 W System  : A resource failed to call close. 
05-10 23:46:51.544  1839  2243 W JobInfo : Requested important-while-foreground flag for job12 is ignored and takes no effect
05-10 23:46:51.545  1427  1427 D RecentsDependencies: initializing
05-10 23:46:51.547  1427  1427 D RecentsDependencies: startDefaultScope
05-10 23:46:51.547  1427  1427 D RecentsDependencies: createRecentsViewScope 251582029
05-10 23:46:51.561  2285  2285 D nativeloader: Load libframework-connectivity-tiramisu-jni.so using APEX ns com_android_tethering for caller /apex/com.android.tethering/javalib/framework-connectivity-t.jar: ok
05-10 23:46:51.568   819   916 D CompatChangeReporter: Compat change id reported: 297989574; UID 10165; state: ENABLED
05-10 23:46:51.568   819   967 W Looper  : Slow delivery took 394ms android.fg app=system_server main=false group=FOREGROUND h=com.android.server.DropBoxManagerService$DropBoxManagerBroadcastHandler c=null m=1
05-10 23:46:51.568   819   967 W Looper  : Slow dispatch took 124ms android.fg app=system_server main=false group=FOREGROUND h=com.android.server.DropBoxManagerService$DropBoxManagerBroadcastHandler c=null m=1
05-10 23:46:51.570   819   967 W Looper  : Drained
05-10 23:46:51.587  1427  1467 D WorkspaceItemProcessor: valid target true, marking restored: com.android.chrome, itemType=0, restoreFlag=0
05-10 23:46:51.591  1427  1427 E RecyclerView: Cannot scroll to position a LayoutManager set. Call setLayoutManager with a non-null argument.
05-10 23:46:51.592  1427  1427 D ActivityAllAppsContainerView: rebindAdapters: force: true
05-10 23:46:51.592  1427  1427 D ActivityAllAppsContainerView: replaceAppsRVContainer: showTabs: false
05-10 23:46:51.592  1427  1427 D AlphabeticalAppsList: Clearing FastScrollerSections.
05-10 23:46:51.592  1427  1427 D AlphabeticalAppsList: Adding apps with sections. HasPrivateApps: true
05-10 23:46:51.592  1427  1427 E RecyclerView: Cannot scroll to position a LayoutManager set. Call setLayoutManager with a non-null argument.
05-10 23:46:51.593  1427  1427 D DeviceSearchAlg: search timeout = %d200
05-10 23:46:51.597  2089  2128 W GoogleCertificates: GoogleCertificates has been initialized already
05-10 23:46:51.600  1427  1427 D SsCardRecyclerViewAdapter: Updating Smartspace targets to targets for Lockscreen
05-10 23:46:51.611  1427  1427 D SsCardRecyclerViewAdapter: Updating Smartspace targets to targets for Lockscreen
05-10 23:46:51.611  1427  1427 W SsPagerDots: Total number of pages invalid: 0. Assuming 1 page.
05-10 23:46:51.611  1427  1427 W BcSmartspaceView: Current card is not present in the Adapter; cannot log.
05-10 23:46:51.612  1427  1427 D CellLayout: Adding view to ShortcutsAndWidgetsContainer: com.google.android.apps.nexuslauncher.qsb.SmartspaceViewContainer{c5d2809 V.E...... ......I. 0,0-0,0 #7f0a0346 app:id/search_container_workspace}
05-10 23:46:51.619  1417  1417 I CallNotifier: onSubscriptionsChanged
05-10 23:46:51.628   819   979 W ActivityManager: Slow operation: 191ms so far, now at startProcess: done updating battery stats
05-10 23:46:51.628   819   979 W ActivityManager: Slow operation: 192ms so far, now at startProcess: building log message
05-10 23:46:51.629  1427  1427 D OverviewActionsView: updateActionButtonsVisibility() called: showSingleTaskActions = [true], showGroupActions = [false]
05-10 23:46:51.628   819   979 I ActivityManager: Start proc 2285:android.process.media/u0a110 for content provider {com.android.providers.downloads/com.android.providers.downloads.DownloadProvider}
05-10 23:46:51.630   819   979 W ActivityManager: Slow operation: 193ms so far, now at startProcess: starting to update pids map
05-10 23:46:51.633  1427  1467 D WorkspaceItemProcessor: valid target true, marking restored: com.android.vending, itemType=0, restoreFlag=0
05-10 23:46:51.634  1921  1921 V MultiDispActionReceiver: starting service using intent null
05-10 23:46:51.634   819   979 W ActivityManager: Slow operation: 198ms so far, now at startProcess: done updating pids map
05-10 23:46:51.634   819   979 W ActivityManager: Slow operation: 166ms so far, now at startProcess: asking zygote to start proc
05-10 23:46:51.635  1921  1921 W ContextImpl: Calling a method in the system process without a qualified user: android.app.ContextImpl.startService:2062 android.content.ContextWrapper.startService:870 android.content.ContextWrapper.startService:870 com.android.emulator.multidisplay.MultiDisplayServiceReceiver.onReceive:34 android.app.ActivityThread.handleReceiver:5301 
05-10 23:46:51.656   567   567 D Zygote  : Forked child process 2300
05-10 23:46:51.662  1839  2243 W JobInfo : Requested important-while-foreground flag for job13 is ignored and takes no effect
05-10 23:46:51.666  1921  1921 I MultiDisplayService: Creating service
05-10 23:46:51.669   819   979 W ActivityManager: Slow operation: 200ms so far, now at startProcess: returned from zygote!
05-10 23:46:51.678  1427  1467 D WorkspaceItemProcessor: valid target true, marking restored: com.topjohnwu.magisk, itemType=0, restoreFlag=0
05-10 23:46:51.690  2300  2300 I Zygote  : Process 2300 created for com.google.android.googlequicksearchbox:search
05-10 23:46:51.690  2300  2300 I earchbox:search: Using CollectorTypeCC GC.
05-10 23:46:51.691  2300  2300 W earchbox:search: Unexpected CPU variant for x86: x86_64.
05-10 23:46:51.691  2300  2300 W earchbox:search: Known variants: atom, sandybridge, silvermont, goldmont, goldmont-plus, goldmont-without-sha-xsaves, tremont, kabylake, alderlake, default
05-10 23:46:51.702  2300  2300 W libbinder.BackendUnifiedServiceManager: Thread Pool max thread count is 0. Cannot cache binder as linkToDeath cannot be implemented. serviceName: activity
05-10 23:46:51.702  1427  1467 D WorkspaceItemProcessor: valid target true, marking restored: com.mantle.verify, itemType=0, restoreFlag=0
05-10 23:46:51.708  1427  1467 D WorkspaceItemProcessor: valid target true, marking restored: io.github.a13e300.ksuwebui, itemType=0, restoreFlag=0
05-10 23:46:51.722  1427  1467 D WorkspaceItemProcessor: valid target true, marking restored: bin.mt.plus, itemType=0, restoreFlag=0
05-10 23:46:51.723  1839  1839 I AiAiNotificationIntelli: Notification Intelligence initialization.
05-10 23:46:51.723  1839  1839 I AiAiNotificationIntelli: Notification Intelligence initialization.
05-10 23:46:51.743  1921  1921 D nativeloader: Load /system_ext/priv-app/MultiDisplayProvider/lib/x86_64/libemulator_multidisplay_jni.so using class loader ns clns-shared-9 (caller=/system_ext/priv-app/MultiDisplayProvider/MultiDisplayProvider.apk): ok
05-10 23:46:51.746  1427  1467 D WorkspaceItemProcessor: valid target true, marking restored: com.astrixforge.devicemasker, itemType=0, restoreFlag=0
05-10 23:46:51.748  1921  1921 D MultiDisplayService: Creating display 0
05-10 23:46:51.748  1921  1921 D MultiDisplayService: Creating display 1
05-10 23:46:51.748  1921  1921 D MultiDisplayService: Creating display 2
05-10 23:46:51.748  1921  1921 D MultiDisplayService: Creating display 3
05-10 23:46:51.748  1921  1921 D MultiDisplayService: Creating display 4
05-10 23:46:51.748  1921  1921 D MultiDisplayService: Creating display 5
05-10 23:46:51.748  1921  1921 D MultiDisplayService: Creating display 6
05-10 23:46:51.748  1921  1921 D MultiDisplayService: Creating display 7
05-10 23:46:51.748  1921  1921 D MultiDisplayService: Creating display 8
05-10 23:46:51.748  1921  1921 D MultiDisplayService: Creating display 9
05-10 23:46:51.748  1921  1921 D MultiDisplayService: Creating display 10
05-10 23:46:51.752  2285  2285 D nativeloader: Configuring clns-shared-9 for other apk /system/priv-app/DownloadProvider/DownloadProvider.apk. target_sdk_version=36, uses_libraries=, library_path=/system/priv-app/DownloadProvider/lib/x86_64:/system/lib64:/system_ext/lib64, permitted_path=/data:/mnt/expand:/data/user/0/com.android.providers.downloads:/system/priv-app/DownloadProvider:/system/lib64:/system_ext/lib64
05-10 23:46:51.752  2300  2300 D nativeloader: Load libframework-connectivity-tiramisu-jni.so using APEX ns com_android_tethering for caller /apex/com.android.tethering/javalib/framework-connectivity-t.jar: ok
05-10 23:46:51.756  1771  1771 I DeviceStatusMonitor: DeviceStatusMonitor.notifyIfNetworkChanged():180 notifyIfNetworkChanged: newState = NON_METERED, airplaneModeOn = false, notifyAnyway = true
05-10 23:46:51.760  1921  2313 I android_emulator_multidisplay_JNI: multidisplay pipe connected!!!
05-10 23:46:51.765  1921  2313 D MultiDisplayService: success open multiDisplay pipe
05-10 23:46:51.766  1921  2313 D MultiDisplayService: waiting to read pipe
05-10 23:46:51.766  1921  2313 D MultiDisplayService: have read something from pipe
05-10 23:46:51.766  1921  2313 D MultiDisplayService: run(): array= [1, 0, 1344, 2992, 480, 0]
05-10 23:46:51.766  1921  2313 D MultiDisplayService: received 1
05-10 23:46:51.766  1921  2313 D MultiDisplayService: received 0
05-10 23:46:51.766  1921  2313 D MultiDisplayService: received 1344
05-10 23:46:51.766  1921  2313 D MultiDisplayService: received 2992
05-10 23:46:51.766  1921  2313 D MultiDisplayService: received 480
05-10 23:46:51.766  1921  2313 D MultiDisplayService: received 0
05-10 23:46:51.766  1921  2313 E MultiDisplayService: invalid parameters for add/modify display
05-10 23:46:51.766  1921  2313 D MultiDisplayService: waiting to read pipe
05-10 23:46:51.769  1417  1417 I Telephony: TelecomAccountRegistry: onSubscriptionsChanged - update accounts
05-10 23:46:51.769  1417  1417 I Telephony: PstnIncomingCallNotifier: Unregistering: [0]
05-10 23:46:51.769  1417  1417 D Telephony: Unregistering: Handler (com.android.internal.telephony.GsmCdmaPhone) {9a2b9b}
05-10 23:46:51.772  1417  1417 I Telephony: TelecomAccountRegistry: setupAccounts: Found 1 phones.  Attempting to register.
05-10 23:46:51.772  1417  1417 I Telephony: TelecomAccountRegistry: setupAccounts: Phone with subscription id 1
05-10 23:46:51.800  1427  1467 D WorkspaceItemProcessor: valid target true, marking restored: flar2.devcheck, itemType=0, restoreFlag=0
05-10 23:46:51.805  1238  1244 W ndroid.systemui: Suspending all threads took: 17.692ms
05-10 23:46:51.814  1417  1417 V SimultaneousCallingTracker: Device is not simultaneous calling capable
05-10 23:46:51.820  1427  1467 D WorkspaceItemProcessor: valid target true, marking restored: com.astrixforge.devicemasker.verifier, itemType=0, restoreFlag=0
05-10 23:46:51.830  1825  2140 I apej    : (REDACTED) DelegationStatus: %s
05-10 23:46:51.837  2285  2285 V GraphicsEnvironment: Currently set values for:
05-10 23:46:51.837  2285  2285 V GraphicsEnvironment:   angle_gl_driver_selection_pkgs=[]
05-10 23:46:51.837  2285  2285 V GraphicsEnvironment:   angle_gl_driver_selection_values=[]
05-10 23:46:51.837  2285  2285 V GraphicsEnvironment: com.android.providers.downloads is not listed in per-application setting
05-10 23:46:51.837  2285  2285 V GraphicsEnvironment: ANGLE allowlist from config: com.dreamgames.royalmatch com.dts.freefiremax com.dxx.firenow com.gramgames.mergedragons com.ludo.king com.mojang.minecraftpe com.my.defense com.nintendo.zaka com.os.airforce com.playrix.fishdomdd.gplay io.teslatech.callbreak jp.konami.prospia net.peakgames.toonblast
05-10 23:46:51.837  2285  2285 V GraphicsEnvironment: No special selections for ANGLE, returning default driver choice
05-10 23:46:51.837  2285  2285 V GraphicsEnvironment: Neither updatable production driver nor prerelease driver is supported.
05-10 23:46:51.853  1427  1467 I Launcher.IconCache: Database bulk icon loading failed, using fallback bulk icon loading for: ComponentInfo{com.astrixforge.devicemasker.verifier/com.astrixforge.devicemasker.verifier.VerifierActivity}
05-10 23:46:51.854  1839  2243 W JobInfo : Requested important-while-foreground flag for job114 is ignored and takes no effect
05-10 23:46:51.865  1238  1238 I NoBackGesture: Config changed: newConfig={1.0 310mcc260mnc [en_US] ldltr sw448dp w448dp h997dp 480dpi nrml long compactNeeded port night finger qwerty/v/v dpad/v winConfig={ mBounds=Rect(0, 0 - 1344, 2992) mAppBounds=Rect(0, 0 - 1344, 2992) mMaxBounds=Rect(0, 0 - 1344, 2992) mDisplayRotation=ROTATION_0 mWindowingMode=fullscreen mActivityType=undefined mAlwaysOnTop=undefined mRotation=ROTATION_0} as.3 s.63 fontWeightAdjustment=0} lastReportedConfig={1.0 ?mcc0mnc [en_US] ldltr sw448dp w448dp h997dp 480dpi nrml long compactNeeded port night finger qwerty/v/v dpad/v winConfig={ mBounds=Rect(0, 0 - 1344, 2992) mAppBounds=Rect(0, 0 - 1344, 2992) mMaxBounds=Rect(0, 0 - 1344, 2992) mDisplayRotation=ROTATION_0 mWindowingMode=fullscreen mActivityType=undefined mAlwaysOnTop=undefined mRotation=ROTATION_0} as.3 s.39 fontWeightAdjustment=0}
05-10 23:46:51.874  1238  1238 I NoBackGesture: NavbarController: newConfig={1.0 310mcc260mnc [en_US] ldltr sw448dp w448dp h997dp 480dpi nrml long compactNeeded port night finger qwerty/v/v dpad/v winConfig={ mBounds=Rect(0, 0 - 1344, 2992) mAppBounds=Rect(0, 0 - 1344, 2992) mMaxBounds=Rect(0, 0 - 1344, 2992) mDisplayRotation=ROTATION_0 mWindowingMode=fullscreen mActivityType=undefined mAlwaysOnTop=undefined mRotation=ROTATION_0} as.3 s.63 fontWeightAdjustment=0} mTaskbarDelegate initialized=true willApplyConfigToNavbars=false navBarCount=0
05-10 23:46:51.886  1427  1467 W LauncherActivityCachingLogic: loadIcon: Default app icon returned from PackageManager. component=ComponentInfo{com.astrixforge.devicemasker.verifier/com.astrixforge.devicemasker.verifier.VerifierActivity}, user=UserHandle{0}
05-10 23:46:51.886  1427  1467 W LauncherActivityCachingLogic: java.lang.Exception
05-10 23:46:51.886  1427  1467 W LauncherActivityCachingLogic: 	at com.android.launcher3.icons.cache.LauncherActivityCachingLogic.loadIcon(go/retraceme f3a19d912c87c27267cfbc05ba0bc7b202ab72a6648bd76225f5f7e128d94583:100)
05-10 23:46:51.886  1427  1467 W LauncherActivityCachingLogic: 	at com.android.launcher3.icons.cache.BaseIconCache.loadFallbackIcon(go/retraceme f3a19d912c87c27267cfbc05ba0bc7b202ab72a6648bd76225f5f7e128d94583:5)
05-10 23:46:51.886  1427  1467 W LauncherActivityCachingLogic: 	at com.android.launcher3.icons.IconCache$$ExternalSyntheticLambda16.accept(go/retraceme f3a19d912c87c27267cfbc05ba0bc7b202ab72a6648bd76225f5f7e128d94583:328)
05-10 23:46:51.886  1427  1467 W LauncherActivityCachingLogic: 	at java.util.HashMap.forEach(HashMap.java:1432)
05-10 23:46:51.886  1427  1467 W LauncherActivityCachingLogic: 	at com.android.launcher3.icons.IconCache.getTitlesAndIconsInBulk(go/retraceme f3a19d912c87c27267cfbc05ba0bc7b202ab72a6648bd76225f5f7e128d94583:51)
05-10 23:46:51.886  1427  1467 W LauncherActivityCachingLogic: 	at com.android.launcher3.model.LoaderTask.tryLoadWorkspaceIconsInBulk(go/retraceme f3a19d912c87c27267cfbc05ba0bc7b202ab72a6648bd76225f5f7e128d94583:8)
05-10 23:46:51.886  1427  1467 W LauncherActivityCachingLogic: 	at com.android.launcher3.model.LoaderTask.loadWorkspaceImpl(go/retraceme f3a19d912c87c27267cfbc05ba0bc7b202ab72a6648bd76225f5f7e128d94583:532)
05-10 23:46:51.886  1427  1467 W LauncherActivityCachingLogic: 	at com.android.launcher3.model.LoaderTask.loadAllSurfacesOrdered(go/retraceme f3a19d912c87c27267cfbc05ba0bc7b202ab72a6648bd76225f5f7e128d94583:21)
05-10 23:46:51.886  1427  1467 W LauncherActivityCachingLogic: 	at com.android.launcher3.model.LoaderTask.run(go/retraceme f3a19d912c87c27267cfbc05ba0bc7b202ab72a6648bd76225f5f7e128d94583:85)
05-10 23:46:51.886  1427  1467 W LauncherActivityCachingLogic: 	at android.os.Handler.handleCallback(Handler.java:1070)
05-10 23:46:51.886  1427  1467 W LauncherActivityCachingLogic: 	at android.os.Handler.dispatchMessage(Handler.java:125)
05-10 23:46:51.886  1427  1467 W LauncherActivityCachingLogic: 	at android.os.Looper.dispatchMessage(Looper.java:333)
05-10 23:46:51.886  1427  1467 W LauncherActivityCachingLogic: 	at android.os.Looper.loopOnce(Looper.java:263)
05-10 23:46:51.886  1427  1467 W LauncherActivityCachingLogic: 	at android.os.Looper.loop(Looper.java:367)
05-10 23:46:51.886  1427  1467 W LauncherActivityCachingLogic: 	at android.os.HandlerThread.run(HandlerThread.java:139)
05-10 23:46:51.888  1427  1467 D LoaderTask: tryLoadWorkspaceIconsInBulk: default icon found for ComponentInfo{com.astrixforge.devicemasker.verifier/com.astrixforge.devicemasker.verifier.VerifierActivity}, will attempt to load from iconBlob
05-10 23:46:51.889  1427  1467 D IconRequestInfo: loadIconFromDb: icon blob null, returning. Component=ComponentInfo{com.astrixforge.devicemasker.verifier/com.astrixforge.devicemasker.verifier.VerifierActivity}
05-10 23:46:51.897  1417  1417 D Telephony: isEmergencyPreferredAccount: subId=1, activeData=1
05-10 23:46:51.898  1417  1417 D Telephony: isEmergencyPreferredAccount: Device does not require preference.
05-10 23:46:51.902   819   979 W ActivityManager: Slow operation: 434ms so far, now at startProcess: done updating battery stats
05-10 23:46:51.902   819   979 W ActivityManager: Slow operation: 434ms so far, now at startProcess: building log message
05-10 23:46:51.902   819   979 I ActivityManager: Start proc 2300:com.google.android.googlequicksearchbox:search/u0a157 for service {com.google.android.googlequicksearchbox/com.google.frameworks.client.data.android.server.tiktok.assistant.SearchProcessEndpointService}
05-10 23:46:51.902   819   979 W ActivityManager: Slow operation: 434ms so far, now at startProcess: starting to update pids map
05-10 23:46:51.903   819   979 W ActivityManager: Slow operation: 434ms so far, now at startProcess: done updating pids map
05-10 23:46:51.905  1771  1771 I PhenotypeModule: PhenotypeModule.onCreate():184 onCreate()
05-10 23:46:51.906  1771  1771 I PhenotypeModule: PhenotypeModule.maybeFetchAndUpdate():278 maybeFetchAndUpdate: start new task to fetch
05-10 23:46:51.908  1238  1287 D Bubbles : update positioner: insets=Insets{left=0, top=159, right=0, bottom=72} largeScreen=false smallTablet=false isBubbleBar=false bounds=Rect(0, 0 - 1344, 2992)
05-10 23:46:51.912  1238  1238 D ShadeStateTraceLogger: New configuration change from Shade window. smallestScreenWidthDp: 448, densityDpi: 480
05-10 23:46:51.924  1839  2312 I AiAiSuperpacks: No superpacks to release, will no-op
05-10 23:46:51.928   819  1064 I ActivityManager: Force stopping com.astrixforge.devicemasker.verifier appid=10232 user=0: from pid 2298
05-10 23:46:51.943  1839  2312 D androidtc: Initializing SystemTextClassifier, type = System
05-10 23:46:51.944  1839  2311 I AiAiSuperpacks: Enum name "UNRECOGNIZED" does not exist
05-10 23:46:51.948  1584  1662 W WearableService: onGetService: Wear is not available on this device. Calling package: com.google.android.gms
05-10 23:46:51.960  1839  2312 W SystemServiceRegistry: No service published for: persistent_data_block
05-10 23:46:51.971  1771  2317 I DeviceModeNotification: DeviceModeNotification.getCurrentDeviceMode():75 device mode is unknown before initializing the notification.
05-10 23:46:51.971  1771  2317 I PhenotypeModule: PhenotypeModule.maybeSetRuntimeProperties():439 Skip register runtime properties as device mode is unknown.
05-10 23:46:51.972  1839  2311 I AiAiSuperpacks: Enum name "UNRECOGNIZED" does not exist
05-10 23:46:51.978  1839  2311 I AiAiSuperpacks: Enum name "UNRECOGNIZED" does not exist
05-10 23:46:51.987   819  1065 D FileUtils: Rounded bytes from 3115765760 to 4000000000
05-10 23:46:51.995  1417  1417 I Telephony: isRttCurrentlySupported -- regular acct, hasVoiceAvailability: false
05-10 23:46:51.995  1417  1417 I Telephony:  isRttSupported: false
05-10 23:46:51.995  1417  1417 I Telephony:  alwaysAllowWhileRoaming: false
05-10 23:46:51.995  1417  1417 I Telephony:  isRoaming: false
05-10 23:46:51.995  1417  1417 I Telephony:  isOnWfc: false
05-10 23:46:52.002  1238  1479 D WallpaperService: onSurfaceRedrawNeeded(android.service.wallpaper.WallpaperService$Engine$1@54fa75e): com.android.systemui.wallpapers.ImageWallpaper$CanvasEngine@89d173f
05-10 23:46:52.004  1238  1238 D StorageNotification: Notifying about public volume: VolumeInfo{public:253,80}:
05-10 23:46:52.004  1238  1238 D StorageNotification:     type=PUBLIC diskId=disk:253,80 partGuid= mountFlags=VISIBLE_FOR_WRITE 
05-10 23:46:52.004  1238  1238 D StorageNotification:     mountUserId=-1 state=UNMOUNTED 
05-10 23:46:52.004  1238  1238 D StorageNotification:     fsType=null fsUuid=null fsLabel=null 
05-10 23:46:52.004  1238  1238 D StorageNotification:     path=null internalPath=null 
05-10 23:46:52.015  1839  2311 I AiAiSuperpacks: Enum name "UNRECOGNIZED" does not exist
05-10 23:46:52.041  1427  1427 D AllAppsTransitionController: shouldProtectHeader: false skipScrim: false state: Normal stateManager.getState(): Normal
05-10 23:46:52.044  1427  1427 D KeyboardInsetsHandler: setState, toState:Normal StateManager(mLastStableState:Normal, mCurrentStableState:Normal, mState:Normal, mRestState:null, isInTransition:false)
05-10 23:46:52.044  1427  1427 D KeyboardInsetsHandler: removePendingImeController: pendingImeController=null
05-10 23:46:52.045  1427  1427 D ActivityContext: hideKeyboard
05-10 23:46:52.045  1427  1427 D ActivityContext: isImeShown: false
05-10 23:46:52.051  1427  1427 D ActivityContext: hideKeyboard: WIC IS NULL
05-10 23:46:52.053  1427  1427 D ActivityContext: InputMethodManager: android.view.inputmethod.InputMethodManager@570a5d2 token: null
05-10 23:46:52.055  1427  1427 W LoaderTask: stopLocked: Loader stopping
05-10 23:46:52.055  2089  2282 W TracingHelper: No RequestContext found in the trace or trace not available. [CONTEXT service_id=259 ratelimit_count=1410065408 ]
05-10 23:46:52.056  1427  1427 D OverviewActionsView: updateActionButtonsVisibility() called: showSingleTaskActions = [true], showGroupActions = [false]
05-10 23:46:52.063  1839  2243 W JobInfo : Requested important-while-foreground flag for job117 is ignored and takes no effect
05-10 23:46:52.073  1427  1427 D b/380940677: [mStateHandlerRequest=0, mCurrentStateRequest=0, mLastActivityFlags=5, mIgnoreAutoRotateSettings=false, mHomeRotationEnabled=false, mForceAllowRotationForTesting=false, mDestroyed=false, mIsFixedLandscape=false]
05-10 23:46:52.076  1427  1427 D BaseActivity: Launcher flags updated: [state_started] +[state_started]
05-10 23:46:52.082  1427  1427 D ActivityAllAppsContainerView: rebindAdapters: force: false
05-10 23:46:52.083  1427  1427 D ActivityAllAppsContainerView: rebindAdapters: Not needed.
05-10 23:46:52.088  1427  1427 D BaseActivity: Launcher flags updated: [state_started|state_resumed|state_user_active] +[state_resumed|state_user_active]
05-10 23:46:52.114  1839  2320 I TrainerClient: Preparing to schedule training for population:aiai/playstore/pecanconversationfragmentevents session_name:pecanconversationfragmentevents
05-10 23:46:52.123   819  1767 V WindowManager: Queueing transition: TransitionRecord{1149245 id=-1 type=CHANGE flags=0x0 parallelCollectType=NONE recentsDisplayId=-1}
05-10 23:46:52.140  1427  1465 D InputMonitorCompat: Input monitor (minus-one-disp0) created
05-10 23:46:52.151   819  1177 D BackgroundInstallControlService: Package event received: 0
05-10 23:46:52.168  1427  1465 D InputMonitorCompat: Input event receiver for monitor (minus-one-disp0) created
