05-10 23:46:52.922   819  1130 D ConnectivityService: [100 WIFI] EVENT_NETWORK_INFO_CHANGED, going from CONNECTED to DISCONNECTED
05-10 23:46:52.922   819  1130 D ConnectivityService: [100 WIFI] disconnected, was satisfying 33
05-10 23:46:52.922  1427  1524 I HWUI    : Davey! duration=5478ms; Flags=0, FrameTimelineVsyncId=3436, IntendedVsync=66749027052, Vsync=71965693510, InputEventId=0, HandleInputStart=71972412500, AnimationStart=71972434100, PerformTraversalsStart=71974004200, DrawStart=72152177200, FrameDeadline=66899034442, FrameStartTime=71971292000, FrameInterval=16666666, WorkloadTarget=16666666, SyncQueued=72189494500, SyncStart=72480336200, IssueDrawCommandsStart=72481244300, SwapBuffers=72481664400, FrameCompleted=72517956600, DequeueBufferDuration=50600, QueueBufferDuration=449300, GpuCompleted=72517956600, SwapBuffersCompleted=72507038300, DisplayPresentTime=828928688130, CommandSubmissionCompleted=72481664400, 
05-10 23:46:52.931   819  1071 W ActivityTaskManager: callingPackage for (uid=2000, pid=2321) has no WPC
05-10 23:46:52.939   819  1071 V WindowManager: DesktopModeLaunchParamsModifier: phase= 0 task=null activity=null display-area-from-current-params=null display-area-from-default-fallback=DefaultTaskDisplayArea@132377661 display-id=0 task-display-area-windowing-mode=1 suggested-display-area=DefaultTaskDisplayArea@132377661 task null, skipping
05-10 23:46:52.939   819  1071 V WindowManager: TaskLaunchParamsModifier:phase=0 task=null activity=null display-area-from-current-params=null display-area-from-default-fallback=DefaultTaskDisplayArea@132377661 display-id=0 task-display-area-windowing-mode=1 suggested-display-area=DefaultTaskDisplayArea@132377661
05-10 23:46:52.940  1584  1584 D BoundBrokerSvc: onBind: Intent { act=com.google.android.gms.libs.gmscorelogger.service.START dat=chimera-action:/... xflg=0x4 cmp=com.google.android.gms/.chimera.PersistentDirectBootAwareApiService }
05-10 23:46:52.944   819  1122 D WifiClientModeImpl[47287:wlan0]: ClientModeImpl: Leaving Connected state
05-10 23:46:52.950   819  1122 D WifiCountryCode: evaluateAllCmmStateAndApplyIfAllReady: {ConcreteClientModeManager{id=46837 iface=wlan0 role=ROLE_CLIENT_PRIMARY}=true}
05-10 23:46:52.950   819  1122 D WifiCountryCode: updateCountryCode to US
05-10 23:46:52.950   819  1122 D WifiCountryCode: setCountryCodeNative: US, isClientModeOnly: true mDriverCountryCode: null
05-10 23:46:52.952  1584  1584 D BoundBrokerSvc: Loading bound service for intent: Intent { act=com.google.android.gms.libs.gmscorelogger.service.START dat=chimera-action:/... xflg=0x4 cmp=com.google.android.gms/.chimera.PersistentDirectBootAwareApiService }
05-10 23:46:52.952   819  1122 D WifiNative: onSetCountryCodeSucceeded: US
05-10 23:46:52.952   819  1122 I WifiCountryCode: Receive onSetCountryCodeSucceeded US
05-10 23:46:52.953   725   725 I wificond: Receive notifyCountryCodeChanged
05-10 23:46:52.954   819  1122 I WifiNl80211Manager: Receive country code change to US
05-10 23:46:52.956   819  1122 D WifiScanRequestProxy: Sending scan available broadcast: true
05-10 23:46:52.957   725   725 I wificond: UpdateBandInfo
05-10 23:46:52.957   819  1128 I WifiScanningService: Received a request to enable scanning, UID = 1000
05-10 23:46:52.963   725   725 I wificond: 2.4Ghz frequencies: 2412 2417 2422 2427 2432 2437 2442 2447 2452 2457 2462 2467 2472 2484
05-10 23:46:52.963   725   725 I wificond: 5Ghz non-DFS frequencies:
05-10 23:46:52.963   725   725 I wificond: 5Ghz DFS frequencies: 5180 5200 5220 5240 5260 5280 5300 5320 5500 5520 5540 5560 5580 5600 5620 5640 5660 5680 5700 5745 5765 5785 5805 5825
05-10 23:46:52.963   725   725 I wificond: 6Ghz frequencies:
05-10 23:46:52.963   725   725 I wificond: 60Ghz frequencies:
05-10 23:46:52.968   819  1128 I WifiScanningService: scanner impls already exists
05-10 23:46:52.973   819  1128 E WifiScanningService: wifi driver loaded received while already loaded
05-10 23:46:52.979  2089  2341 I Icing   : IndexChimeraService.getServiceInterface callingPackage=com.google.android.gms componentName=AppsCorpus serviceId=36
05-10 23:46:52.981  2089  2344 I Icing   : IndexChimeraService.getServiceInterface callingPackage=com.google.android.gms componentName=AppsCorpus serviceId=32
05-10 23:46:52.988   819  1122 I WifiScanRequestProxy: Scanning is enabled
05-10 23:46:52.988   819  1122 I WifiScanRequestProxy: Scanning for hidden networks is enabled
05-10 23:46:52.991   819  1122 D SupplicantStaIfaceHalAidlImpl: Remove fallback ssids to avoid endless loop
05-10 23:46:52.994   819  1071 V GrammaticalInflectionUtils: AttributionSource: android.content.AttributionSource@d49a98d9 does not have READ_SYSTEM_GRAMMATICAL_GENDER permission.
05-10 23:46:52.994   819  1122 I WifiClientModeImpl[47287:wlan0]: disconnectedstate enter
05-10 23:46:52.995   819  1122 E WifiScoringParams: Invalid frequency(-1), using 5G as default rssi array
05-10 23:46:52.999   819  1071 W TransitionChain: Combining startAct into #6(CLOSE|R|0x0) from tfTransact
05-10 23:46:52.999   819  1071 V WindowManager: DesktopModeLaunchParamsModifier: phase= 0 task=null activity=ActivityRecord{253232188 u0 com.astrixforge.devicemasker.verifier/.VerifierActivity display-area-from-current-params=null display-area-from-default-fallback=DefaultTaskDisplayArea@132377661 display-id=0 task-display-area-windowing-mode=1 suggested-display-area=DefaultTaskDisplayArea@132377661 task null, skipping
05-10 23:46:53.000   819  1071 V WindowManager: TaskLaunchParamsModifier:phase=0 task=null activity=ActivityRecord{253232188 u0 com.astrixforge.devicemasker.verifier/.VerifierActivity t-1} display-area-from-current-params=null display-area-from-default-fallback=DefaultTaskDisplayArea@132377661 display-id=0 task-display-area-windowing-mode=1 suggested-display-area=DefaultTaskDisplayArea@132377661
05-10 23:46:53.000   819  1071 V WindowManager: DesktopModeLaunchParamsModifier: phase= 3 task=null activity=ActivityRecord{253232188 u0 com.astrixforge.devicemasker.verifier/.VerifierActivity t-1} display-area-from-current-params=null display-area-from-default-fallback=DefaultTaskDisplayArea@132377661 display-id=0 task-display-area-windowing-mode=1 suggested-display-area=DefaultTaskDisplayArea@132377661 task null, skipping
05-10 23:46:53.000   819  1071 V WindowManager: TaskLaunchParamsModifier:phase=3 task=null activity=ActivityRecord{253232188 u0 com.astrixforge.devicemasker.verifier/.VerifierActivity t-1} display-area-from-current-params=null display-area-from-default-fallback=DefaultTaskDisplayArea@132377661 display-id=0 task-display-area-windowing-mode=1 suggested-display-area=DefaultTaskDisplayArea@132377661 non-freeform-task-display-area display-area=DefaultTaskDisplayArea@132377661 skip-bounds-fullscreen
05-10 23:46:53.001  1427  1467 D WorkspaceItemProcessor: valid target true, marking restored: bin.mt.plus, itemType=0, restoreFlag=0
05-10 23:46:53.004   819  1071 V WindowManager: DesktopModeLaunchParamsModifier: phase= 3 task=Task{ec45c5 #46 type=standard A=10232:com.astrixforge.devicemasker.verifier} activity=ActivityRecord{253232188 u0 com.astrixforge.devicemasker.verifier/.VerifierActivity t-1} display-from-task=0 display-id=0 task-display-area-windowing-mode=1 suggested-display-area=DefaultTaskDisplayArea@132377661 not entering desktop mode, skipping
05-10 23:46:53.005   819  1071 V WindowManager: TaskLaunchParamsModifier:phase=3 task=Task{ec45c5 #46 type=standard A=10232:com.astrixforge.devicemasker.verifier} activity=ActivityRecord{253232188 u0 com.astrixforge.devicemasker.verifier/.VerifierActivity t-1} display-from-task=0 display-id=0 task-display-area-windowing-mode=1 suggested-display-area=DefaultTaskDisplayArea@132377661 inherit-from-task=fullscreen non-freeform-task-display-area display-area=DefaultTaskDisplayArea@132377661 skip-bounds-fullscreen
05-10 23:46:53.006   819   969 W Looper  : Drained
05-10 23:46:53.015   819  1122 D WifiNetworkAgent: NetworkAgent: NetworkAgent channel lost
05-10 23:46:53.015   819  1122 I WifiService: Receive onDriverCountryCodeChanged to US, update available channel list
05-10 23:46:53.019  2300  2300 V GraphicsEnvironment: Currently set values for:
05-10 23:46:53.019  2300  2300 V GraphicsEnvironment:   angle_gl_driver_selection_pkgs=[]
05-10 23:46:53.019  2300  2300 V GraphicsEnvironment:   angle_gl_driver_selection_values=[]
05-10 23:46:53.019  2300  2300 V GraphicsEnvironment: com.google.android.googlequicksearchbox is not listed in per-application setting
05-10 23:46:53.020  2300  2300 V GraphicsEnvironment: ANGLE allowlist from config: com.dreamgames.royalmatch com.dts.freefiremax com.dxx.firenow com.gramgames.mergedragons com.ludo.king com.mojang.minecraftpe com.my.defense com.nintendo.zaka com.os.airforce com.playrix.fishdomdd.gplay io.teslatech.callbreak jp.konami.prospia net.peakgames.toonblast
05-10 23:46:53.020  2300  2300 V GraphicsEnvironment: No special selections for ANGLE, returning default driver choice
05-10 23:46:53.020  2300  2300 V GraphicsEnvironment: Neither updatable production driver nor prerelease driver is supported.
05-10 23:46:53.023   819  1071 I ActivityTaskManager: START u0 {act=android.intent.action.MAIN cat=[android.intent.category.LAUNCHER] flg=0x10200000 cmp=com.astrixforge.devicemasker.verifier/.VerifierActivity} with LAUNCH_MULTIPLE from uid 2000 (com.android.shell) (BAL_ALLOW_PERMISSION) result code=0
05-10 23:46:53.023   819  1122 E WifiChipAidlImpl: getUsableChannels failed with service-specific exception: android.os.ServiceSpecificException:  (code 4)
05-10 23:46:53.024  2321  2321 I Monkey  : Events injected: 1
05-10 23:46:53.025   819  1042 D CompatChangeReporter: Compat change id reported: 377864165; UID 10232; state: ENABLED
05-10 23:46:53.029  2089  2220 I Icing   : IndexChimeraService.getServiceInterface callingPackage=com.google.android.gms componentName=ContactsIndexer serviceId=33
05-10 23:46:53.030   819  1122 E AppOps  : attributionTag UwbCountryCode not declared in manifest of android
05-10 23:46:53.032   819  1122 I WifiManager: OnDriverCountryCodeChangedProxy: receive onDriverCountryCodeChanged: US
05-10 23:46:53.033   819  1122 I WifiManager: OnDriverCountryCodeChangedProxy: receive onDriverCountryCodeChanged: US
05-10 23:46:53.041  1584  1905 I SystemMemoryMap: (REDACTED) [sleepsegment] serialization complete (extras/values=%.2f/%.2fkb)
05-10 23:46:53.033   819  1214 D UwbCountryCode: Set wifi country code to: US
05-10 23:46:53.049   819  1214 I UwbCountryCode: Ignoring already set country code: US
05-10 23:46:53.049   819  1122 V ThreadNetwork: [CountryCode] VERBOSE Wifi country code is changed to US
05-10 23:46:53.049   819  1122 I ThreadNetwork: [CountryCode] Ignoring already set country code us
05-10 23:46:53.061   819   819 W Looper  : Slow dispatch took 122ms main app=system_server main=true group=FOREGROUND h=android.os.Handler c=android.app.LoadedApk$ReceiverDispatcher$Args$$ExternalSyntheticLambda0@d7623c3 m=0
05-10 23:46:53.086   819   971 V GrammaticalInflectionUtils: AttributionSource: android.content.AttributionSource@d49a98d9 does not have READ_SYSTEM_GRAMMATICAL_GENDER permission.
05-10 23:46:53.093  1427  1467 D WorkspaceItemProcessor: valid target true, marking restored: com.astrixforge.devicemasker, itemType=0, restoreFlag=0
05-10 23:46:53.105  1771  2351 I SuperpacksManagerImpl: SuperpacksManagerImpl.initializeInternal():473 initializeInternal()
05-10 23:46:53.114   819   971 W ActivityManager: Slow operation: 76ms so far, now at startProcess: done starting proc!
05-10 23:46:53.114  1771  1771 W NotificationCenter: NotificationCenter$NotificationQueue.notifyPendingNotificationsOnExecutor():877 Heavy notify work detected on UI thread: [moh->mog] takes 119ms
05-10 23:46:53.131  1427  1427 I NotificationListener: onListenerConnected
05-10 23:46:53.162  1238  1238 D StorageNotification: Notifying about public volume: VolumeInfo{public:253,80}:
05-10 23:46:53.162  1238  1238 D StorageNotification:     type=PUBLIC diskId=disk:253,80 partGuid= mountFlags=VISIBLE_FOR_WRITE 
05-10 23:46:53.162  1238  1238 D StorageNotification:     mountUserId=0 state=MOUNTED 
05-10 23:46:53.162  1238  1238 D StorageNotification:     fsType=vfat fsUuid=0000-0000 fsLabel=SDCARD 
05-10 23:46:53.162  1238  1238 D StorageNotification:     path=/storage/0000-0000 internalPath=/mnt/media_rw/0000-0000 
05-10 23:46:53.164   567   567 D Zygote  : Forked child process 2353
05-10 23:46:53.171  1427  1427 D NexusLauncherModelDelegate: notifySmartspaceEvent: SmartspaceTargetEvent{mSmartspaceTarget=SmartspaceTarget{mSmartspaceTargetId='date_card_794317_92634', mHeaderAction=null, mBaseAction=null, mCreationTimeMillis=0, mExpiryTimeMillis=0, mScore=0.0, mActionChips=[], mIconGrid=[], mFeatureType=1, mSensitive=false, mShouldShowExpanded=false, mSourceNotificationKey='null', mComponentName=ComponentInfo{com.google.android.apps.nexuslauncher/w7.d0}, mUserHandle=UserHandle{0}, mAssociatedSmartspaceTargetId='null', mSliceUri=null, mWidget=null, mTemplateData=BaseTemplateData{mTemplateType=1, mPrimaryItem=null, mSubtitleItem=null, mSubtitleSupplementalItem=null, mSupplementalLineItem=null, mSupplementalAlarmItem=null, mLayoutWeight=0}, mRemoteViews=null}, mSmartspaceActionId='null', mEventType=8}
05-10 23:46:53.172   819   979 W ActivityManager: Slow operation: 85ms so far, now at startProcess: returned from zygote!
05-10 23:46:53.172   819   979 W ActivityManager: Slow operation: 86ms so far, now at startProcess: done updating battery stats
05-10 23:46:53.172   819   979 W ActivityManager: Slow operation: 86ms so far, now at startProcess: building log message
05-10 23:46:53.173   819   979 I ActivityManager: Start proc 2353:com.astrixforge.devicemasker.verifier/u0a232 for next-top-activity {com.astrixforge.devicemasker.verifier/com.astrixforge.devicemasker.verifier.VerifierActivity}
05-10 23:46:53.173   819   979 W ActivityManager: Slow operation: 86ms so far, now at startProcess: starting to update pids map
05-10 23:46:53.179   819   979 W ActivityManager: Slow operation: 93ms so far, now at startProcess: done updating pids map
05-10 23:46:53.181  1427  1427 D TouchInteractionService: onBind: user=0 instance=138592066
05-10 23:46:53.185  1238  1252 I HWUI    : Davey! duration=3279ms; Flags=0, FrameTimelineVsyncId=3705, IntendedVsync=69482360276, Vsync=72565693486, InputEventId=0, HandleInputStart=72579535700, AnimationStart=72579558800, PerformTraversalsStart=72670510500, DrawStart=72716051900, FrameDeadline=69499026942, FrameStartTime=72579037000, FrameInterval=16666666, WorkloadTarget=16666666, SyncQueued=72716359800, SyncStart=72724749500, IssueDrawCommandsStart=72728195200, SwapBuffers=72728591300, FrameCompleted=72770503900, DequeueBufferDuration=27200, QueueBufferDuration=3234400, GpuCompleted=72770309500, SwapBuffersCompleted=72770503900, DisplayPresentTime=0, CommandSubmissionCompleted=72728591300, 
05-10 23:46:53.186  1238  1238 D BiometricsRepositoryImpl: currentUser authFlags changed, new value: AuthenticationFlags(userId=0, flag=0)
05-10 23:46:53.189  1238  1238 D BiometricsRepositoryImpl: currentUser authFlags changed, new value: AuthenticationFlags(userId=0, flag=0)
05-10 23:46:53.202  1771  1771 I DeviceModeModule: DeviceModeModule.calculateAndNotify():198 Window metrics is not available, fallback to app context.
05-10 23:46:53.241  1427  1427 D InputMonitorCompat: Input event receiver for monitor (minus-one-disp0) disposed
05-10 23:46:53.241  1427  1427 D InputMonitorCompat: Input monitor (minus-one-disp0) disposed
05-10 23:46:53.248  1427  1427 D TaskbarManager: onConfigurationChanged: {1.0 310mcc260mnc [en_US] ldltr sw448dp w448dp h997dp 480dpi nrml long compactNeeded port night finger qwerty/v/v dpad/v winConfig={ mBounds=Rect(0, 0 - 1344, 2992) mAppBounds=Rect(0, 0 - 1344, 2992) mMaxBounds=Rect(0, 0 - 1344, 2992) mDisplayRotation=ROTATION_0 mWindowingMode=fullscreen mActivityType=undefined mAlwaysOnTop=undefined mRotation=ROTATION_0} as.3 s.41 fontWeightAdjustment=0} displayId=0 isDefaultDisplay=true
05-10 23:46:53.248  1427  1427 D TaskbarManager: onConfigurationChanged: | configDiff={} displayId=0 isDefaultDisplay=true
05-10 23:46:53.248  1427  1427 D TaskbarManager: onConfigurationChanged: isTaskbarEnabled(dp)=True displayId=0 isDefaultDisplay=true
05-10 23:46:53.248  1427  1427 D TaskbarManager: onConfigurationChanged: call recreateTaskbars displayId=0 isDefaultDisplay=true
05-10 23:46:53.248  1427  1427 D TaskbarManager: recreateTaskbarForDisplay:  displayId=0 isDefaultDisplay=true
05-10 23:46:53.248  1427  1427 D TaskbarManager: recreateTaskbarForDisplay: getting device profile displayId=0 isDefaultDisplay=true
05-10 23:46:53.248  1427  1427 D TaskbarManager: recreateTaskbarForDisplay: destroying taskbar displayId=0 isDefaultDisplay=true
05-10 23:46:53.248  1427  1427 D TaskbarManager: destroyTaskbarForDisplay displayId=0 isDefaultDisplay=true
05-10 23:46:53.249  1427  1427 W LoaderTask: stopLocked: Loader stopping
05-10 23:46:53.250  1427  1427 V HandoffSuggestionMetadataLoader: cancelPendingLoads
05-10 23:46:53.250  1427  1427 V HandoffSuggestionList: Clearing Handoff suggestions.
05-10 23:46:53.250  1427  1427 D TaskbarManager: recreateTaskbarForDisplay: isTaskbarEnabled=true [dp != null (i.e. mUserUnlocked)]=true dp.isTaskbarPresent=false isTaskbarEnabled=true displayExists=true displayId=0 isDefaultDisplay=true
05-10 23:46:53.250  1427  1427 D TaskbarManager: recreateTaskbarForDisplay: creating taskbar displayId=0 isDefaultDisplay=true
05-10 23:46:53.251  1427  1467 D WorkspaceItemProcessor: valid target true, marking restored: flar2.devcheck, itemType=0, restoreFlag=0
05-10 23:46:53.276  1771  1771 I DeviceModeModule: DeviceModeModule.calculateAndNotify():225 Device mode 'phone' from display metrics 'DisplayMetrics{density=0.0, width=1344, height=2992, scaledDensity=0.0, xdpi=480.0, ydpi=480.0}' or smallestScreenWidthDp: 448
05-10 23:46:53.293  1771  1771 I InputMethodEntryManager: InputMethodEntryManager.resetLanguages():2745 resetLanguages(): languages=null, conditionName=device
05-10 23:46:53.294   819  1063 W WindowManager: Deferred transition id=5 has been continued before the TaskFragmentTransaction=android.os.Binder@d06ac13 is finished
05-10 23:46:53.295   819  1063 W Transition: #%d: Condition met too late, already in state=4: {task-fragment transaction:TaskFragmentTransaction{token=android.os.Binder@d06ac13 changes=[Change{ type=4 },Change{ type=1 }]}IGNORED}
05-10 23:46:53.312  2300  2300 D ProcessLifecycleG3: androidx.startup is not available, initializing using ProcessLifecycleOwnerInitializer instead.
05-10 23:46:53.315  1771  1771 I ImeDefCache: ImeDefCache.clearCacheForLanguages():384 clearCacheForLanguages(): []
05-10 23:46:53.315  1771  1771 I AdditionalImeDefCache: AdditionalImeDefCache.clearAdditionalImeDefsForCondition():425 clearAdditionalImeDefsForCondition() clear additional ImeDefs: []
05-10 23:46:53.315  1771  1771 I InputMethodEntryManager: InputMethodEntryManager.resetLanguages():2756 Clear cache for languages: null, changed=false
05-10 23:46:53.316  1771  1771 W NotificationCenter: NotificationCenter$NotificationQueue.notifyPendingNotificationsOnExecutor():877 Heavy notify work detected on UI thread: [ksn->pfc] takes 23ms
05-10 23:46:53.327  1417  1417 I Telephony: isRttCurrentlySupported -- regular acct, hasVoiceAvailability: false
05-10 23:46:53.327  1417  1417 I Telephony:  isRttSupported: false
05-10 23:46:53.327  1417  1417 I Telephony:  alwaysAllowWhileRoaming: false
05-10 23:46:53.327  1417  1417 I Telephony:  isRoaming: false
05-10 23:46:53.327  1417  1417 I Telephony:  isOnWfc: false
05-10 23:46:53.345  1366  1389 D UpstreamNetworkMonitor: Lost default Internet network: 100
05-10 23:46:53.346  2321  2321 I Monkey  : ## Network stats: elapsed time=258ms (0ms mobile, 0ms wifi, 258ms not connected)
05-10 23:46:53.349  2321  2321 I app_process: System.exit called, status: 0
05-10 23:46:53.349  2321  2321 I AndroidRuntime: VM exiting with result code 0.
05-10 23:46:53.356  1584  1584 D BoundBrokerSvc: onBind: Intent { act=com.google.android.gms.clearcut.service.START xflg=0x4 pkg=com.google.android.gms }
05-10 23:46:53.356  1584  1584 D BoundBrokerSvc: Loading bound service for intent: Intent { act=com.google.android.gms.clearcut.service.START xflg=0x4 pkg=com.google.android.gms }
05-10 23:46:53.339  1771  1771 W NotificationCenter: NotificationCenter$NotificationQueue.notifyPendingNotificationsOnExecutor():877 Heavy notify work detected on UI thread: [nfs->ksr] takes 137ms
05-10 23:46:53.357  1427  1467 D LoaderTask: loadWorkspace finished
05-10 23:46:53.359  1238  1238 D BiometricsRepositoryImpl: currentUser authFlags changed, new value: AuthenticationFlags(userId=0, flag=0)
05-10 23:46:53.359  1238  1238 D BiometricsRepositoryImpl: currentUser authFlags changed, new value: AuthenticationFlags(userId=0, flag=0)
05-10 23:46:53.359  1238  1238 D BiometricsRepositoryImpl: currentUser authFlags changed, new value: AuthenticationFlags(userId=0, flag=0)
05-10 23:46:53.359  1238  1346 D BiometricsRepositoryImpl: currentUser authFlags changed, new value: AuthenticationFlags(userId=0, flag=0)
05-10 23:46:53.359  1238  1345 D BiometricsRepositoryImpl: currentUser authFlags changed, new value: AuthenticationFlags(userId=0, flag=0)
05-10 23:46:53.359  1238  1345 D BiometricsRepositoryImpl: currentUser authFlags changed, new value: AuthenticationFlags(userId=0, flag=0)
05-10 23:46:53.359  1238  1343 D BiometricsRepositoryImpl: currentUser authFlags changed, new value: AuthenticationFlags(userId=0, flag=0)
05-10 23:46:53.361  1238  1238 D BiometricsRepositoryImpl: currentUser authFlags changed, new value: AuthenticationFlags(userId=0, flag=0)
05-10 23:46:53.361  1238  1238 D BiometricsRepositoryImpl: currentUser authFlags changed, new value: AuthenticationFlags(userId=0, flag=0)
05-10 23:46:53.361  1238  1238 D BiometricsRepositoryImpl: onStrongAuthRequiredChanged for userId: 0, flag value: 0
05-10 23:46:53.363  1427  1467 W LoaderTask: LoaderTask cancelled
05-10 23:46:53.373  1427  1467 I PluginActionManager[com.android.systemui.action.PLUGIN_LAUNCHER_OVERLAY]: Found 0 plugins
05-10 23:46:53.377  1427  1467 I PluginActionManager[com.android.systemui.action.PLUGIN_BC_SMARTSPACE_DATA]: Found 0 plugins
05-10 23:46:53.380   819  1177 D BackgroundInstallControlService: Package event received: 0
05-10 23:46:53.385  1427  1467 I PluginActionManager[com.android.systemui.action.PLUGIN_ALL_APPS_ACTIONS]: Found 0 plugins
05-10 23:46:53.389   819   967 I GnssNetworkConnectivityHandler: Network connection lost. Available networks count: 0
05-10 23:46:53.390   819   967 I GnssNetworkConnectivityHandler: updateNetworkState, state=CLOSED, connected=false, network=100, capabilityFlags=3, availableNetworkCount: 0
05-10 23:46:53.393  1427  1467 I GridSizeMigrationDBController: Migration is not needed. destDeviceState: DeviceGridState{mGridSizeString='4,6', mNumHotseat=4, mDeviceType=0, mDbFile=launcher_4_by_6.db}, srcDeviceState: DeviceGridState{mGridSizeString='4,6', mNumHotseat=4, mDeviceType=0, mDbFile=launcher_4_by_6.db}
05-10 23:46:53.393  1427  1467 D ModelDbController: isGridMigrationNecessary: no grid migration needed
05-10 23:46:53.397  1417  1548 D SatelliteController: EVENT_WIFI_CONNECTIVITY_STATE_CHANGED: mIsWifiConnected=false
05-10 23:46:53.397  1417  1548 E SatelliteController: registerForSatelliteCommunicationAccessStateChanged: SatelliteManager is null
05-10 23:46:53.397  1417  1548 D SatelliteController: isCarrierRoamingNtnEligible: satellite access is not allowed
05-10 23:46:53.397  1417  1548 D SatelliteController: evaluateCarrierRoamingNtnEligibilityChange: isCarrierRoamingNtnEligible=false
05-10 23:46:53.397  1417  1548 D SatelliteController: getSelectedSatelliteSubId: subId=-1
05-10 23:46:53.397  1417  1548 D SatelliteController: notifyNtnEligibility: phoneId=0 currentNtnEligibility=false
05-10 23:46:53.398  1238  1287 D ShellDesktopMode: DesktopRepository: Removes freeform task: taskId=45
05-10 23:46:53.400  1238  1287 W ShellDesktopMode: DesktopRepository: No display id found for task: taskId=45
05-10 23:46:53.409   819  1065 V GrammaticalInflectionUtils: AttributionSource: android.content.AttributionSource@3cbb4992 does not have READ_SYSTEM_GRAMMATICAL_GENDER permission.
05-10 23:46:53.412  1427  1467 I GridSizeMigrationDBController: Migration is not needed. destDeviceState: DeviceGridState{mGridSizeString='4,6', mNumHotseat=4, mDeviceType=0, mDbFile=launcher_4_by_6.db}, srcDeviceState: DeviceGridState{mGridSizeString='4,6', mNumHotseat=4, mDeviceType=0, mDbFile=launcher_4_by_6.db}
05-10 23:46:53.418  1427  1467 D LoaderTask: loadWorkspace: loading default favorites if necessary
05-10 23:46:53.418  1427  1467 D LoaderTask: loadWorkspace: Packages with active install/update sessions: []
05-10 23:46:53.424   819  1065 W ActivityManager: Slow operation: 53ms so far, now at startProcess: done creating new process record
05-10 23:46:53.426  1427  1467 D LoaderTask: No pinned shortcuts found for user UserHandle{0}
05-10 23:46:53.443   819  1065 W ActivityManager: Slow operation: 71ms so far, now at startProcess: stepping in to startProcess
05-10 23:46:53.443  1584  1686 I SystemMemoryMap: (REDACTED) [activitytransition] serialization complete (extras/values=%.2f/%.2fkb)
05-10 23:46:53.447  1427  1467 D WorkspaceItemProcessor: valid target true, marking restored: com.google.android.dialer, itemType=0, restoreFlag=0
05-10 23:46:53.449   819  1065 W ActivityManager: Slow operation: 79ms so far, now at startProcess: done starting proc!
05-10 23:46:53.454  1427  1467 D WorkspaceItemProcessor: valid target true, marking restored: com.google.android.apps.messaging, itemType=0, restoreFlag=0
05-10 23:46:53.468   819  1079 I EventHub: Removing device Monkey touch due to epoll hang-up event.
05-10 23:46:53.468   819  1079 I EventHub: Removed device: path=/dev/input/event14 name=Monkey touch id=15 fd=631 classes=TOUCH | TOUCH_MT
05-10 23:46:53.473   819  1130 D ConnectivityService: Sending DISCONNECTED broadcast for type 1 [100 WIFI] isDefaultNetwork=true
05-10 23:46:53.481  2353  2353 I Zygote  : Process 2353 created for com.astrixforge.devicemasker.verifier
05-10 23:46:53.482   819  1130 W ContextImpl: Calling a method in the system process without a qualified user: android.app.ContextImpl.sendStickyBroadcast:1758 android.net.connectivity.com.android.server.ConnectivityService.sendStickyBroadcast:4377 android.net.connectivity.com.android.server.ConnectivityService.sendLegacyNetworkBroadcast:13241 android.net.connectivity.com.android.server.ConnectivityService$LegacyTypeTracker.remove:1410 android.net.connectivity.com.android.server.ConnectivityService$LegacyTypeTracker.remove:1427 
05-10 23:46:53.483  2353  2353 I masker.verifier: Late-enabling -Xcheck:jni
05-10 23:46:53.484   567   567 D Zygote  : Forked child process 2362
05-10 23:46:53.489   819   979 I ActivityManager: Start proc 2362:com.google.android.as.oss/u0a143 for service {com.google.android.as.oss/com.google.android.apps.miphone.astrea.grpc.AstreaGrpcService}
05-10 23:46:53.514  2362  2362 I Zygote  : Process 2362 created for com.google.android.as.oss
05-10 23:46:53.514  2362  2362 I .android.as.oss: Using CollectorTypeCC GC.
05-10 23:46:53.515  2362  2362 W .android.as.oss: Unexpected CPU variant for x86: x86_64.
05-10 23:46:53.515  2362  2362 W .android.as.oss: Known variants: atom, sandybridge, silvermont, goldmont, goldmont-plus, goldmont-without-sha-xsaves, tremont, kabylake, alderlake, default
05-10 23:46:53.534  1427  1467 D WorkspaceItemProcessor: valid target true, marking restored: com.android.chrome, itemType=0, restoreFlag=0
05-10 23:46:53.536  2362  2362 W libbinder.BackendUnifiedServiceManager: Thread Pool max thread count is 0. Cannot cache binder as linkToDeath cannot be implemented. serviceName: activity
05-10 23:46:53.556   819   979 W ActivityManager: Slow operation: 113ms so far, now at startProcess: done updating pids map
05-10 23:46:53.556  2353  2353 I masker.verifier: Using CollectorTypeCC GC.
05-10 23:46:53.557  2353  2353 W masker.verifier: Unexpected CPU variant for x86: x86_64.
05-10 23:46:53.557  2353  2353 W masker.verifier: Known variants: atom, sandybridge, silvermont, goldmont, goldmont-plus, goldmont-without-sha-xsaves, tremont, kabylake, alderlake, default
05-10 23:46:53.562   819   971 W ActivityTaskManager: Activity top resumed state loss timeout for ActivityRecord{82954838 u0 com.google.android.apps.nexuslauncher/.NexusLauncherActivity t5}
05-10 23:46:53.567   669   688 I adbd    : jdwp connection from 2353
05-10 23:46:53.583   819   971 W ActivityTaskManager: Activity pause timeout for ActivityRecord{82954838 u0 com.google.android.apps.nexuslauncher/.NexusLauncherActivity t5}
05-10 23:46:53.587  1821  1925 D SyncWorkManager: EndlessWorker has been enqueued
05-10 23:46:53.589  2353  2353 W libbinder.BackendUnifiedServiceManager: Thread Pool max thread count is 0. Cannot cache binder as linkToDeath cannot be implemented. serviceName: activity
05-10 23:46:53.600  1584  1659 I SystemMemoryMap: (REDACTED) [activityrecognition] serialization complete (extras/values=%.2f/%.2fkb)
05-10 23:46:53.608   819  1079 I InputReader: Device removed: id=15, eventHubId=15, name='Monkey touch', descriptor='e1fe28b90f915c7d1febbd52c1ef84b3c4cbed9f', sources=TOUCHSCREEN
05-10 23:46:53.624   819  1079 I EventHub: Removing device '/dev/input/event14' due to inotify event
05-10 23:46:53.649  1839  2320 I TrainerClient: Preparing to schedule training for population:aiai/playstore/pecanconversationsessionevents session_name:pecanconversationsessionevents
05-10 23:46:53.651  1839  2320 I TrainerClient: Preparing to schedule training for population:aiai/playstore/pecanconversationthreadevents session_name:pecanconversationthreadevents
05-10 23:46:53.655  1839  2320 I TrainerClient: Preparing to schedule training for population:aiai/playstore/ambientcontext session_name:ambientcontext
05-10 23:46:53.656  1839  2320 I TrainerClient: Preparing to schedule training for population:aiai/playstore/pecanmessageevents session_name:pecanmessageevents
05-10 23:46:53.657  1839  2320 I TrainerClient: Preparing to schedule training for population:aiai/playstore/search session_name:search
05-10 23:46:53.659  1839  2320 I TrainerClient: Preparing to schedule training for population:aiai/playstore/pecansearchqueryevents session_name:pecansearchqueryevents
05-10 23:46:53.659  1839  2320 I TrainerClient: Preparing to schedule training for population:aiai/playstore/toastquery session_name:toastquery
05-10 23:46:53.665  1417  1417 I Telephony: TelecomAccountRegistry$AccountEntry: registerPstnPhoneAccount: Registering account=[[ ] PhoneAccount: ComponentInfo{com.android.phone/com.android.services.telephony.TelephonyConnectionService}, 1, UserHandle{0} Capabilities: CallProvider MultiUser PlaceEmerg SimSub  Audio Routes: BESW Schemes: tel voicemail  Extras: Bundle[{android.telecom.extra.SUPPORTS_VIDEO_CALLING_FALLBACK=true}] GroupId: *** SC Restrictions: [ ]] with Telecom. subId=1
05-10 23:46:53.671  1427  1467 D WorkspaceItemProcessor: valid target true, marking restored: com.android.vending, itemType=0, restoreFlag=0
05-10 23:46:53.671  1238  1287 V ShellDesktopMode: DesktopDisplayModeController: canDesktopFirstModeBeEnabledOnDefaultDisplay: isDefaultDisplayDesktopEligible=false
05-10 23:46:53.684  1427  1467 D WorkspaceItemProcessor: valid target true, marking restored: com.topjohnwu.magisk, itemType=0, restoreFlag=0
05-10 23:46:53.687  2362  2362 D nativeloader: Load libframework-connectivity-tiramisu-jni.so using APEX ns com_android_tethering for caller /apex/com.android.tethering/javalib/framework-connectivity-t.jar: ok
05-10 23:46:53.694   819  1177 D BackgroundInstallControlService: Package event received: 0
05-10 23:46:53.716  1238  1319 I Choreographer: Skipped 30 frames!  The application may be doing too much work on its main thread.
05-10 23:46:53.723  1427  1467 D WorkspaceItemProcessor: valid target true, marking restored: com.mantle.verify, itemType=0, restoreFlag=0
05-10 23:46:53.729   819  1063 I Telecom : TelecomServiceImpl$1: registerPhoneAccount: account=[[ ] PhoneAccount: ComponentInfo{com.android.phone/com.android.services.telephony.TelephonyConnectionService}, 1, UserHandle{0} Capabilities: CallProvider MultiUser PlaceEmerg SimSub  Audio Routes: BESW Schemes: tel voicemail  Extras: Bundle[{android.telecom.extra.SUPPORTS_VIDEO_CALLING_FALLBACK=true}] GroupId: *** SC Restrictions: [ ]]: TSI.rPA(cap)@ACc
05-10 23:46:53.730   819  1063 I Telecom : PhoneAccountRegistrar: Modify account: [ComponentInfo{com.android.phone/com.android.services.telephony.TelephonyConnectionService}, 1, UserHandle{0}]: TSI.rPA(cap)@ACc
05-10 23:46:53.742  1771  1771 I ShortcutKeyAvailableChecker: ShortcutKeyAvailableChecker.updateShortcutKeysBlocklist():66 ShortcutKeysBlocklist: 
05-10 23:46:53.751  1771  1771 W NotificationCenter: NotificationCenter$NotificationQueue.notifyPendingNotificationsOnExecutor():877 Heavy notify work detected on UI thread: [kaf->msb, kaf->msb, kaf->msb, nfs->dlp, ngc->msb, ngc->msb] takes 1004ms
05-10 23:46:53.764  1427  1467 D WorkspaceItemProcessor: valid target true, marking restored: io.github.a13e300.ksuwebui, itemType=0, restoreFlag=0
05-10 23:46:53.770  1427  1467 D WorkspaceItemProcessor: valid target true, marking restored: bin.mt.plus, itemType=0, restoreFlag=0
05-10 23:46:53.776  1427  1467 D WorkspaceItemProcessor: valid target true, marking restored: com.astrixforge.devicemasker, itemType=0, restoreFlag=0
05-10 23:46:53.783   819  1063 I Telecom : CallsManager: handlePhoneAccountChanged: phoneAccount=[[X] PhoneAccount: ComponentInfo{com.android.phone/com.android.services.telephony.TelephonyConnectionService}, 1, UserHandle{0} Capabilities: CallProvider MultiUser PlaceEmerg SimSub  Audio Routes: BESW Schemes: tel voicemail  Extras: Bundle[{android.telecom.extra.SUPPORTS_VIDEO_CALLING_FALLBACK=true}] GroupId: *** SC Restrictions: [ ]]: TSI.rPA(cap)@ACc
05-10 23:46:53.798  1839  1856 W ogle.android.as: Suspending all threads took: 37.063ms
05-10 23:46:53.807  2089  2282 I Icing   : Storage manager: low false usage 1.71MB avail 2.93GB capacity 5.80GB
05-10 23:46:53.824  1238  1238 D KeyguardViewMediator: onSimStateChanged(subId=-1, slotId=0,state=READY)
05-10 23:46:53.832  1771  2277 I BrellaConfigModule: BrellaConfigModule.onCreate():33 set BrellaInit fields for in-app training.
05-10 23:46:53.833  1771  1771 I PreferenceMigrator: PreferenceMigrator.doMigration():100 doMigration()
05-10 23:46:53.835  1238  1238 D KeyguardViewMediator: READY, reset state? false
05-10 23:46:53.835  1238  1238 W KeyguardUpdateMonitor: Null SimData for subscription: [SubscriptionInfo: id=1 iccId=898603186[****] simSlotIndex=0 portIndex=0 isEmbedded=false carrierId=1 displayName=T-Mobile carrierName=T-Mobile isOpportunistic=false groupUuid=null groupOwner= isGroupDisabled=false displayNameSource=CARRIER iconTint=-15181124 number=[****] dataRoaming=0 mcc=310 mnc=260 ehplmns=[] hplmns=[] cardString=898603186[****] cardId=0 nativeAccessRules=null carrierConfigAccessRules=[cert: 92B5F8117FBD9BD5738FF168A4FA12CBE284BE834EDE1A7BB44DD8455BA15920 pkg: com.tmobile.rsuapp access: 0, cert: 92B5F8117FBD9BD5738FF168A4FA12CBE284BE834EDE1A7BB44DD8455BA15920 pkg: com.tmobile.echolocate access: 0, cert: 92B5F8117FBD9BD5738FF168A4FA12CBE284BE834EDE1A7BB44DD8455BA15920 pkg: com.tmobile.services.nameid access: 0, cert: 92B5F8117FBD9BD5738FF168A4FA12CBE284BE834EDE1A7BB44DD8455BA15920 pkg: com.tmobile.pr.mytmobile access: 0, cert: 92B5F8117FBD9BD5738FF168A4FA12CBE284BE834EDE1A7BB44DD8455BA15920 pkg: com.tmobile.vvm.application access: 0, cert: 3D1A4BEF6EE7AF7D34D120E7B1AAC0DD245585DE6237CF100F68333AFACFF562 pkg: com.tmobile.rsuapp access: 0, cert: 3D1A4BEF6EE7AF7D34D120E7B1AAC0DD245585DE6237CF100F68333AFACFF562 pkg: com.tmobile.echolocate access: 0, cert: 3D1A4BEF6EE7AF7D34D120E7B1AAC0DD245585DE6237CF100F68333AFACFF562 pkg: com.tmobile.services.nameid access: 0, cert: 3D1A4BEF6EE7AF7D34D120E7B1AAC0DD245585DE6237CF100F68333AFACFF562 pkg: com.tmobile.pr.mytmobile access: 0, cert: 3D1A4BEF6EE7AF7D34D120E7B1AAC0DD245585DE6237CF100F68333AFACFF562 pkg: com.tmobile.vvm.application access: 0, cert: 6892793FC413019D2DF609DFED7AF622D0F2D8FCF96EFA7E3FB87EEA34E10B93 pkg: com.tmobile.rsuapp access: 0, cert: 6892793FC413019D2DF609DFED7AF622D0F2D8FCF96EFA7E3FB87EEA34E10B93 pkg: com.tmobile.echolocate access: 0, cert: 6892793FC413019D2DF609DFED7AF622D0F2D8FCF96EFA7E3FB87EEA34E10B93 pkg: com.tmobile.services.nameid access: 0, cert: 6892793FC413019D2DF609DFED7AF622D0F2D8FCF96EFA7E3FB87EEA34E10B93 pkg: com.tmobile.pr.mytmobile access: 0, cert: 6892793FC413019D2DF609DFED7AF622D0F2D8FCF96EFA7E3FB87EEA34E10B93 pkg: com.tmobile.vvm.application access: 0, cert: 7B68FD9D4E7610C9CB35FC0C6CC06EA04C6906E3DFA9F48F9A05460AF36BFFFC pkg: com.tmobile.rsuapp access: 0, cert: 7B68FD9D4E7610C9CB35FC0C6CC06EA04C6906E3DFA9F48F9A05460AF36BFFFC pkg: com.tmobile.echolocate access: 0, cert: 7B68FD9D4E7610C9CB35FC0C6CC06EA04C6906E3DFA9F48F9A05460AF36BFFFC pkg: com.tmobile.services.nameid access: 0, cert: 7B68FD9D4E7610C9CB35FC0C6CC06EA04C6906E3DFA9F48F9A05460AF36BFFFC pkg: com.tmobile.pr.mytmobile access: 0, cert: 7B68FD9D4E7610C9CB35FC0C6CC06EA04C6906E3DFA9F48F9A05460AF36BFFFC pkg: com.tmobile.vvm.application access: 0] countryIso=us profileClass=-1 mType=LOCAL_SIM areUiccApplicationsEnabled=true usageSetting=DEFAULT isOnlyNonTerrestrialNetwork=false serviceCapabilities=[1, 2, 3] transferStatus=0 isSatelliteESOSSupported=false]
05-10 23:46:53.839  1427  1467 D WorkspaceItemProcessor: valid target true, marking restored: flar2.devcheck, itemType=0, restoreFlag=0
05-10 23:46:53.849  2089  2282 D nativeloader: Load /data/app/~~em-llHnbHeAdY5FPGm8Mqw==/com.google.android.gms-lWVGrzs1EuVD9fPAhTnXzA==/base.apk!/lib/x86_64/libAppDataSearch.so using class loader ns clns-10 (caller=/data/app/~~em-llHnbHeAdY5FPGm8Mqw==/com.google.android.gms-lWVGrzs1EuVD9fPAhTnXzA==/base.apk): ok
05-10 23:46:53.857  2089  2282 W native  : W0000 00:00:1778437013.857555    2282 model-utils.cc:17] No CRC32, most likely an old model; skip CRC32 check
05-10 23:46:53.860  1771  1771 I ThemePreferenceMigrationUtil: ThemePreferenceMigrationUtil.doMigration():19 doMigration.
05-10 23:46:53.861  2089  2282 I native  : I0000 00:00:1778437013.861472    2282 permission-checker.cc:82] Creating PermissionChecker based on ACL with config_version 1 having 9 permissions defined.
05-10 23:46:53.863  2089  2282 W native  : W0000 00:00:1778437013.863319    2282 words-map.cc:34] INVALID_ARGUMENT: Empty URI
05-10 23:46:53.863  2089  2282 W native  : W0000 00:00:1778437013.863430    2282 words-map.cc:38] WordsMap was not properly initialized
05-10 23:46:53.880   819   911 W system_server: Suspending all threads took: 44.134ms
05-10 23:46:53.899  1839  1839 D nativeloader: Load /product/priv-app/DevicePersonalizationPrebuiltPixel2021-playstore_aiai_20250306.00_RC10/DevicePersonalizationPrebuiltPixel2021-playstore_aiai_20250306.00_RC10.apk!/lib/x86_64/libaiai_native.so using class loader ns product-clns-9 (caller=/product/priv-app/DevicePersonalizationPrebuiltPixel2021-playstore_aiai_20250306.00_RC10/DevicePersonalizationPrebuiltPixel2021-playstore_aiai_20250306.00_RC10.apk!classes2.dex): ok
05-10 23:46:53.909   658   673 I libbinder.BpBinder: onLastStrongRef automatically unlinking death recipients for descriptor: '(not cached)'
05-10 23:46:53.917  1238  1287 V ShellDesktopMode: DesktopDisplayEventHandler: createDefaultDesksIfNeeded displays=[] userId=null
05-10 23:46:53.922  2353  2353 W masker.verifier: Attempt to remove non-JNI local reference
05-10 23:46:53.928  1238  1238 D KeyguardViewMediator: onSimStateChanged(subId=1, slotId=0,state=READY)
05-10 23:46:53.932  1238  1238 D KeyguardViewMediator: READY, reset state? false
05-10 23:46:53.934   819  1078 W system_server: Weak pointer dereference blocked for 12 milliseconds.
05-10 23:46:53.935  1771  2351 I SuperpacksManagerImpl: SuperpacksManagerImpl.initializeInternal():530 Switched background task scheduler: false
05-10 23:46:53.936  1238  1238 D ShadeStateTraceLogger: New configuration change from Shade window. smallestScreenWidthDp: 448, densityDpi: 480
05-10 23:46:53.938   819   969 W system_server: Weak pointer dereference blocked for 56 milliseconds.
05-10 23:46:53.938   819   916 W system_server: Weak pointer dereference blocked for 36 milliseconds.
05-10 23:46:53.940   819  2115 W system_server: Weak pointer dereference blocked for 37 milliseconds.
05-10 23:46:53.940   819  1064 W system_server: Weak pointer dereference blocked for 15 milliseconds.
05-10 23:46:53.941   819  1061 W system_server: Weak pointer dereference blocked for 40 milliseconds.
05-10 23:46:53.942  1821  1925 I SyncWorkManager: Scheduling periodic proactive syncs
05-10 23:46:53.942   819  1063 W system_server: Weak pointer dereference blocked for 42 milliseconds.
05-10 23:46:53.943   819  1065 W system_server: Weak pointer dereference blocked for 18 milliseconds.
05-10 23:46:53.943  1771  2351 I WorkManagerHelper: WorkManagerHelper.getWorkManager():97 WorkManager is requested before user unlocked.
05-10 23:46:53.946  1238  1252 I HWUI    : Davey! duration=713ms; Flags=1, FrameTimelineVsyncId=4572, IntendedVsync=72832360142, Vsync=72849026808, InputEventId=0, HandleInputStart=72854816500, AnimationStart=72854842500, PerformTraversalsStart=72854944300, DrawStart=73214870300, FrameDeadline=72849026808, FrameStartTime=72854107600, FrameInterval=16666666, WorkloadTarget=16666666, SyncQueued=73215093100, SyncStart=73231824900, IssueDrawCommandsStart=73242716600, SwapBuffers=73288965400, FrameCompleted=73562672200, DequeueBufferDuration=41500, QueueBufferDuration=490500, GpuCompleted=73562672200, SwapBuffersCompleted=73316421300, DisplayPresentTime=32088645568823406, CommandSubmissionCompleted=73288965400, 
05-10 23:46:53.947  2353  2353 W masker.verifier: Suspending all threads took: 7.084ms
05-10 23:46:53.957   819  1063 I Telecom : PhoneAccountRegistrar: getSimCallManager: SimCallManager for subId 1 queried, returning: null: TSI.rPA(cap)@ACc
05-10 23:46:53.971   819  1063 I Telecom : PhoneAccountRegistrar: Notifying telephony of voice service override change for 1 SIMs, hasService = false: TSI.rPA(cap)@ACc
05-10 23:46:53.976  1427  1467 D WorkspaceItemProcessor: valid target true, marking restored: com.astrixforge.devicemasker.verifier, itemType=0, restoreFlag=0
05-10 23:46:53.988  1417  1417 I PhoneInterfaceManager: setVoiceServiceStateOverride: subId=1, phone=Handler (com.android.internal.telephony.GsmCdmaPhone) {9a2b9b}, hasService=false, callingPackage=com.android.server.telecom
05-10 23:46:53.990  1427  1467 I Launcher.IconCache: Database bulk icon loading failed, using fallback bulk icon loading for: ComponentInfo{com.astrixforge.devicemasker.verifier/com.astrixforge.devicemasker.verifier.VerifierActivity}
05-10 23:46:53.997  1238  1365 D Bubbles : handleKeyguardOrDreamChange isUnlockedShade=true keyguardShowing=false dreamingOrInPreview=false
05-10 23:46:53.997   819  1130 D ConnectivityService: Switching to new default network for: uid/pid:1000/819 activeRequest: null callbackRequest: 13 [NetworkRequest [ TRACK_DEFAULT id=13, [ Capabilities: INTERNET&NOT_RESTRICTED&TRUSTED&NOT_VPN&NOT_VCN_MANAGED&NOT_BANDWIDTH_CONSTRAINED Uids: <{10154-10154, 10155-10155, 10166-10166}> RequestorUid: 1000 RequestorPkg: android UnderlyingNetworks: Null] ], NetworkRequest [ REQUEST id=14, [ Transports: SATELLITE Capabilities: INTERNET&NOT_RESTRICTED&TRUSTED&NOT_VPN&NOT_VCN_MANAGED Uids: <{10154-10154, 10155-10155, 10166-10166}> UnderlyingNetworks: Null] ]] callback flags: 0 order: 40 isUidTracked: false declaredMethods: NONE using NetworkAgentInfo{network{52}  handle{226743996429}  ni{ IDLE} created=2026-05-10T18:16:25.794Z Score(Policies :  ; KeepConnected : 0)   lp{{LinkAddresses: [ ] DnsAddresses: [ ] Domains: null MTU: 0 Routes: [ ]}}  nc{[ Capabilities: NOT_RESTRICTED&TRUSTED&NOT_VPN&NOT_BANDWIDTH_CONSTRAINED UnderlyingNetworks: Null]}  factorySerialNumber=0}
05-10 23:46:53.998  1427  1467 W LauncherActivityCachingLogic: loadIcon: Default app icon returned from PackageManager. component=ComponentInfo{com.astrixforge.devicemasker.verifier/com.astrixforge.devicemasker.verifier.VerifierActivity}, user=UserHandle{0}
05-10 23:46:53.998  1427  1467 W LauncherActivityCachingLogic: java.lang.Exception
05-10 23:46:53.998  1427  1467 W LauncherActivityCachingLogic: 	at com.android.launcher3.icons.cache.LauncherActivityCachingLogic.loadIcon(go/retraceme f3a19d912c87c27267cfbc05ba0bc7b202ab72a6648bd76225f5f7e128d94583:100)
05-10 23:46:53.998  1427  1467 W LauncherActivityCachingLogic: 	at com.android.launcher3.icons.cache.BaseIconCache.loadFallbackIcon(go/retraceme f3a19d912c87c27267cfbc05ba0bc7b202ab72a6648bd76225f5f7e128d94583:5)
05-10 23:46:53.998  1427  1467 W LauncherActivityCachingLogic: 	at com.android.launcher3.icons.IconCache$$ExternalSyntheticLambda16.accept(go/retraceme f3a19d912c87c27267cfbc05ba0bc7b202ab72a6648bd76225f5f7e128d94583:328)
05-10 23:46:53.998  1427  1467 W LauncherActivityCachingLogic: 	at java.util.HashMap.forEach(HashMap.java:1432)
05-10 23:46:53.998  1427  1467 W LauncherActivityCachingLogic: 	at com.android.launcher3.icons.IconCache.getTitlesAndIconsInBulk(go/retraceme f3a19d912c87c27267cfbc05ba0bc7b202ab72a6648bd76225f5f7e128d94583:51)
05-10 23:46:53.998  1427  1467 W LauncherActivityCachingLogic: 	at com.android.launcher3.model.LoaderTask.tryLoadWorkspaceIconsInBulk(go/retraceme f3a19d912c87c27267cfbc05ba0bc7b202ab72a6648bd76225f5f7e128d94583:8)
05-10 23:46:53.998  1427  1467 W LauncherActivityCachingLogic: 	at com.android.launcher3.model.LoaderTask.loadWorkspaceImpl(go/retraceme f3a19d912c87c27267cfbc05ba0bc7b202ab72a6648bd76225f5f7e128d94583:532)
05-10 23:46:53.998  1427  1467 W LauncherActivityCachingLogic: 	at com.android.launcher3.model.LoaderTask.loadAllSurfacesOrdered(go/retraceme f3a19d912c87c27267cfbc05ba0bc7b202ab72a6648bd76225f5f7e128d94583:21)
05-10 23:46:53.998  1427  1467 W LauncherActivityCachingLogic: 	at com.android.launcher3.model.LoaderTask.run(go/retraceme f3a19d912c87c27267cfbc05ba0bc7b202ab72a6648bd76225f5f7e128d94583:85)
05-10 23:46:53.998  1427  1467 W LauncherActivityCachingLogic: 	at android.os.Handler.handleCallback(Handler.java:1070)
05-10 23:46:53.998  1427  1467 W LauncherActivityCachingLogic: 	at android.os.Handler.dispatchMessage(Handler.java:125)
05-10 23:46:53.998  1427  1467 W LauncherActivityCachingLogic: 	at android.os.Looper.dispatchMessage(Looper.java:333)
05-10 23:46:53.998  1427  1467 W LauncherActivityCachingLogic: 	at android.os.Looper.loopOnce(Looper.java:263)
05-10 23:46:53.998  1427  1467 W LauncherActivityCachingLogic: 	at android.os.Looper.loop(Looper.java:367)
05-10 23:46:53.998  1427  1467 W LauncherActivityCachingLogic: 	at android.os.HandlerThread.run(HandlerThread.java:139)
05-10 23:46:53.998   819  1130 D ConnectivityService: Switching to new default network for: uid/pid:1000/819 activeRequest: null callbackRequest: 11 [NetworkRequest [ TRACK_DEFAULT id=11, [ Capabilities: INTERNET&NOT_RESTRICTED&TRUSTED&NOT_VPN&NOT_VCN_MANAGED&NOT_BANDWIDTH_CONSTRAINED Uid: 10153 RequestorUid: 1000 RequestorPkg: android UnderlyingNetworks: Null] ], NetworkRequest [ REQUEST id=12, [ Transports: SATELLITE Capabilities: INTERNET&TRUSTED&NOT_VPN&NOT_VCN_MANAGED Uid: 10153 UnderlyingNetworks: Null] ]] callback flags: 0 order: 40 isUidTracked: false declaredMethods: NONE using NetworkAgentInfo{network{52}  handle{226743996429}  ni{ IDLE} created=2026-05-10T18:16:25.794Z Score(Policies :  ; KeepConnected : 0)   lp{{LinkAddresses: [ ] DnsAddresses: [ ] Domains: null MTU: 0 Routes: [ ]}}  nc{[ Capabilities: NOT_RESTRICTED&TRUSTED&NOT_VPN&NOT_BANDWIDTH_CONSTRAINED UnderlyingNetworks: Null]}  factorySerialNumber=0}
05-10 23:46:54.000  1238  1287 D Bubbles : BubbleController.onStatusBarStateChanged() isShade=true didChange=false mNotifEntryToExpandOnShadeUnlock=null
05-10 23:46:54.002   819  1043 W libbinder.Binder: Binder transaction to android.app.job.IJobScheduler code 1 took 1091ms. Data bytes: 836 Reply bytes: 8 Flags: 18
05-10 23:46:54.003  1427  1467 D LoaderTask: tryLoadWorkspaceIconsInBulk: default icon found for ComponentInfo{com.astrixforge.devicemasker.verifier/com.astrixforge.devicemasker.verifier.VerifierActivity}, will attempt to load from iconBlob
05-10 23:46:54.004  1427  1467 D IconRequestInfo: loadIconFromDb: icon blob null, returning. Component=ComponentInfo{com.astrixforge.devicemasker.verifier/com.astrixforge.devicemasker.verifier.VerifierActivity}
05-10 23:46:54.021  1417  1417 I Telephony: TelecomAccountRegistry$AccountEntry: Registered phoneAccount: [[ ] PhoneAccount: ComponentInfo{com.android.phone/com.android.services.telephony.TelephonyConnectionService}, 1, UserHandle{0} Capabilities: CallProvider MultiUser PlaceEmerg SimSub  Audio Routes: BESW Schemes: tel voicemail  Extras: Bundle[{android.telecom.extra.SUPPORTS_VIDEO_CALLING_FALLBACK=true}] GroupId: *** SC Restrictions: [ ]] with handle: ComponentInfo{com.android.phone/com.android.services.telephony.TelephonyConnectionService}, 1, UserHandle{0}
05-10 23:46:54.021  1417  1417 I Telephony: PstnIncomingCallNotifier: Registering: [0]
05-10 23:46:54.021  1417  1417 D Telephony: Registering: Handler (com.android.internal.telephony.GsmCdmaPhone) {9a2b9b}
05-10 23:46:54.021  1417  1417 W Telephony: registerMmTelCapabilityCallback: registration failed, no ImsService available. Exception: code: 1
05-10 23:46:54.022  1417  1417 W Telephony: registerImsRegistrationCallback: registration failed, no ImsService available. Exception: code: 1
05-10 23:46:54.022  1417  1417 D Telephony: Finished registering mSimultaneousCallingTrackerListener for phoneId = 0; subId = 1
