05-10 23:46:55.053  2362  2362 V GraphicsEnvironment: No special selections for ANGLE, returning default driver choice
05-10 23:46:55.053  2362  2362 V GraphicsEnvironment: Neither updatable production driver nor prerelease driver is supported.
05-10 23:46:55.055  1427  1467 D WorkspaceItemProcessor: valid target true, marking restored: bin.mt.plus, itemType=0, restoreFlag=0
05-10 23:46:55.062   819   819 I NotificationService: Cannot find enqueued record for key: 0|com.android.systemui|1397773634|public:253,80|10193
05-10 23:46:55.068  1427  1467 D WorkspaceItemProcessor: valid target true, marking restored: com.astrixforge.devicemasker, itemType=0, restoreFlag=0
05-10 23:46:55.080  1771  2277 I LatinApp: LatinApp.getWorkManagerConfiguration():176 Customized configuration for Hilt WorkManager
05-10 23:46:55.082   819  1177 D BackgroundInstallControlService: Package event received: 0
05-10 23:46:55.085  1427  1467 D WorkspaceItemProcessor: valid target true, marking restored: flar2.devcheck, itemType=0, restoreFlag=0
05-10 23:46:55.099  1238  1712 V WindowManagerShell: onTransitionReady(transaction=3517578216449)
05-10 23:46:55.101  1238  1287 V WindowManagerShell: onTransitionReady (#7) android.os.BinderProxy@5115269: {id=7 t=CHANGE f=0x0 trk=2 r=[] c=[]}
05-10 23:46:55.104  1238  1287 V WindowManagerShell: No transition roots in (#7) android.os.BinderProxy@5115269@2 so abort
05-10 23:46:55.105  1839  2312 I AiAiCaptions: provideCaptionsEventLogger(): Possibly using Clearcut logger for logging
05-10 23:46:55.105  1839  2312 I AiAiCaptions: provideCaptionsEventLogger(): Using Westworld logger for logging
05-10 23:46:55.110  1839  2342 W JobInfo : Requested important-while-foreground flag for job123 is ignored and takes no effect
05-10 23:46:55.115  1238  1287 V WindowManagerShell: Transition animation finished (aborted=true), notifying core (#7) android.os.BinderProxy@5115269@2
05-10 23:46:55.126  1839  2312 I AiAi    : chip type: STANDARD, hardware: ranchu, revision: , sdk: 36
05-10 23:46:55.130   819   967 I ServiceWatcher: [network] connected to {com.google.android.gms/com.google.android.location.network.NetworkLocationService}
05-10 23:46:55.139   819   819 V NotificationHistory: Attempted to add notif for locked/gone/disabled user 0
05-10 23:46:55.143   819  1177 D BackgroundInstallControlService: Package event received: 0
05-10 23:46:55.144   819  1029 I LocationManagerService: network provider loaded extra attribution tags: [activity_recognition_provider, awareness_provider, current_semantic_location, fused_location_provider, geofencer_provider, gnss_location_provider, network_location_calibration, network_location_provider, wearable_flp_shim]
05-10 23:46:55.154  1238  1287 V WindowManagerShell: Track 2 became idle
05-10 23:46:55.155  1417  1548 D SatelliteController: handleCmdUpdateNtnSignalStrengthReporting: ignore request, satellite is disabled
05-10 23:46:55.158  1839  2075 E Ambient : Publisher com.google.android.googlequicksearchbox already subscribed
05-10 23:46:55.160   819   967 V WindowManager: Finish Transition (#7): created at 05-10 23:46:52.120 collect-started=2332.123ms request-sent=2578.021ms started=2836.507ms ready=2836.479ms sent=2855.987ms commit=138.644ms finished=3024.02ms
05-10 23:46:55.161  1238  1287 V WindowManagerShell: All active transition animations finished
05-10 23:46:55.161  1238  1287 V WindowManagerShell: Transition requested (#8): android.os.BinderProxy@9229652 TransitionRequestInfo { type = CLOSE, triggerTask = null, pipChange = null, remoteTransition = RemoteTransition { remoteTransition = android.window.IRemoteTransition$Stub$Proxy@2f32d23, appThread = null, debugName = TaskFragmentComponent }, displayChange = null, requestedLocation = null, userChange = null, windowingLayerChange = null, flags = 0, debugId = 8 }
05-10 23:46:55.161  1238  1287 V ShellDesktopMode: DesktopTasksController: handleRequest request=TransitionRequestInfo { type = CLOSE, triggerTask = null, pipChange = null, remoteTransition = RemoteTransition { remoteTransition = android.window.IRemoteTransition$Stub$Proxy@2f32d23, appThread = null, debugName = TaskFragmentComponent }, displayChange = null, requestedLocation = null, userChange = null, windowingLayerChange = null, flags = 0, debugId = 8 }
05-10 23:46:55.165  1238  1287 V ShellDesktopMode: DesktopTasksController: skipping handleRequest reason=triggerTask is null
05-10 23:46:55.166  1427  1467 D WorkspaceItemProcessor: valid target true, marking restored: com.astrixforge.devicemasker.verifier, itemType=0, restoreFlag=0
05-10 23:46:55.169  1238  1287 V WindowManagerShell: RemoteTransition directly requested for (#8) android.os.BinderProxy@9229652: RemoteTransition { remoteTransition = android.window.IRemoteTransition$Stub$Proxy@2f32d23, appThread = null, debugName = TaskFragmentComponent }
05-10 23:46:55.170  1238  1287 V WindowManagerShell: Transition (#8): request handled by RemoteTransitionHandler
05-10 23:46:55.188  1238  1712 V WindowManagerShell: onTransitionReady(transaction=3517578216469)
05-10 23:46:55.194  1238  1287 V WindowManagerShell: onTransitionReady (#8) android.os.BinderProxy@9229652: {id=8 t=CLOSE f=0x0 trk=3 r=[] c=[]}
05-10 23:46:55.197  1238  1287 V WindowManagerShell: No transition roots in (#8) android.os.BinderProxy@9229652@3 so abort
05-10 23:46:55.201   819   967 V WindowManager: Sent Transition (#8) createdAt=05-10 23:46:54.738 via request=TransitionRequestInfo { type = CLOSE, triggerTask = null, pipChange = null, remoteTransition = RemoteTransition { remoteTransition = android.window.IRemoteTransition$Stub$Proxy@978a832, appThread = null, debugName = TaskFragmentComponent }, displayChange = null, requestedLocation = null, userChange = null, windowingLayerChange = null, flags = 0, debugId = 8 }
05-10 23:46:55.201  1238  1287 V WindowManagerShell: Transition animation finished (aborted=true), notifying core (#8) android.os.BinderProxy@9229652@3
05-10 23:46:55.201   819   967 V WindowManager:     startWCT=WindowContainerTransaction { changes= {} hops= [] errorCallbackToken=null taskFragmentOrganizer=null }
05-10 23:46:55.201   819   967 V WindowManager:     info={id=8 t=CLOSE f=0x0 trk=3 r=[] c=[]}
05-10 23:46:55.209   819   967 V WindowManager: Finish Transition (#8): created at 05-10 23:46:54.738 collect-started=242.414ms request-sent=271.386ms started=436.123ms ready=436.093ms sent=449.19ms finished=466.461ms
05-10 23:46:55.210  1427  1467 I Launcher.IconCache: Database bulk icon loading failed, using fallback bulk icon loading for: ComponentInfo{com.astrixforge.devicemasker.verifier/com.astrixforge.devicemasker.verifier.VerifierActivity}
05-10 23:46:55.213  1238  1287 V WindowManagerShell: Track 3 became idle
05-10 23:46:55.213  1238  1287 V WindowManagerShell: All active transition animations finished
05-10 23:46:55.222  1427  1467 W LauncherActivityCachingLogic: loadIcon: Default app icon returned from PackageManager. component=ComponentInfo{com.astrixforge.devicemasker.verifier/com.astrixforge.devicemasker.verifier.VerifierActivity}, user=UserHandle{0}
05-10 23:46:55.222  1427  1467 W LauncherActivityCachingLogic: java.lang.Exception
05-10 23:46:55.222  1427  1467 W LauncherActivityCachingLogic: 	at com.android.launcher3.icons.cache.LauncherActivityCachingLogic.loadIcon(go/retraceme f3a19d912c87c27267cfbc05ba0bc7b202ab72a6648bd76225f5f7e128d94583:100)
05-10 23:46:55.222  1427  1467 W LauncherActivityCachingLogic: 	at com.android.launcher3.icons.cache.BaseIconCache.loadFallbackIcon(go/retraceme f3a19d912c87c27267cfbc05ba0bc7b202ab72a6648bd76225f5f7e128d94583:5)
05-10 23:46:55.222  1427  1467 W LauncherActivityCachingLogic: 	at com.android.launcher3.icons.IconCache$$ExternalSyntheticLambda16.accept(go/retraceme f3a19d912c87c27267cfbc05ba0bc7b202ab72a6648bd76225f5f7e128d94583:328)
05-10 23:46:55.222  1427  1467 W LauncherActivityCachingLogic: 	at java.util.HashMap.forEach(HashMap.java:1432)
05-10 23:46:55.222  1427  1467 W LauncherActivityCachingLogic: 	at com.android.launcher3.icons.IconCache.getTitlesAndIconsInBulk(go/retraceme f3a19d912c87c27267cfbc05ba0bc7b202ab72a6648bd76225f5f7e128d94583:51)
05-10 23:46:55.222  1427  1467 W LauncherActivityCachingLogic: 	at com.android.launcher3.model.LoaderTask.tryLoadWorkspaceIconsInBulk(go/retraceme f3a19d912c87c27267cfbc05ba0bc7b202ab72a6648bd76225f5f7e128d94583:8)
05-10 23:46:55.222  1427  1467 W LauncherActivityCachingLogic: 	at com.android.launcher3.model.LoaderTask.loadWorkspaceImpl(go/retraceme f3a19d912c87c27267cfbc05ba0bc7b202ab72a6648bd76225f5f7e128d94583:532)
05-10 23:46:55.222  1427  1467 W LauncherActivityCachingLogic: 	at com.android.launcher3.model.LoaderTask.loadAllSurfacesOrdered(go/retraceme f3a19d912c87c27267cfbc05ba0bc7b202ab72a6648bd76225f5f7e128d94583:21)
05-10 23:46:55.222  1427  1467 W LauncherActivityCachingLogic: 	at com.android.launcher3.model.LoaderTask.run(go/retraceme f3a19d912c87c27267cfbc05ba0bc7b202ab72a6648bd76225f5f7e128d94583:85)
05-10 23:46:55.222  1427  1467 W LauncherActivityCachingLogic: 	at android.os.Handler.handleCallback(Handler.java:1070)
05-10 23:46:55.222  1427  1467 W LauncherActivityCachingLogic: 	at android.os.Handler.dispatchMessage(Handler.java:125)
05-10 23:46:55.222  1427  1467 W LauncherActivityCachingLogic: 	at android.os.Looper.dispatchMessage(Looper.java:333)
05-10 23:46:55.222  1427  1467 W LauncherActivityCachingLogic: 	at android.os.Looper.loopOnce(Looper.java:263)
05-10 23:46:55.222  1427  1467 W LauncherActivityCachingLogic: 	at android.os.Looper.loop(Looper.java:367)
05-10 23:46:55.222  1427  1467 W LauncherActivityCachingLogic: 	at android.os.HandlerThread.run(HandlerThread.java:139)
05-10 23:46:55.222  1427  1467 D LoaderTask: tryLoadWorkspaceIconsInBulk: default icon found for ComponentInfo{com.astrixforge.devicemasker.verifier/com.astrixforge.devicemasker.verifier.VerifierActivity}, will attempt to load from iconBlob
05-10 23:46:55.222  1427  1467 D IconRequestInfo: loadIconFromDb: icon blob null, returning. Component=ComponentInfo{com.astrixforge.devicemasker.verifier/com.astrixforge.devicemasker.verifier.VerifierActivity}
05-10 23:46:55.245  2353  2353 W masker.verifier: Unsupported class loader: java.lang.Class<y0>
05-10 23:46:55.249  1584  2414 I Fitness : (REDACTED) OnPackageChangedOperation got intent: %s
05-10 23:46:55.254   819  1130 D ConnectivityService: NetReassign [no changes] [c 0] [a 0] [i 0]
05-10 23:46:55.260  1238  1352 I PluginActionManager[com.android.systemui.action.FALSING_PLUGIN]: Found 0 plugins
05-10 23:46:55.260  1238  1352 I PluginActionManager[com.android.systemui.action.PLUGIN_SENSOR_MANAGER]: Found 0 plugins
05-10 23:46:55.264  1238  1352 I PluginActionManager[com.android.systemui.action.PLUGIN_AUTH_CONTEXT]: Found 0 plugins
05-10 23:46:55.271  1417  1417 I Telephony: TelecomAccountRegistry$TelecomAccountTelephonyCallback: TelecomAccountRegistry: onServiceStateChanged: newState=0, mServiceState=3
05-10 23:46:55.271  1417  1417 I Telephony: TelecomAccountRegistry: onServiceStateChanged: Tearing down and re-setting up accounts.
05-10 23:46:55.272  1417  1417 I Telephony: PstnIncomingCallNotifier: Unregistering: [0]
05-10 23:46:55.272  1417  1417 D Telephony: Unregistering: Handler (com.android.internal.telephony.GsmCdmaPhone) {9a2b9b}
05-10 23:46:55.272  1417  1417 I PhoneInterfaceManager: unregisterMmTelCapabilityCallback: 1 is inactive, ignoring unregister.
05-10 23:46:55.272  1417  1417 I PhoneInterfaceManager: unregisterImsRegistrationCallback: 1is inactive, ignoring unregister.
05-10 23:46:55.277  1771  2416 D nativeloader: Load /product/app/LatinIMEGooglePrebuilt/LatinIMEGooglePrebuilt.apk!/lib/x86_64/libnative_crash_handler_jni.so using class loader ns product-clns-9 (caller=/product/app/LatinIMEGooglePrebuilt/LatinIMEGooglePrebuilt.apk!classes2.dex): ok
05-10 23:46:55.279  1839  2312 I AiAiCaptions: shouldEnableCaptionsForCalls: isCallCaptioningEnabled is true [CONTEXT ratelimit_period="1 MINUTES" ]
05-10 23:46:55.281  2300  2402 D nativeloader: Load /data/app/~~gvTu6A1tyCw2CcR9i-Fsxw==/com.google.android.googlequicksearchbox-FIY-0J53-9Up8WGTRd3aeQ==/base.apk!/lib/x86_64/libnative_crash_handler_jni.so using class loader ns clns-10 (caller=/data/app/~~gvTu6A1tyCw2CcR9i-Fsxw==/com.google.android.googlequicksearchbox-FIY-0J53-9Up8WGTRd3aeQ==/base.apk!classes2.dex): ok
05-10 23:46:55.287  1238  1352 I PluginActionManager[com.android.systemui.action.PLUGIN_VOLUME]: Found 0 plugins
05-10 23:46:55.288  1238  1238 D ControlsListingControllerImpl: ServiceConfig reloaded, count: 0
05-10 23:46:55.290  1417  1417 I Telephony: TelecomAccountRegistry: setupAccounts: Found 1 phones.  Attempting to register.
05-10 23:46:55.290  1417  1417 I Telephony: TelecomAccountRegistry: setupAccounts: Phone with subscription id 1
05-10 23:46:55.326  1238  1352 I PluginActionManager[com.android.systemui.action.PLUGIN_TOAST]: Found 0 plugins
05-10 23:46:55.332  1238  1238 D DLObserver: onReceive(); android.intent.action.BOOT_COMPLETED
05-10 23:46:55.335  1238  1352 I PluginActionManager[com.android.systemui.action.PLUGIN_GLOBAL_ACTIONS]: Found 0 plugins
05-10 23:46:55.336  1238  1352 I PluginActionManager[com.android.systemui.action.PLUGIN_QS]: Found 0 plugins
05-10 23:46:55.341  1238  1352 I PluginActionManager[com.android.systemui.action.PLUGIN_NOTIFICATION_ASSISTANT]: Found 0 plugins
05-10 23:46:55.344  1238  1238 D DLObserver: plugged=0
05-10 23:46:55.344  1238  1238 D DLObserver: isCharging:false wirelessCharging:false
05-10 23:46:55.344  1238  1238 I DLObserver: do not bind Dreamliner service for work profile
05-10 23:46:55.345  1238  1352 I PluginActionManager[com.android.systemui.action.PLUGIN_OVERLAY]: Found 0 plugins
05-10 23:46:55.361  2089  2269 I serviceentitlement: (REDACTED) [ServiceEntitlementIntentOperation] [%s] onCreate
05-10 23:46:55.372  2300  2300 I dvct    : Scheduling one-off OpaEnabledBroadcastWorker in 30 seconds
05-10 23:46:55.375  1238  1238 I KeyguardTransitionRepository: STARTED transition: TransitionStep(from=OFF, to=GONE, value=0.0, transitionState=STARTED, ownerName=KeyguardTransitionRepository(boot))
05-10 23:46:55.375  2089  2269 I serviceentitlement: (REDACTED) [ServiceEntitlementIntentOperation] [Ts.43-IntentOperation] Action : %s
05-10 23:46:55.375  2089  2269 I serviceentitlement: (REDACTED) [ServiceEntitlementIntentOperation] [%s] Action : %s
05-10 23:46:55.380  2089  2269 I serviceentitlement: (REDACTED) [ServiceEntitlementIntentOperation] [%s] onDestroy
05-10 23:46:55.382  2089  2260 I constellation: [sim_state_checker] Handling intent Intent { act=android.intent.action.SIM_STATE_CHANGED flg=0x15000010 xflg=0x4 pkg=com.google.android.gms cmp=com.google.android.gms/.chimera.GmsIntentOperationService (has extras) }
05-10 23:46:55.385  1417  1417 V SimultaneousCallingTracker: Device is not simultaneous calling capable
05-10 23:46:55.398  2089  2422 I serviceentitlement: (REDACTED) [CredManRegistrationManager] [%s] start to register
05-10 23:46:55.402   819   977 E PackageManager: Optimistic bind failed.
05-10 23:46:55.402   819   977 E PackageManager: java.util.concurrent.TimeoutException: [Optimistic Bind] Didn't bind to resolver in time!
05-10 23:46:55.402   819   977 E PackageManager: 	at com.android.server.pm.InstantAppResolverConnection.waitForBindLocked(InstantAppResolverConnection.java:160)
05-10 23:46:55.402   819   977 E PackageManager: 	at com.android.server.pm.InstantAppResolverConnection.bind(InstantAppResolverConnection.java:230)
05-10 23:46:55.402   819   977 E PackageManager: 	at com.android.server.pm.InstantAppResolverConnection.lambda$optimisticBind$0(InstantAppResolverConnection.java:260)
05-10 23:46:55.402   819   977 E PackageManager: 	at com.android.server.pm.InstantAppResolverConnection.$r8$lambda$66W2s2mMKe4pk_xXCScH9RCqav8(InstantAppResolverConnection.java:0)
05-10 23:46:55.402   819   977 E PackageManager: 	at com.android.server.pm.InstantAppResolverConnection$$ExternalSyntheticLambda0.run(R8$$SyntheticClass:0)
05-10 23:46:55.402   819   977 E PackageManager: 	at android.os.Handler.handleCallback(Handler.java:1070)
05-10 23:46:55.402   819   977 E PackageManager: 	at android.os.Handler.dispatchMessage(Handler.java:125)
05-10 23:46:55.402   819   977 E PackageManager: 	at android.os.Looper.dispatchMessage(Looper.java:333)
05-10 23:46:55.402   819   977 E PackageManager: 	at android.os.Looper.loopOnce(Looper.java:263)
05-10 23:46:55.402   819   977 E PackageManager: 	at android.os.Looper.loop(Looper.java:367)
05-10 23:46:55.402   819   977 E PackageManager: 	at android.os.HandlerThread.run(HandlerThread.java:139)
05-10 23:46:55.411  1417  1417 D Telephony: isEmergencyPreferredAccount: subId=1, activeData=1
05-10 23:46:55.411  1417  1417 D Telephony: isEmergencyPreferredAccount: Device does not require preference.
05-10 23:46:55.412   819   819 W ActivityThread: getPackageInfo() called with an older ApplicationInfo than the cached version for package android
05-10 23:46:55.417  1417  1417 I Telephony: isRttCurrentlySupported -- regular acct, hasVoiceAvailability: false
05-10 23:46:55.417  1417  1417 I Telephony:  isRttSupported: false
05-10 23:46:55.417  1417  1417 I Telephony:  alwaysAllowWhileRoaming: false
05-10 23:46:55.417  1417  1417 I Telephony:  isRoaming: false
05-10 23:46:55.417  1417  1417 I Telephony:  isOnWfc: false
05-10 23:46:55.422  1839  1856 W ogle.android.as: Suspending all threads took: 21.950ms
05-10 23:46:55.428  2300  2300 I enos    : SslGuard completed installation.
05-10 23:46:55.437  1839  2346 I AiAiSpeechRecognition: Periodic LanguagePack task scheduled successfully
05-10 23:46:55.444  1839  2075 I AiAiPeopleSuggest: EchoSharesheetPredictorImpl reloadEventCache
05-10 23:46:55.462  1584  1600 I GservicesProvider: Gservices pushing to system: true; secure/global: true
05-10 23:46:55.469  1417  1417 I Telephony: TelecomAccountRegistry$AccountEntry: registerPstnPhoneAccount: Registering account=[[ ] PhoneAccount: ComponentInfo{com.android.phone/com.android.services.telephony.TelephonyConnectionService}, 1, UserHandle{0} Capabilities: CallProvider MultiUser PlaceEmerg SimSub  Audio Routes: BESW Schemes: tel voicemail  Extras: Bundle[{android.telecom.extra.SUPPORTS_VIDEO_CALLING_FALLBACK=true}] GroupId: *** SC Restrictions: [ ]] with Telecom. subId=1
05-10 23:46:55.470   819  2114 I Telecom : TelecomServiceImpl$1: registerPhoneAccount: account=[[ ] PhoneAccount: ComponentInfo{com.android.phone/com.android.services.telephony.TelephonyConnectionService}, 1, UserHandle{0} Capabilities: CallProvider MultiUser PlaceEmerg SimSub  Audio Routes: BESW Schemes: tel voicemail  Extras: Bundle[{android.telecom.extra.SUPPORTS_VIDEO_CALLING_FALLBACK=true}] GroupId: *** SC Restrictions: [ ]]: TSI.rPA(cap)@ADM
05-10 23:46:55.470  1427  1467 D LoaderTask: loadWorkspace finished
05-10 23:46:55.472   819  2114 I Telecom : PhoneAccountRegistrar: Modify account: [ComponentInfo{com.android.phone/com.android.services.telephony.TelephonyConnectionService}, 1, UserHandle{0}]: TSI.rPA(cap)@ADM
05-10 23:46:55.479   819   978 W ActivityManager: Slow operation: 55ms so far, now at startProcess: done creating new process record
05-10 23:46:55.479   819   978 W ActivityManager: Slow operation: 55ms so far, now at startProcess: stepping in to startProcess
05-10 23:46:55.487  2353  2353 I LSPosedFramework: (com.astrixforge.devicemasker.verifier)[com.astrixforge.devicemasker,DeviceMasker] XposedEntry loaded for process: com.astrixforge.devicemasker.verifier
05-10 23:46:55.488  1878  2182 I CarrierServices: Broadcasting provisioning intent rcs.intent.action.rcsSystemBinding to Bugle with extras redacted-pii:[null] from source SYSTEM_BINDING_SERVICE [CONTEXT log_prefix="EngineBroadcaster" thread_id=56 ]
05-10 23:46:55.501   819  2114 I Telecom : CallsManager: handlePhoneAccountChanged: phoneAccount=[[X] PhoneAccount: ComponentInfo{com.android.phone/com.android.services.telephony.TelephonyConnectionService}, 1, UserHandle{0} Capabilities: CallProvider MultiUser PlaceEmerg SimSub  Audio Routes: BESW Schemes: tel voicemail  Extras: Bundle[{android.telecom.extra.SUPPORTS_VIDEO_CALLING_FALLBACK=true}] GroupId: *** SC Restrictions: [ ]]: TSI.rPA(cap)@ADM
05-10 23:46:55.516  1584  2361 I SystemMemoryMap: (REDACTED) [activityrecognition] serialization complete (extras/values=%.2f/%.2fkb)
05-10 23:46:55.529  2353  2353 I DeviceMasker: XposedEntry loaded for process: com.astrixforge.devicemasker.verifier
05-10 23:46:55.565  2362  2362 E ashmem  : Pinning is deprecated since Android Q. Please use trim or other methods.
05-10 23:46:55.569  1584  1584 W ChimeraUtils: Module com.google.android.gms.location__nonwearable missing resource location_module_display_name(0)
05-10 23:46:55.583  2362  2362 I PrivateComputeServicesApplication: PrivateComputeServicesApplication#onCreate
05-10 23:46:55.584  2362  2362 I PcsFcInit: Calling BrellaInit for PCS.
05-10 23:46:55.612   819   978 W ActivityManager: Slow operation: 132ms so far, now at startProcess: done updating cpu stats
05-10 23:46:55.612   819   978 W ActivityManager: Slow operation: 132ms so far, now at startProcess: getting gids from package manager
05-10 23:46:55.612   819   978 W ActivityManager: Slow operation: 133ms so far, now at startProcess: building args
05-10 23:46:55.613   819   979 W ActivityManager: Slow operation: 133ms so far, now at startProcess: asking zygote to start proc
05-10 23:46:55.614   819  1029 D ConditionProviders: Disabling component com.google.android.gms/com.google.android.location.settings.DrivingConditionProvider
05-10 23:46:55.616  2362  2362 D CompatChangeReporter: Compat change id reported: 253665015; UID 10143; state: ENABLED
05-10 23:46:55.620   819   978 W ActivityManager: Slow operation: 195ms so far, now at startProcess: done starting proc!
05-10 23:46:55.632  1238  1238 I Choreographer: Skipped 163 frames!  The application may be doing too much work on its main thread.
05-10 23:46:55.638   819   819 W Looper  : Slow dispatch took 201ms main app=system_server main=true group=FOREGROUND h=android.app.ActivityThread$H c=null m=131
05-10 23:46:55.639   819   819 W Looper  : Drained
05-10 23:46:55.668   819  1767 D CompatChangeReporter: Compat change id reported: 253665015; UID 10143; state: ENABLED
05-10 23:46:55.668   567   567 D Zygote  : Forked child process 2428
05-10 23:46:55.669  1771  1771 W NotificationCenter: NotificationCenter$NotificationQueue.notifyPendingNotificationsOnExecutor():877 Heavy notify work detected on UI thread: [npz->msb, kah->msb, kah->msb, kah->msb, kah->msb, kah->msb, kah->msb, ngl->msb, oce->msb, lpz->msb, lqc->msb, lqc->msb] takes 1115ms
05-10 23:46:55.673   819   979 W ActivityManager: Slow operation: 193ms so far, now at startProcess: returned from zygote!
05-10 23:46:55.674  1584  1584 D BoundBrokerSvc: onBind: Intent { act=com.google.android.gms.usagereporting.service.START xflg=0x4 pkg=com.google.android.gms }
05-10 23:46:55.675  1584  1584 D BoundBrokerSvc: Loading bound service for intent: Intent { act=com.google.android.gms.usagereporting.service.START xflg=0x4 pkg=com.google.android.gms }
05-10 23:46:55.680   819  2115 D SystemServerTiming: getUserSwitchability-0
05-10 23:46:55.680   819  2115 D SystemServerTiming: TM.isInCall
05-10 23:46:55.681  1771  1771 W NotificationCenter: NotificationCenter$NotificationQueue.notifyPendingNotificationsOnExecutor():877 Heavy notify work detected on UI thread: [nzy->msb] takes 1848ms
05-10 23:46:55.686  2362  2362 I NetworkUsageLogTtlService: Scheduled NetworkUsageLogTtlService
05-10 23:46:55.687   819  2114 I Telecom : PhoneAccountRegistrar: getSimCallManager: SimCallManager for subId 1 queried, returning: null: TSI.rPA(cap)@ADM
05-10 23:46:55.687   819  2114 I Telecom : PhoneAccountRegistrar: Notifying telephony of voice service override change for 1 SIMs, hasService = false: TSI.rPA(cap)@ADM
05-10 23:46:55.688   819   979 W ActivityManager: Slow operation: 209ms so far, now at startProcess: done updating battery stats
05-10 23:46:55.688   819   979 W ActivityManager: Slow operation: 209ms so far, now at startProcess: building log message
05-10 23:46:55.688   819   979 I ActivityManager: Start proc 2428:com.google.android.apps.wellbeing/u0a158 for broadcast {com.google.android.apps.wellbeing/com.google.android.apps.wellbeing.common.receiver.coalescedreceivers.LockedBootCompletedCoalescedBroadcast_Receiver}
05-10 23:46:55.688   819   979 W ActivityManager: Slow operation: 209ms so far, now at startProcess: starting to update pids map
05-10 23:46:55.689   819   979 W ActivityManager: Slow operation: 209ms so far, now at startProcess: done updating pids map
05-10 23:46:55.689  2089  2089 D BoundBrokerSvc: onBind: Intent { act=com.google.android.gms.common.BIND_SHARED_PREFS xflg=0x4 pkg=com.google.android.gms }
05-10 23:46:55.689  2089  2089 D BoundBrokerSvc: Loading bound service for intent: Intent { act=com.google.android.gms.common.BIND_SHARED_PREFS xflg=0x4 pkg=com.google.android.gms }
05-10 23:46:55.689  1427  1467 D LoaderTask: sanitizeData finished
05-10 23:46:55.700  2428  2428 I Zygote  : Process 2428 created for com.google.android.apps.wellbeing
05-10 23:46:55.700  2428  2428 I .apps.wellbeing: Using CollectorTypeCC GC.
05-10 23:46:55.701  2428  2428 W .apps.wellbeing: Unexpected CPU variant for x86: x86_64.
05-10 23:46:55.701  2428  2428 W .apps.wellbeing: Known variants: atom, sandybridge, silvermont, goldmont, goldmont-plus, goldmont-without-sha-xsaves, tremont, kabylake, alderlake, default
05-10 23:46:55.701  1417  1417 I PhoneInterfaceManager: setVoiceServiceStateOverride: subId=1, phone=Handler (com.android.internal.telephony.GsmCdmaPhone) {9a2b9b}, hasService=false, callingPackage=com.android.server.telecom
05-10 23:46:55.708  1417  1417 I Telephony: TelecomAccountRegistry$AccountEntry: Registered phoneAccount: [[ ] PhoneAccount: ComponentInfo{com.android.phone/com.android.services.telephony.TelephonyConnectionService}, 1, UserHandle{0} Capabilities: CallProvider MultiUser PlaceEmerg SimSub  Audio Routes: BESW Schemes: tel voicemail  Extras: Bundle[{android.telecom.extra.SUPPORTS_VIDEO_CALLING_FALLBACK=true}] GroupId: *** SC Restrictions: [ ]] with handle: ComponentInfo{com.android.phone/com.android.services.telephony.TelephonyConnectionService}, 1, UserHandle{0}
05-10 23:46:55.708  1417  1417 I Telephony: PstnIncomingCallNotifier: Registering: [0]
05-10 23:46:55.708  1417  1417 D Telephony: Registering: Handler (com.android.internal.telephony.GsmCdmaPhone) {9a2b9b}
05-10 23:46:55.712  2428  2428 W libbinder.BackendUnifiedServiceManager: Thread Pool max thread count is 0. Cannot cache binder as linkToDeath cannot be implemented. serviceName: activity
05-10 23:46:55.716  2428  2428 D nativeloader: Load libframework-connectivity-tiramisu-jni.so using APEX ns com_android_tethering for caller /apex/com.android.tethering/javalib/framework-connectivity-t.jar: ok
05-10 23:46:55.718  1427  1427 D CellLayout: Adding view to ShortcutsAndWidgetsContainer: com.google.android.apps.nexuslauncher.qsb.SmartspaceViewContainer{c5d2809 V.E...... ......ID 0,0-1219,321 #7f0a0346 app:id/search_container_workspace}
05-10 23:46:55.721  2089  2422 I serviceentitlement: (REDACTED) [OgiMatcherDataGenerator] Configuration version : %s
05-10 23:46:55.724  1771  1771 I ActivityThread: ApplicationInfo updating for com.google.android.inputmethod.latin, new timestamp: 64015
05-10 23:46:55.724  1771  1771 I ActivityThread: assets removed: [/data/resource-cache/com.android.systemui-neutral-pODC.frro, /data/resource-cache/com.android.systemui-accent-ihAV.frro, /data/resource-cache/com.android.systemui-dynamic-M2PL.frro]
05-10 23:46:55.724  1771  1771 I ActivityThread: assets added: []
05-10 23:46:55.725  1878  2254 I CarrierServices: Processing an intent [CONTEXT log_prefix="(Sim)" thread_id=60 ]
05-10 23:46:55.727   819  2115 D SystemServerTiming: hasUserRestriction-DISALLOW_USER_SWITCH
05-10 23:46:55.727   819  2115 D SystemServerTiming: getInt-ALLOW_USER_SWITCHING_WHEN_SYSTEM_USER_LOCKED
05-10 23:46:55.728   819  2115 D SystemServerTiming: isUserUnlocked-USER_SYSTEM
05-10 23:46:55.728  1771  2387 I SpeechPackManager: SpeechPackManager$4.onSuccess():497 updatePackSetCacheAsync() : Updated the PackSet cache
05-10 23:46:55.729  1427  1427 D ModelCallbacks: startBinding: hotseat layout was vertical: false and is setting to false
05-10 23:46:55.752  2300  2300 I czbd    : Initializing GMS Compliance Client Library...
05-10 23:46:55.752  2300  2300 I czbd    : Checking for device compliance...
05-10 23:46:55.752  1427  1427 D SsBaseTemplateCard: Date view text is empty
05-10 23:46:55.752  2300  2300 I czbd    : Completed library init.
05-10 23:46:55.752  1427  1427 D SsBaseTemplateCard: Passed-in item info is null
05-10 23:46:55.752  1427  1427 D SsBaseTemplateCard: Passed-in item info is null
05-10 23:46:55.752  1427  1427 D SsBaseTemplateCard: Passed-in item info is null
05-10 23:46:55.752  1427  1427 D SsBaseTemplateCard: Passed-in item info is null
05-10 23:46:55.755  1417  1421 W m.android.phone: Suspending all threads took: 16.490ms
05-10 23:46:55.756  1427  1427 I SsBaseTemplateCard: Secondary card pane is null
05-10 23:46:55.757   819  1029 W ScanResultUtil: Empty or null ScanResult list
05-10 23:46:55.757   819  1029 W WifiService: Attempt to retrieve WifiConfiguration with invalid scanResult List
05-10 23:46:55.757  1878  2254 I CarrierServices: SIM state LOADED [CONTEXT log_prefix="(Sim)" thread_id=60 ]
05-10 23:46:55.759  1771  1771 I ModuleManager: ModuleManager$ModuleInitListener.maybeUnloadModuleOnUnavailable():1387 module dpk is unavailable
05-10 23:46:55.763  1417  1417 W Telephony: registerMmTelCapabilityCallback: registration failed, no ImsService available. Exception: code: 1
05-10 23:46:55.763  1417  1417 W Telephony: registerImsRegistrationCallback: registration failed, no ImsService available. Exception: code: 1
05-10 23:46:55.764  1427  1427 D NexusLauncherModelDelegate: notifySmartspaceEvent: SmartspaceTargetEvent{mSmartspaceTarget=SmartspaceTarget{mSmartspaceTargetId='date_card_794317_92634', mHeaderAction=null, mBaseAction=null, mCreationTimeMillis=0, mExpiryTimeMillis=0, mScore=0.0, mActionChips=[], mIconGrid=[], mFeatureType=1, mSensitive=false, mShouldShowExpanded=false, mSourceNotificationKey='null', mComponentName=ComponentInfo{com.google.android.apps.nexuslauncher/w7.d0}, mUserHandle=UserHandle{0}, mAssociatedSmartspaceTargetId='null', mSliceUri=null, mWidget=null, mTemplateData=BaseTemplateData{mTemplateType=1, mPrimaryItem=null, mSubtitleItem=null, mSubtitleSupplementalItem=null, mSupplementalLineItem=null, mSupplementalAlarmItem=null, mLayoutWeight=0}, mRemoteViews=null}, mSmartspaceActionId='null', mEventType=3}
05-10 23:46:55.764  2353  2353 I LSPosedFramework: (com.astrixforge.devicemasker.verifier)[com.astrixforge.devicemasker,DeviceMasker] XposedEntry loaded for process: com.astrixforge.devicemasker.verifier
05-10 23:46:55.764  1427  1427 D NexusLauncherModelDelegate: notifySmartspaceEvent: SmartspaceTargetEvent{mSmartspaceTarget=SmartspaceTarget{mSmartspaceTargetId='date_card_794317_92634', mHeaderAction=null, mBaseAction=null, mCreationTimeMillis=0, mExpiryTimeMillis=0, mScore=0.0, mActionChips=[], mIconGrid=[], mFeatureType=1, mSensitive=false, mShouldShowExpanded=false, mSourceNotificationKey='null', mComponentName=ComponentInfo{com.google.android.apps.nexuslauncher/w7.d0}, mUserHandle=UserHandle{0}, mAssociatedSmartspaceTargetId='null', mSliceUri=null, mWidget=null, mTemplateData=BaseTemplateData{mTemplateType=1, mPrimaryItem=null, mSubtitleItem=null, mSubtitleSupplementalItem=null, mSupplementalLineItem=null, mSupplementalAlarmItem=null, mLayoutWeight=0}, mRemoteViews=null}, mSmartspaceActionId='null', mEventType=2}
05-10 23:46:55.766  2353  2353 I LSPosedFramework: (com.astrixforge.devicemasker.verifier)[com.astrixforge.devicemasker,DeviceMasker] {"eventId":"evt_1778437015530_000001","timestampWallMillis":1778437015530,"timestampElapsedMillis":75273,"sessionId":"xposed","bootId":"unknown","source":"XPOSED","severity":"INFO","eventType":"XPOSED_ENTRY_LOADED","processName":null,"packageName":null,"pid":null,"tid":null,"threadName":"main","hooker":"DeviceMasker","method":null,"spoofType":null,"status":null,"reason":null,"configVersion":null,"prefsVersion":null,"moduleEnabled":false,"appEnabled":false,"message":"XposedEntry loaded for process: com.astrixforge.devicemasker.verifier","throwableClass":null,"stacktrace":[],"extras":{}}
05-10 23:46:55.766  1878  2254 I CarrierServices: State not valid, ignoring sim state loaded. [CONTEXT log_prefix="(Sim)" thread_id=60 ]
05-10 23:46:55.766  1878  2254 I CarrierServices: Initializing Carrier Services Library. [CONTEXT thread_id=60 ]
05-10 23:46:55.767   819  1029 W ScanResultUtil: Empty or null ScanResult list
05-10 23:46:55.769   819  1029 E WifiService: Attempt to retrieve passpoint with invalid scanResult List
05-10 23:46:55.770  1771  1771 I ModuleManager: ModuleManager$ModuleInitListener.maybeUnloadModuleOnUnavailable():1387 module nvn is unavailable
05-10 23:46:55.772   819  1177 D BackgroundInstallControlService: Package event received: 0
05-10 23:46:55.781  1427  1467 D ModelCallbacks: Starting async inflation
05-10 23:46:55.784   819  1071 W ScanResultUtil: Empty or null ScanResult list
05-10 23:46:55.784   819  1071 W WifiService: Attempt to retrieve OsuProviders with invalid scanResult List
05-10 23:46:55.790  2089  2422 I serviceentitlement: (REDACTED) [OgiMatcherDataGenerator] Matcher data to be registered: %s
05-10 23:46:55.791  2089  2422 I serviceentitlement: (REDACTED) [CredManRegistrationManager] [%s] Data length [%d] to register
05-10 23:46:55.792  1771  2319 I ShortcutsDataManager: ShortcutsDataManager.onContentChanged():72 onContentChanged()
05-10 23:46:55.793  2362  2362 I FederatedTrainingScheduler: Cancelling training for population:pcs/dev/platform_logging session_name:pcs/dev/platform_logging
05-10 23:46:55.796  2089  2422 I serviceentitlement: (REDACTED) [CredManRegistrationManager] [%s] register #1
05-10 23:46:55.797  2089  2422 I serviceentitlement: (REDACTED) [CredManRegistrationManager] [%s] register credential
05-10 23:46:55.797  1771  2319 I ContactsDataManager: ContactsDataManager.onContentChanged():153 onContentChanged()
05-10 23:46:55.797  2089  2422 I serviceentitlement: (REDACTED) [OgiMatcherDataGenerator] Number of registered carriers: %d
05-10 23:46:55.798  2089  2422 I serviceentitlement: (REDACTED) [CredManRegistrationManager] [%s] register #2
05-10 23:46:55.798  1771  2319 I EmailDataManager: EmailDataManager.onContentChanged():118 onContentChanged()
05-10 23:46:55.798  2089  2422 I serviceentitlement: (REDACTED) [CredManRegistrationManager] [%s] register credential
05-10 23:46:55.798  2089  2422 I serviceentitlement: (REDACTED) [OgiMatcherDataGenerator] Number of registered carriers: %d
05-10 23:46:55.799  1417  1417 D Telephony: Finished registering mSimultaneousCallingTrackerListener for phoneId = 0; subId = 1
05-10 23:46:55.800  1427  1427 D SsBaseTemplateCard: Passed-in item info is null
05-10 23:46:55.800  1427  1427 D SsBaseTemplateCard: Passed-in item info is null
05-10 23:46:55.800  1427  1427 D SsBaseTemplateCard: Passed-in item info is null
05-10 23:46:55.800  1427  1427 D SsBaseTemplateCard: Passed-in item info is null
05-10 23:46:55.800  1427  1427 I SsBaseTemplateCard: Secondary card pane is null
05-10 23:46:55.801  1427  1427 D Launcher.Workspace: addInScreenFromBind: hotseat inflation with x = 0 and y = 0
05-10 23:46:55.801  1427  1427 D CellLayout: Adding view to ShortcutsAndWidgetsContainer: com.android.launcher3.views.DoubleShadowBubbleTextView{61ee781 VFED..C.. ......ID 0,0-0,0 #1}
05-10 23:46:55.801  1427  1427 D Launcher.Workspace: addInScreenFromBind: hotseat inflation with x = 1 and y = 0
05-10 23:46:55.801  1427  1427 D CellLayout: Adding view to ShortcutsAndWidgetsContainer: com.android.launcher3.views.DoubleShadowBubbleTextView{4781026 VFED..C.. ......ID 0,0-0,0 #2}
05-10 23:46:55.801  1427  1427 D Launcher.Workspace: addInScreenFromBind: hotseat inflation with x = 2 and y = 0
05-10 23:46:55.802  1427  1427 D CellLayout: Adding view to ShortcutsAndWidgetsContainer: com.android.launcher3.views.DoubleShadowBubbleTextView{f6ea467 VFED..C.. ......ID 0,0-0,0 #3}
05-10 23:46:55.803  1427  1427 D CellLayout: Adding view to ShortcutsAndWidgetsContainer: com.android.launcher3.views.DoubleShadowBubbleTextView{6dd9214 VFED..C.. ......ID 0,0-0,0 #4}
05-10 23:46:55.803  1427  1427 D CellLayout: Adding view to ShortcutsAndWidgetsContainer: com.android.launcher3.views.DoubleShadowBubbleTextView{e517abd VFED..C.. ......ID 0,0-0,0 #8}
05-10 23:46:55.803  1427  1427 D CellLayout: Adding view to ShortcutsAndWidgetsContainer: com.android.launcher3.views.DoubleShadowBubbleTextView{74508b2 VFED..C.. ......ID 0,0-0,0 #9}
05-10 23:46:55.803  1427  1427 D CellLayout: Adding view to ShortcutsAndWidgetsContainer: com.android.launcher3.views.DoubleShadowBubbleTextView{cb72003 VFED..C.. ......ID 0,0-0,0 #a}
05-10 23:46:55.803  1427  1427 D CellLayout: Adding view to ShortcutsAndWidgetsContainer: com.android.launcher3.views.DoubleShadowBubbleTextView{b0bbb80 VFED..C.. ......ID 0,0-0,0 #b}
05-10 23:46:55.803  1427  1427 D CellLayout: Adding view to ShortcutsAndWidgetsContainer: com.android.launcher3.views.DoubleShadowBubbleTextView{c2005b9 VFED..C.. ......ID 0,0-0,0 #d}
05-10 23:46:55.803  1427  1427 D CellLayout: Adding view to ShortcutsAndWidgetsContainer: com.android.launcher3.views.DoubleShadowBubbleTextView{176fdfe VFED..C.. ......ID 0,0-0,0 #f}
05-10 23:46:55.803  1427  1427 D CellLayout: Adding view to ShortcutsAndWidgetsContainer: com.android.launcher3.views.DoubleShadowBubbleTextView{181b95f VFED..C.. ......ID 0,0-0,0 #10}
05-10 23:46:55.806  1427  1427 D b/387844520: getOutlineOffsetX: measured width = 0, mNormalizedIconSize = 182, last updated width = 0
05-10 23:46:55.806  1427  1427 D Launcher.Workspace: addInScreenFromBind: hotseat inflation with x = 3 and y = 0
05-10 23:46:55.806  1427  1427 D CellLayout: Adding view to ShortcutsAndWidgetsContainer: com.android.launcher3.views.PredictedAppIcon{5328c7b VFED..C.. ......ID 0,0-0,0}
05-10 23:46:55.812  1427  1427 D ModelCallbacks: Calling onCompleteSignal
05-10 23:46:55.812  1427  1467 D LoaderTask: bindWorkspace finished
05-10 23:46:55.813  1427  1427 D ViewOnDrawExecutor: markCompleted: executing tasks
05-10 23:46:55.817  2362  2362 I FederatedTrainingScheduler: Scheduling training for population:pcs/prod/platform_logging session_name:pcs/prod/platform_logging
05-10 23:46:55.819  1427  1427 D PreBootLoaderDialog: PreBootLoaderDialog visible for 16272ms,  dismiss post boot loader dialog with delay of 0ms
05-10 23:46:55.822  1427  1427 D b/387844520: calling updateRingPath from onSizeChanged
05-10 23:46:55.822  1427  1427 D b/387844520: getOutlineOffsetX: measured width = 198, mNormalizedIconSize = 182, last updated width = 198
05-10 23:46:55.830  1584  1584 D BoundBrokerSvc: onBind: Intent { act=com.google.android.gms.icing.LIGHTWEIGHT_INDEX_SERVICE dat=chimera-action:/... xflg=0x4 cmp=com.google.android.gms/.chimera.PersistentApiService }
05-10 23:46:55.832  1584  1584 D BoundBrokerSvc: Loading bound service for intent: Intent { act=com.google.android.gms.icing.LIGHTWEIGHT_INDEX_SERVICE dat=chimera-action:/... xflg=0x4 cmp=com.google.android.gms/.chimera.PersistentApiService }
05-10 23:46:55.838   819  2115 W ActivityManager: Slow operation: 60ms so far, now at attachApplicationLocked: immediately after bindApplication
05-10 23:46:55.838   819  2115 W ActivityManager: Slow operation: 60ms so far, now at attachApplicationLocked: after updateLruProcessLocked
05-10 23:46:55.842  1584  2299 W Settings: Setting airplane_mode_on has moved from android.provider.Settings.System to android.provider.Settings.Global, returning read-only value.
05-10 23:46:55.847  2353  2353 D nativeloader: Configuring clns-9 for other apk /data/app/~~wn9tc_Q4rlxv21a5tuqlKA==/com.astrixforge.devicemasker.verifier-ISWZFQ9O2C2WIxa3qtfrAw==/base.apk. target_sdk_version=36, uses_libraries=, library_path=/data/app/~~wn9tc_Q4rlxv21a5tuqlKA==/com.astrixforge.devicemasker.verifier-ISWZFQ9O2C2WIxa3qtfrAw==/lib/x86_64, permitted_path=/data:/mnt/expand:/data/user/0/com.astrixforge.devicemasker.verifier
05-10 23:46:55.853   819  2115 W ActivityManager: Slow operation: 75ms so far, now at attachApplicationLocked: after updateOomAdjLocked
05-10 23:46:55.860  1771  1771 I InputMethodEntryManager: InputMethodEntryManager.startLoadingInputMethodEntrySettings():745 Start loading input method entry settings: [LanguageTagVariantTuple{languageTag=en-US, variant=qwerty}, LanguageTagVariantTuple{languageTag=zz, variant=qwerty}]
05-10 23:46:55.866  1771  1771 I InputMethodEntryManager: InputMethodEntryManager.updateInputMethodEntrySettingsLoadingTask():877 update loading task with resetImplicitlyEnabledEntries is false
05-10 23:46:55.867  1771  1771 W NotificationCenter: NotificationCenter$NotificationQueue.notifyPendingNotificationsOnExecutor():877 Heavy notify work detected on UI thread: [lop->msb] takes 78ms
05-10 23:46:55.870  2300  2390 D nativeloader: Load /data/app/~~gvTu6A1tyCw2CcR9i-Fsxw==/com.google.android.googlequicksearchbox-FIY-0J53-9Up8WGTRd3aeQ==/base.apk!/lib/x86_64/libdatastore_shared_counter.so using class loader ns clns-10 (caller=/data/app/~~gvTu6A1tyCw2CcR9i-Fsxw==/com.google.android.googlequicksearchbox-FIY-0J53-9Up8WGTRd3aeQ==/base.apk): ok
05-10 23:46:55.875  1771  1771 I PhenotypeModule: PhenotypeModule$3.onDeviceModeChanged():216 onDeviceModeChanged(): phone
05-10 23:46:55.875  1771  1771 I MetricsProcessorProviderManager: MetricsProcessorProviderManager.onClearcutAdapterReady():112 onClearcutAdapterReady
05-10 23:46:55.883  2362  2444 I FcClientStatsdLogManager: Sending FL diagnosis log. [CONTEXT ratelimit_period="60 MINUTES" ]
05-10 23:46:55.893  2353  2353 I DeviceMasker: Target package selected: com.astrixforge.devicemasker.verifier
05-10 23:46:55.894  2353  2353 I LSPosedFramework: (com.astrixforge.devicemasker.verifier)[com.astrixforge.devicemasker,DeviceMasker] Target package selected: com.astrixforge.devicemasker.verifier
05-10 23:46:55.895  2353  2353 I LSPosedFramework: (com.astrixforge.devicemasker.verifier)[com.astrixforge.devicemasker,DeviceMasker] {"eventId":"evt_1778437015893_000002","timestampWallMillis":1778437015893,"timestampElapsedMillis":75566,"sessionId":"xposed","bootId":"unknown","source":"XPOSED","severity":"INFO","eventType":"TARGET_PACKAGE_SELECTED","processName":null,"packageName":null,"pid":null,"tid":null,"threadName":"main","hooker":"DeviceMasker","method":null,"spoofType":null,"status":null,"reason":null,"configVersion":null,"prefsVersion":null,"moduleEnabled":false,"appEnabled":false,"message":"Target package selected: com.astrixforge.devicemasker.verifier","throwableClass":null,"stacktrace":[],"extras":{}}
05-10 23:46:55.899  2428  2428 D ApplicationLoaders: Returning zygote-cached class loader: /system/framework/org.apache.http.legacy.jar
05-10 23:46:55.900  1417  1417 D Telephony: isEmergencyPreferredAccount: subId=1, activeData=1
05-10 23:46:55.900  1417  1417 D Telephony: isEmergencyPreferredAccount: Device does not require preference.
05-10 23:46:55.901  2353  2353 D DeviceMasker: [AntiDetectHooker] Hook registration started for com.astrixforge.devicemasker.verifier
05-10 23:46:55.902  2353  2353 D LSPosedFramework: (com.astrixforge.devicemasker.verifier)[com.astrixforge.devicemasker,DeviceMasker] [AntiDetectHooker] Hook registration started for com.astrixforge.devicemasker.verifier
05-10 23:46:55.906  2353  2353 D LSPosedFramework: (com.astrixforge.devicemasker.verifier)[com.astrixforge.devicemasker,DeviceMasker] {"eventId":"evt_1778437015901_000003","timestampWallMillis":1778437015901,"timestampElapsedMillis":75574,"sessionId":"xposed","bootId":"unknown","source":"XPOSED","severity":"DEBUG","eventType":"HOOK_REGISTRATION_STARTED","processName":null,"packageName":null,"pid":null,"tid":null,"threadName":"main","hooker":"DeviceMasker","method":null,"spoofType":null,"status":null,"reason":null,"configVersion":null,"prefsVersion":null,"moduleEnabled":false,"appEnabled":false,"message":"[AntiDetectHooker] Hook registration started for com.astrixforge.devicemasker.verifier","throwableClass":null,"stacktrace":[],"extras":{}}
05-10 23:46:55.910  2428  2428 D nativeloader: Configuring clns-9 for other apk /system_ext/framework/com.android.extensions.appfunctions.jar. target_sdk_version=36, uses_libraries=ALL, library_path=/product/priv-app/WellbeingPrebuilt/lib/x86_64:/product/priv-app/WellbeingPrebuilt/WellbeingPrebuilt.apk!/lib/x86_64, permitted_path=/data:/mnt/expand:/data/user/0/com.google.android.apps.wellbeing
05-10 23:46:55.910  2428  2428 D ApplicationLoaders: Returning zygote-cached class loader: /system_ext/framework/androidx.window.extensions.jar
05-10 23:46:55.910  2428  2428 D ApplicationLoaders: Returning zygote-cached class loader: /system_ext/framework/androidx.window.sidecar.jar
05-10 23:46:55.913  2353  2353 D AntiDetectHooker: Loading anti-detection hooks for: com.astrixforge.devicemasker.verifier
05-10 23:46:55.915  2353  2353 D LSPosedFramework: (com.astrixforge.devicemasker.verifier)[com.astrixforge.devicemasker,AntiDetectHooker] Loading anti-detection hooks for: com.astrixforge.devicemasker.verifier
05-10 23:46:55.918   658  1006 I libbinder.BpBinder: onLastStrongRef automatically unlinking death recipients for descriptor: '(not cached)'
05-10 23:46:55.920  2353  2353 D LSPosedFramework: (com.astrixforge.devicemasker.verifier)[com.astrixforge.devicemasker,AntiDetectHooker] {"eventId":"evt_1778437015913_000004","timestampWallMillis":1778437015913,"timestampElapsedMillis":75586,"sessionId":"xposed","bootId":"unknown","source":"XPOSED","severity":"DEBUG","eventType":"DIAGNOSTICS_SERVICE_LOG","processName":null,"packageName":null,"pid":null,"tid":null,"threadName":"main","hooker":"AntiDetectHooker","method":null,"spoofType":null,"status":null,"reason":null,"configVersion":null,"prefsVersion":null,"moduleEnabled":false,"appEnabled":false,"message":"Loading anti-detection hooks for: com.astrixforge.devicemasker.verifier","throwableClass":null,"stacktrace":[],"extras":{}}
05-10 23:46:55.934   819  1177 D BackgroundInstallControlService: Package event received: 0
05-10 23:46:55.934  2353  2353 D AntiDetectHooker: Class lookup hiding disabled for target startup safety
05-10 23:46:55.937  2353  2353 D LSPosedFramework: (com.astrixforge.devicemasker.verifier)[com.astrixforge.devicemasker,AntiDetectHooker] Class lookup hiding disabled for target startup safety
05-10 23:46:55.937  1771  1771 W NotificationCenter: NotificationCenter$NotificationQueue.notifyPendingNotificationsOnExecutor():877 Heavy notify work detected on UI thread: [mnw->mnd] takes 60ms
05-10 23:46:55.938  2353  2353 D LSPosedFramework: (com.astrixforge.devicemasker.verifier)[com.astrixforge.devicemasker,AntiDetectHooker] {"eventId":"evt_1778437015935_000005","timestampWallMillis":1778437015935,"timestampElapsedMillis":75608,"sessionId":"xposed","bootId":"unknown","source":"XPOSED","severity":"DEBUG","eventType":"DIAGNOSTICS_SERVICE_LOG","processName":null,"packageName":null,"pid":null,"tid":null,"threadName":"main","hooker":"AntiDetectHooker","method":null,"spoofType":null,"status":null,"reason":null,"configVersion":null,"prefsVersion":null,"moduleEnabled":false,"appEnabled":false,"message":"Class lookup hiding disabled for target startup safety","throwableClass":null,"stacktrace":[],"extras":{}}
05-10 23:46:55.939  1771  1771 I MetricsProcessorProviderManager: MetricsProcessorProviderManager.onClearcutAdapterReady():115 Stop caching metrics after clearcut and available modules ready.
05-10 23:46:55.940  1771  1771 I MetricsManager: MetricsManager.maybeStopCaching():454 Stop caching metrics.
05-10 23:46:55.940  2353  2353 I AntiDetectHooker: Class lookup hiding skipped for target startup safety
05-10 23:46:55.940  1771  1771 W NotificationCenter: NotificationCenter$NotificationQueue.notifyPendingNotificationsOnExecutor():877 Heavy notify work detected on UI thread: [ksn->mvz, mma->mgv] takes 65ms
05-10 23:46:55.944  2300  2390 I dpgx    : (REDACTED) Gemini app was installed: %s
05-10 23:46:55.974  2353  2353 I LSPosedFramework: (com.astrixforge.devicemasker.verifier)[com.astrixforge.devicemasker,AntiDetectHooker] Class lookup hiding skipped for target startup safety
05-10 23:46:55.974  1238  1252 I HWUI    : Davey! duration=3017ms; Flags=0, FrameTimelineVsyncId=4485, IntendedVsync=72582360152, Vsync=75299026710, InputEventId=0, HandleInputStart=75306387400, AnimationStart=75306412600, PerformTraversalsStart=75359707400, DrawStart=75557040400, FrameDeadline=72799026810, FrameStartTime=75306030900, FrameInterval=16666666, WorkloadTarget=16666666, SyncQueued=75557991600, SyncStart=75562127400, IssueDrawCommandsStart=75576013200, SwapBuffers=75576153000, FrameCompleted=75604063700, DequeueBufferDuration=24100, QueueBufferDuration=342900, GpuCompleted=75604063700, SwapBuffersCompleted=75599231000, DisplayPresentTime=0, CommandSubmissionCompleted=75576153000, 
05-10 23:46:55.976  2353  2353 I LSPosedFramework: (com.astrixforge.devicemasker.verifier)[com.astrixforge.devicemasker,AntiDetectHooker] {"eventId":"evt_1778437015940_000006","timestampWallMillis":1778437015940,"timestampElapsedMillis":75614,"sessionId":"xposed","bootId":"unknown","source":"XPOSED","severity":"INFO","eventType":"HOOK_SKIPPED","processName":null,"packageName":null,"pid":null,"tid":null,"threadName":"main","hooker":"AntiDetectHooker","method":null,"spoofType":null,"status":null,"reason":null,"configVersion":null,"prefsVersion":null,"moduleEnabled":false,"appEnabled":false,"message":"Class lookup hiding skipped for target startup safety","throwableClass":null,"stacktrace":[],"extras":{}}
