05-10 23:46:54.024  1584  1584 D BoundBrokerSvc: onBind: Intent { act=com.google.android.gms.time.trustedtime.service.START dat=chimera-action:/... xflg=0x4 cmp=com.google.android.gms/.chimera.PersistentDirectBootAwareApiService }
05-10 23:46:54.036  1584  1584 D BoundBrokerSvc: Loading bound service for intent: Intent { act=com.google.android.gms.time.trustedtime.service.START dat=chimera-action:/... xflg=0x4 cmp=com.google.android.gms/.chimera.PersistentDirectBootAwareApiService }
05-10 23:46:54.040   819   971 W PermissionService: getPermissionFlags: Unknown user -1
05-10 23:46:54.040   819   971 W PermissionService: getPermissionFlags: Unknown user -1
05-10 23:46:54.041  2353  2353 D nativeloader: Load libframework-connectivity-tiramisu-jni.so using APEX ns com_android_tethering for caller /apex/com.android.tethering/javalib/framework-connectivity-t.jar: ok
05-10 23:46:54.046   819  1130 D ConnectivityService: NetReassign [11 : null → 52, 13 : null → 52] [c 0] [a 48] [i 0]
05-10 23:46:54.063   819   819 W Looper  : Slow dispatch took 931ms main app=system_server main=true group=FOREGROUND h=android.app.ActivityThread$H c=android.app.LoadedApk$ReceiverDispatcher$Args$$ExternalSyntheticLambda0@bfbf85 m=0
05-10 23:46:54.069  1839  2075 I AiAiWallpaperEffectsGen: load models from mdd and update ItpCache, isForegroundPath = false
05-10 23:46:54.070  1839  2075 I AiAiWallpaperEffectsGen: Flag off, skip loading mdd models
05-10 23:46:54.072  1821  1925 I SyncWorkManager: Scheduling periodic picker album data resets
05-10 23:46:54.089  1366  1480 W AlarmManager: Unrecognized alarm listener com.android.networkstack.android.net.ip.IpClientLinkObserver$Dhcp6PdPreferredPrefixAlarmListener@1a8bbc9
05-10 23:46:54.100   819  1067 W ActivityManager: Slow operation: 69ms so far, now at attachApplicationLocked: after updateLruProcessLocked
05-10 23:46:54.107  2285  2285 D nativeloader: Configuring clns-shared-11 for other apk /system/priv-app/MediaProviderLegacy/MediaProviderLegacy.apk. target_sdk_version=36, uses_libraries=, library_path=/system/priv-app/MediaProviderLegacy/lib/x86_64:/system/lib64:/system_ext/lib64, permitted_path=/data:/mnt/expand:/data/user/0/com.android.providers.media:/system/priv-app/MediaProviderLegacy:/system/lib64:/system_ext/lib64
05-10 23:46:54.134  1771  1779 W putmethod.latin: Suspending all threads took: 19.763ms
05-10 23:46:54.165   565  2076 W resolv  : SSL_connect ssl error =5, mark 0xf0064: Software caused connection abort
05-10 23:46:54.165   565  2076 W resolv  : TLS Handshake failed
05-10 23:46:54.165   565  2076 W resolv  : query failed
05-10 23:46:54.165   565  2076 W resolv  : validateDnsTlsServer returned 0 for {10.0.2.3/}
05-10 23:46:54.165   565  2076 W resolv  : Validation failed
05-10 23:46:54.168   819  1067 W ActivityManager: Slow operation: 136ms so far, now at attachApplicationLocked: after updateOomAdjLocked
05-10 23:46:54.170  1366  1480 D DhcpClient: doQuit
05-10 23:46:54.181  2362  2362 D CompatChangeReporter: Compat change id reported: 242716250; UID 10143; state: ENABLED
05-10 23:46:54.184  1238  1352 I PluginActionManager[com.android.systemui.action.FALSING_PLUGIN]: Found 0 plugins
05-10 23:46:54.184   819  1130 D InetDiagMessage: Destroyed 1 sockets, proto=IPPROTO_TCP, family=AF_INET, states=14
05-10 23:46:54.185   819  1130 D InetDiagMessage: Destroyed 0 sockets, proto=IPPROTO_TCP, family=AF_INET6, states=14
05-10 23:46:54.185   819  1130 D InetDiagMessage: Destroyed live tcp sockets for local address /10.0.2.16, netIdRanges[[100, 64511]], uidRanges:null in 42ms
05-10 23:46:54.185   819  1130 D InetDiagMessage: Destroyed 0 sockets, proto=IPPROTO_TCP, family=AF_INET, states=14
05-10 23:46:54.186   819  1130 D InetDiagMessage: Destroyed 0 sockets, proto=IPPROTO_TCP, family=AF_INET6, states=14
05-10 23:46:54.186   819  1130 D InetDiagMessage: Destroyed live tcp sockets for local address /fec0::dfb6:f2cd:ee1:4de4, netIdRanges[[100, 64511]], uidRanges:null in 1ms
05-10 23:46:54.190  1427  1427 I ContextualSearchInvoker: Contextual Search invocation failed: no ContextualSearchManager
05-10 23:46:54.190  1427  1427 D StatsLog: LAUNCHER_LAUNCH_ASSISTANT_FAILED_SERVICE_ERROR
05-10 23:46:54.198  1427  1427 W LoaderTask: stopLocked: Loader stopping
05-10 23:46:54.201  1427  1427 D TaskbarManager: recreateTaskbarForDisplay: adding rootView displayId=0 isDefaultDisplay=true
05-10 23:46:54.201  1427  1427 D TaskbarManager: addTaskbarRootViewToWindow: displayId=0 isDefaultDisplay=true
05-10 23:46:54.201  1427  1427 D TaskbarManager: addTaskbarRootViewToWindow: rootLayout already added! displayId=0 isDefaultDisplay=true
05-10 23:46:54.201  1427  1427 D TaskbarManager: getTaskbarRootLayoutForDisplay: displayId=0 isDefaultDisplay=true
05-10 23:46:54.201  1427  1427 D TaskbarManager: recreateTaskbarForDisplay: adding root layout displayId=0 isDefaultDisplay=true
05-10 23:46:54.202  1427  1427 D b/254119092: DisplayController#onConfigurationChanged: {1.0 310mcc260mnc [en_US] ldltr sw448dp w448dp h997dp 480dpi nrml long compactNeeded port night finger qwerty/v/v dpad/v winConfig={ mBounds=Rect(0, 0 - 1344, 2992) mAppBounds=Rect(0, 0 - 1344, 2992) mMaxBounds=Rect(0, 0 - 1344, 2992) mDisplayRotation=ROTATION_0 mWindowingMode=fullscreen mActivityType=undefined mAlwaysOnTop=undefined mRotation=ROTATION_0} as.3 s.41 fontWeightAdjustment=0}
05-10 23:46:54.205  1427  1427 D DisplayController: Overlay changed, notifying listeners
05-10 23:46:54.210  1427  1427 D ActivityAllAppsContainerView: rebindAdapters: force: false
05-10 23:46:54.210  1427  1427 D ActivityAllAppsContainerView: rebindAdapters: Not needed.
05-10 23:46:54.210  1427  1427 D BaseActivity: Launcher flags updated: [state_started|state_resumed|state_deferred_resumed|state_user_active] +[state_deferred_resumed]
05-10 23:46:54.211  1427  1427 D StatsLog: LAUNCHER_ONRESUME
05-10 23:46:54.218  1238  1352 I PluginActionManager[com.android.systemui.action.PLUGIN_SENSOR_MANAGER]: Found 0 plugins
05-10 23:46:54.222   819  1130 D InetDiagMessage: Destroyed 0 sockets, proto=IPPROTO_TCP, family=AF_INET, states=14
05-10 23:46:54.223   819  1130 D InetDiagMessage: Destroyed 0 sockets, proto=IPPROTO_TCP, family=AF_INET6, states=14
05-10 23:46:54.223   819  1130 D InetDiagMessage: Destroyed live tcp sockets for local address /fec0::29d5:60c4:377f:5d55, netIdRanges[[100, 64511]], uidRanges:null in 37ms
05-10 23:46:54.225   565   602 W resolv  : resolv_stats_set_addrs: Network 100 not found for PROTO_DOT
05-10 23:46:54.225   565   602 W resolv  : resolv_stats_set_addrs: Network 100 not found for PROTO_DOH
05-10 23:46:54.254  1771  1771 I FirebaseApp: Device unlocked: initializing all Firebase APIs for app [DEFAULT]
05-10 23:46:54.257  1427  1467 D LoaderTask: loadWorkspace finished
05-10 23:46:54.263   819  1175 D ShortcutService: received package broadcast intent: Intent { act=android.intent.action.PACKAGE_CHANGED dat=package: flg=0x5000010 (has extras) }
05-10 23:46:54.263   819  1175 D ShortcutService: changing package: android userId=0
05-10 23:46:54.266  1427  1467 W LoaderTask: LoaderTask cancelled
05-10 23:46:54.267  1427  1467 I GridSizeMigrationDBController: Migration is not needed. destDeviceState: DeviceGridState{mGridSizeString='4,6', mNumHotseat=4, mDeviceType=0, mDbFile=launcher_4_by_6.db}, srcDeviceState: DeviceGridState{mGridSizeString='4,6', mNumHotseat=4, mDeviceType=0, mDbFile=launcher_4_by_6.db}
05-10 23:46:54.267  1427  1467 D ModelDbController: isGridMigrationNecessary: no grid migration needed
05-10 23:46:54.270   819   819 W Looper  : Slow dispatch took 206ms main app=system_server main=true group=FOREGROUND h=android.app.ActivityThread$H c=android.app.LoadedApk$ReceiverDispatcher$Args$$ExternalSyntheticLambda0@aa7f95c m=0
05-10 23:46:54.293  1238  1352 I PluginActionManager[com.android.systemui.action.PLUGIN_AUTH_CONTEXT]: Found 0 plugins
05-10 23:46:54.294  1427  1427 I Choreographer: Skipped 119 frames!  The application may be doing too much work on its main thread.
05-10 23:46:54.298  1427  1467 I GridSizeMigrationDBController: Migration is not needed. destDeviceState: DeviceGridState{mGridSizeString='4,6', mNumHotseat=4, mDeviceType=0, mDbFile=launcher_4_by_6.db}, srcDeviceState: DeviceGridState{mGridSizeString='4,6', mNumHotseat=4, mDeviceType=0, mDbFile=launcher_4_by_6.db}
05-10 23:46:54.298  2362  2362 D ApplicationLoaders: Returning zygote-cached class loader: /system_ext/framework/androidx.window.extensions.jar
05-10 23:46:54.301  1427  1467 D LoaderTask: loadWorkspace: loading default favorites if necessary
05-10 23:46:54.304  1427  1467 D LoaderTask: loadWorkspace: Packages with active install/update sessions: []
05-10 23:46:54.305  1427  1467 D LoaderTask: No pinned shortcuts found for user UserHandle{0}
05-10 23:46:54.311  1427  1467 D WorkspaceItemProcessor: valid target true, marking restored: com.google.android.dialer, itemType=0, restoreFlag=0
05-10 23:46:54.316  2362  2362 D ApplicationLoaders: Returning zygote-cached class loader: /system_ext/framework/androidx.window.sidecar.jar
05-10 23:46:54.321   819  1177 D BackgroundInstallControlService: Package event received: 0
05-10 23:46:54.324  1238  1352 I PluginActionManager[com.android.systemui.action.PLUGIN_VOLUME]: Found 0 plugins
05-10 23:46:54.331   819  1065 W ActivityManager: Slow operation: 54ms so far, now at attachApplicationLocked: after updateOomAdjLocked
05-10 23:46:54.338  1584  1584 D BoundBrokerSvc: onBind: Intent { act=com.google.android.gms.usagereporting.service.START dat=chimera-action:/... xflg=0x4 cmp=com.google.android.gms/.chimera.PersistentDirectBootAwareApiService }
05-10 23:46:54.346   819   819 I TransportConnection: D2dTransportService#1: Notifying [TransportManager.registerTransport()] transport = BackupTransportClient
05-10 23:46:54.349  1427  1427 D BubbleBarView: BubbleBar RTL properties changed, new layoutDirection=0 previous layoutDirection=-1
05-10 23:46:54.351  1584  1584 D BoundBrokerSvc: Loading bound service for intent: Intent { act=com.google.android.gms.usagereporting.service.START dat=chimera-action:/... xflg=0x4 cmp=com.google.android.gms/.chimera.PersistentDirectBootAwareApiService }
05-10 23:46:54.353  1427  1467 D WorkspaceItemProcessor: valid target true, marking restored: com.google.android.apps.messaging, itemType=0, restoreFlag=0
05-10 23:46:54.357   819  1122 E WifiStaIfaceAidlImpl: setDtimMultiplier failed with service-specific exception: android.os.ServiceSpecificException:  (code 4)
05-10 23:46:54.369   819  2115 W ActivityManager: Slow operation: 51ms so far, now at finishAttachApplicationInner: after mServices.attachApplicationLocked
05-10 23:46:54.369   819  2115 W ActivityManager: Slow operation: 52ms so far, now at finishAttachApplicationInner: after dispatching broadcasts
05-10 23:46:54.378  1238  1352 I PluginActionManager[com.android.systemui.action.PLUGIN_TOAST]: Found 0 plugins
05-10 23:46:54.381   819  2115 W ActivityManager: Slow operation: 64ms so far, now at finishAttachApplicationInner: after updateOomAdjLocked
05-10 23:46:54.388  1238  1352 I PluginActionManager[com.android.systemui.action.PLUGIN_GLOBAL_ACTIONS]: Found 0 plugins
05-10 23:46:54.394   819  1177 D BackgroundInstallControlService: Package event received: 0
05-10 23:46:54.395   819  1177 D BackgroundInstallControlService: Package event received: 0
05-10 23:46:54.399  1238  1352 I PluginActionManager[com.android.systemui.action.PLUGIN_QS]: Found 0 plugins
05-10 23:46:54.401   819  1177 D BackgroundInstallControlService: Package event received: 0
05-10 23:46:54.409   658  1005 I libbinder.BpBinder: onLastStrongRef automatically unlinking death recipients for descriptor: '(not cached)'
05-10 23:46:54.413  1238  1352 I PluginActionManager[com.android.systemui.action.PLUGIN_NOTIFICATION_ASSISTANT]: Found 0 plugins
05-10 23:46:54.416  1427  1427 D NexusLauncherModelDelegate: notifySmartspaceEvent: SmartspaceTargetEvent{mSmartspaceTarget=SmartspaceTarget{mSmartspaceTargetId='date_card_794317_92634', mHeaderAction=null, mBaseAction=null, mCreationTimeMillis=0, mExpiryTimeMillis=0, mScore=0.0, mActionChips=[], mIconGrid=[], mFeatureType=1, mSensitive=false, mShouldShowExpanded=false, mSourceNotificationKey='null', mComponentName=ComponentInfo{com.google.android.apps.nexuslauncher/w7.d0}, mUserHandle=UserHandle{0}, mAssociatedSmartspaceTargetId='null', mSliceUri=null, mWidget=null, mTemplateData=BaseTemplateData{mTemplateType=1, mPrimaryItem=null, mSubtitleItem=null, mSubtitleSupplementalItem=null, mSupplementalLineItem=null, mSupplementalAlarmItem=null, mLayoutWeight=0}, mRemoteViews=null}, mSmartspaceActionId='null', mEventType=8}
05-10 23:46:54.419   819  2185 V WindowManager: Continue transition id=6 for TaskFragmentTransaction=android.os.Binder@a785dd
05-10 23:46:54.419   819  2185 V WindowManager: continueTransitionReady deferReadyDepth=0 stack=com.android.server.wm.TransitionController.continueTransitionReady:1071 com.android.server.wm.TaskFragmentOrganizerController$TaskFragmentOrganizerState.onTransactionFinished:546 com.android.server.wm.TaskFragmentOrganizerController.onTransactionHandled:740 android.window.ITaskFragmentOrganizerController$Stub.onTransact:225 android.os.Binder.execTransactInternal:1473 
05-10 23:46:54.421  1427  1427 D BaseActivity: Launcher flags updated: [state_started|state_resumed|state_deferred_resumed] -[state_user_active]
05-10 23:46:54.422  1427  1427 D BaseActivity: Launcher flags updated: [state_started] -[state_resumed|state_deferred_resumed]
05-10 23:46:54.422  1427  1427 W SplitSelectStateCtor: Missing session instanceIds
05-10 23:46:54.422  1427  1427 D StatsLog: LAUNCHER_SPLIT_SELECTION_EXIT_INTERRUPTED
05-10 23:46:54.432  1238  1287 D WindowManagerShell: setLauncherKeepClearAreaHeight: visible=false, height=567
05-10 23:46:54.433  1417  1548 E SatelliteController: registerForSatelliteCommunicationAccessStateChanged: SatelliteManager is null
05-10 23:46:54.434  1417  1548 D SatelliteController: isCarrierRoamingNtnEligible: satellite access is not allowed
05-10 23:46:54.434  1417  1548 D SatelliteController: evaluateCarrierRoamingNtnEligibilityChange: isCarrierRoamingNtnEligible=false
05-10 23:46:54.443  1238  1352 I PluginActionManager[com.android.systemui.action.PLUGIN_OVERLAY]: Found 0 plugins
05-10 23:46:54.445  1427  1467 D WorkspaceItemProcessor: valid target true, marking restored: com.android.chrome, itemType=0, restoreFlag=0
05-10 23:46:54.453   819  1177 D BackgroundInstallControlService: Package event received: 0
05-10 23:46:54.453  1427  1427 D RecentsView: onTaskDisplayChanged: 46, new displayId = 0
05-10 23:46:54.456  1427  1427 D TISBindHelper: TIS service connected
05-10 23:46:54.456  1427  1427 D TaskbarManager: setActivity: mActivity=null displayId=0 isDefaultDisplay=true
05-10 23:46:54.456  1427  1427 D TaskbarManager: setActivity: registering activity lifecycle callbacks. displayId=0 isDefaultDisplay=true
05-10 23:46:54.456  1427  1427 D TaskbarManager: getUnfoldTransitionProgressProviderForActivity displayId=0 isDefaultDisplay=true
05-10 23:46:54.456  1427  1427 D TaskbarManager: setRecentsViewContainer displayId=0 isDefaultDisplay=true
05-10 23:46:54.456  1427  1427 D TaskbarManager: createTaskbarUIControllerForRecentsViewContainer displayId=0 isDefaultDisplay=true
05-10 23:46:54.460   819   967 V WindowManager: Sent Transition (#6) createdAt=05-10 23:46:51.081 via request=TransitionRequestInfo { type = CLOSE, triggerTask = null, pipChange = null, remoteTransition = RemoteTransition { remoteTransition = android.window.IRemoteTransition$Stub$Proxy@fd8c057, appThread = null, debugName = TaskFragmentComponent }, displayChange = null, requestedLocation = null, userChange = null, windowingLayerChange = null, flags = 0, debugId = 6 }
05-10 23:46:54.461   819   967 V WindowManager:     startWCT=WindowContainerTransaction { changes= {} hops= [] errorCallbackToken=null taskFragmentOrganizer=null }
05-10 23:46:54.461   819   967 V WindowManager:     info={id=6 t=CLOSE f=0x0 trk=1 r=[0@Point(0, 0)] c=[
05-10 23:46:54.461   819   967 V WindowManager:         {WCT{RemoteToken{42e9744 Task{ec45c5 #46 type=standard A=10232:com.astrixforge.devicemasker.verifier}}} m=OPEN f=NONE leash=Surface(name=Task=46#113)/@0xa370f9e sb=Rect(0, 0 - 1344, 2992) eb=Rect(0, 0 - 1344, 2992) epz=Point(1344, 2992) d=0 taskParent=-1 winMode=1 userId=0},
05-10 23:46:54.461   819   967 V WindowManager:         {WCT{RemoteToken{c85502d Task{52bcfc4 #1 type=home}}} m=TO_BACK f=SHOW_WALLPAPER leash=Surface(name=Task=1#44)/@0x3f3b2c1 sb=Rect(0, 0 - 1344, 2992) eb=Rect(0, 0 - 1344, 2992) epz=Point(1344, 2992) d=0 taskParent=-1 winMode=1 userId=0},
05-10 23:46:54.461   819   967 V WindowManager:         {m=TO_BACK f=IS_WALLPAPER leash=Surface(name=WallpaperWindowToken{433c46b}#59)/@0x23a73cb sb=Rect(0, 0 - 1344, 2992) eb=Rect(0, 0 - 1344, 2992) epz=Point(1344, 2992) d=0}
05-10 23:46:54.461   819   967 V WindowManager:     ]}
05-10 23:46:54.466  1427  1427 D b/417220811: invalidateLoadedTasks - previous requestLoadId: -1
05-10 23:46:54.468   658   673 I libbinder.BpBinder: onLastStrongRef automatically unlinking death recipients for descriptor: '(not cached)'
05-10 23:46:54.469  1238  1287 V ShellTaskOrganizer: Task appeared taskId=46 listener=FullscreenTaskListener
05-10 23:46:54.469  1427  1427 D b/417220811: invalidateLoadedTasks - previous requestLoadId: -1
05-10 23:46:54.470   819  1177 D BackgroundInstallControlService: Package event received: 0
05-10 23:46:54.473  1427  1427 D SsBaseTemplateCard: Date view text is empty
05-10 23:46:54.473   819  1177 D BackgroundInstallControlService: Package event received: 0
05-10 23:46:54.475  1238  1287 V ShellTaskOrganizer: Fullscreen Task Appeared: #46
05-10 23:46:54.475  1427  1427 D SsBaseTemplateCard: Passed-in item info is null
05-10 23:46:54.477  1417  1548 D SatelliteController: getSelectedSatelliteSubId: subId=-1
05-10 23:46:54.479  1427  1427 D SsBaseTemplateCard: Passed-in item info is null
05-10 23:46:54.479  1427  1427 D SsBaseTemplateCard: Passed-in item info is null
05-10 23:46:54.479  1427  1427 D SsBaseTemplateCard: Passed-in item info is null
05-10 23:46:54.479  1427  1427 I SsBaseTemplateCard: Secondary card pane is null
05-10 23:46:54.480  1417  1548 D SatelliteController: notifyNtnEligibility: phoneId=0 currentNtnEligibility=false
05-10 23:46:54.482  1417  1548 V SatelliteController: getWwanIsInService: return true
05-10 23:46:54.487  1417  1548 D SatelliteController: handleServiceStateForSatelliteConnectionViaCarrier: resetCarrierRoamingSatelliteModeParams: device is connected to terrestrial service or radio is off
05-10 23:46:54.495   819   911 I system_server: Background young concurrent copying GC freed 10MB AllocSpace bytes, 22(1024KB) LOS objects, 24% free, 39MB/52MB, paused 19.886ms,45.146ms total 2.442s
05-10 23:46:54.502  1427  1439 I HWUI    : Davey! duration=2078ms; Flags=0, FrameTimelineVsyncId=4267, IntendedVsync=71982360176, Vsync=73965693430, InputEventId=0, HandleInputStart=74022533500, AnimationStart=74022556500, PerformTraversalsStart=74022905700, DrawStart=74025605200, FrameDeadline=72549026820, FrameStartTime=73968210800, FrameInterval=16666666, WorkloadTarget=16666666, SyncQueued=74025873300, SyncStart=74047863900, IssueDrawCommandsStart=74049438800, SwapBuffers=74050144900, FrameCompleted=74082656000, DequeueBufferDuration=27800, QueueBufferDuration=348800, GpuCompleted=74082502700, SwapBuffersCompleted=74082656000, DisplayPresentTime=863288426680, CommandSubmissionCompleted=74050144900, 
05-10 23:46:54.502  1427  1427 D NexusLauncherModelDelegate: notifySmartspaceEvent: SmartspaceTargetEvent{mSmartspaceTarget=SmartspaceTarget{mSmartspaceTargetId='date_card_794317_92634', mHeaderAction=null, mBaseAction=null, mCreationTimeMillis=0, mExpiryTimeMillis=0, mScore=0.0, mActionChips=[], mIconGrid=[], mFeatureType=1, mSensitive=false, mShouldShowExpanded=false, mSourceNotificationKey='null', mComponentName=ComponentInfo{com.google.android.apps.nexuslauncher/w7.d0}, mUserHandle=UserHandle{0}, mAssociatedSmartspaceTargetId='null', mSliceUri=null, mWidget=null, mTemplateData=BaseTemplateData{mTemplateType=1, mPrimaryItem=null, mSubtitleItem=null, mSubtitleSupplementalItem=null, mSupplementalLineItem=null, mSupplementalAlarmItem=null, mLayoutWeight=0}, mRemoteViews=null}, mSmartspaceActionId='null', mEventType=3}
05-10 23:46:54.503  1427  1427 D NexusLauncherModelDelegate: notifySmartspaceEvent: SmartspaceTargetEvent{mSmartspaceTarget=SmartspaceTarget{mSmartspaceTargetId='date_card_794317_92634', mHeaderAction=null, mBaseAction=null, mCreationTimeMillis=0, mExpiryTimeMillis=0, mScore=0.0, mActionChips=[], mIconGrid=[], mFeatureType=1, mSensitive=false, mShouldShowExpanded=false, mSourceNotificationKey='null', mComponentName=ComponentInfo{com.google.android.apps.nexuslauncher/w7.d0}, mUserHandle=UserHandle{0}, mAssociatedSmartspaceTargetId='null', mSliceUri=null, mWidget=null, mTemplateData=BaseTemplateData{mTemplateType=1, mPrimaryItem=null, mSubtitleItem=null, mSubtitleSupplementalItem=null, mSupplementalLineItem=null, mSupplementalAlarmItem=null, mLayoutWeight=0}, mRemoteViews=null}, mSmartspaceActionId='null', mEventType=2}
05-10 23:46:54.504   819   912 I libbinder.BpBinder: onLastStrongRef automatically unlinking death recipients for descriptor: '(not cached)'
05-10 23:46:54.505  1878  2154 I Bugle   : TelephonyManagerFactory: Returning per-subscription TelephonyManager (>= N) subscription{id:1}
05-10 23:46:54.509   269   279 I keystore2: system/security/keystore2/watchdog/src/lib.rs:371 - Watchdog thread idle -> terminating. Have a great day.
05-10 23:46:54.517  1238  1381 V WindowManagerShell: onTransitionReady(transaction=3517578216413)
05-10 23:46:54.522   819  1029 W ContextImpl: Calling a method in the system process without a qualified user: android.app.ContextImpl.sendBroadcastMultiplePermissions:1358 android.content.Context.sendBroadcastMultiplePermissions:2795 com.android.server.TelephonyRegistry.broadcastServiceStateChanged:4165 com.android.server.TelephonyRegistry.notifyServiceStateForPhoneId:1848 com.android.internal.telephony.ITelephonyRegistry$Stub.onTransact:613 
05-10 23:46:54.537  1238  1287 V WindowManagerShell: onTransitionReady (#6) android.os.BinderProxy@3acdb52: {id=6 t=CLOSE f=0x0 trk=1 r=[0@Point(0, 0)] c=[
05-10 23:46:54.537  1238  1287 V WindowManagerShell:         {m=OPEN f=NONE leash=Surface(name=Task=46#113)/@0x4ef0baf sb=Rect(0, 0 - 1344, 2992) eb=Rect(0, 0 - 1344, 2992) epz=Point(1344, 2992) d=0 taskParent=-1 winMode=1 userId=0},
05-10 23:46:54.537  1238  1287 V WindowManagerShell:         {m=TO_BACK f=SHOW_WALLPAPER leash=Surface(name=Task=1#44)/@0x7b17bbc sb=Rect(0, 0 - 1344, 2992) eb=Rect(0, 0 - 1344, 2992) epz=Point(1344, 2992) d=0 taskParent=-1 winMode=1 userId=0},
05-10 23:46:54.537  1238  1287 V WindowManagerShell:         {m=TO_BACK f=IS_WALLPAPER leash=Surface(name=WallpaperWindowToken{433c46b}#59)/@0x9ad2745 sb=Rect(0, 0 - 1344, 2992) eb=Rect(0, 0 - 1344, 2992) epz=Point(1344, 2992) d=0}
05-10 23:46:54.537  1238  1287 V WindowManagerShell:     ]}
05-10 23:46:54.551   819   971 V WindowManager: deferTransitionReady deferReadyDepth=1 stack=com.android.server.wm.WindowOrganizerController.applyTransaction:658 com.android.server.wm.WindowOrganizerController.applyTransaction:626 com.android.server.wm.WindowOrganizerController.lambda$applyTaskFragmentTransactionLocked$5:602 com.android.server.wm.WindowOrganizerController.$r8$lambda$b9SZ7IAloD3MuUhvAJTdz5zHJ5k:0 com.android.server.wm.WindowOrganizerController$$ExternalSyntheticLambda4.onCollectStarted:0 
05-10 23:46:54.553  1366  1480 D DhcpClient: DHCP Packet Handler stopped
05-10 23:46:54.554  1584  1596 W WearableService: onGetService: Wear is not available on this device. Calling package: com.google.android.googlequicksearchbox
05-10 23:46:54.557  1366  1480 D DhcpClient: onQuitting
05-10 23:46:54.562  1427  1467 D WorkspaceItemProcessor: valid target true, marking restored: com.android.vending, itemType=0, restoreFlag=0
05-10 23:46:54.572   819  2115 W OverlayManager: service 'idmap' died
05-10 23:46:54.583   819  1029 W ContextImpl: Calling a method in the system process without a qualified user: android.app.ContextImpl.sendBroadcastMultiplePermissions:1391 com.android.server.TelephonyRegistry.broadcastServiceStateChanged:4170 com.android.server.TelephonyRegistry.notifyServiceStateForPhoneId:1848 com.android.internal.telephony.ITelephonyRegistry$Stub.onTransact:613 android.os.Binder.execTransactInternal:1473 
05-10 23:46:54.585   819  1130 D InetDiagMessage: Destroyed 0 sockets, proto=IPPROTO_TCP, family=AF_INET, states=14
05-10 23:46:54.585   819  1130 D InetDiagMessage: Destroyed 0 sockets, proto=IPPROTO_TCP, family=AF_INET6, states=14
05-10 23:46:54.585   819  1130 D InetDiagMessage: Destroyed live tcp sockets for local address /10.0.2.16, netIdRanges[[0, 99]], uidRanges:null in 1ms
05-10 23:46:54.586  1417  1548 D SatelliteController: getCarrierRoamingNtnConnectType: Falling back to global carrier config connect type: 0
05-10 23:46:54.594  1238  1287 V WindowManagerShell: Playing animation for (#6) android.os.BinderProxy@3acdb52@1
05-10 23:46:54.599  1238  1287 V WindowManagerShell:  try firstHandler com.android.wm.shell.transition.RemoteTransitionHandler@d7c66fa
05-10 23:46:54.600  1238  1287 V WindowManagerShell:  Delegate animation for (#6) to RemoteTransition { remoteTransition = android.window.IRemoteTransition$Stub$Proxy@ed88e23, appThread = null, debugName = TaskFragmentComponent }
05-10 23:46:54.608  1417  1548 D SatelliteController: updateLastNotifiedNtnModeAndNotify: subId=1 initialized=true lastNotifiedNtnMode=false currNtnMode=false
05-10 23:46:54.609  1417  1548 D SatelliteController: iisInCarrierRoamingNbIotNtn: satellite is disabled
05-10 23:46:54.618   819  1029 W ContextImpl: Calling a method in the system process without a qualified user: android.app.ContextImpl.sendBroadcastMultiplePermissions:1391 com.android.server.TelephonyRegistry.broadcastServiceStateChanged:4179 com.android.server.TelephonyRegistry.notifyServiceStateForPhoneId:1848 com.android.internal.telephony.ITelephonyRegistry$Stub.onTransact:613 android.os.Binder.execTransactInternal:1473 
05-10 23:46:54.624  1238  1287 V WindowManagerShell:  animated by firstHandler
05-10 23:46:54.627   819   971 V WindowManager: continueTransitionReady deferReadyDepth=0 stack=com.android.server.wm.WindowOrganizerController.applyTransaction:799 com.android.server.wm.WindowOrganizerController.applyTransaction:626 com.android.server.wm.WindowOrganizerController.lambda$applyTaskFragmentTransactionLocked$5:602 com.android.server.wm.WindowOrganizerController.$r8$lambda$b9SZ7IAloD3MuUhvAJTdz5zHJ5k:0 com.android.server.wm.WindowOrganizerController$$ExternalSyntheticLambda4.onCollectStarted:0 
05-10 23:46:54.630  1417  1548 D SatelliteController: getCarrierRoamingNtnConnectType: Falling back to global carrier config connect type: 0
05-10 23:46:54.634   819  1130 D InetDiagMessage: Destroyed 0 sockets, proto=IPPROTO_TCP, family=AF_INET, states=14
05-10 23:46:54.634   819  1130 D InetDiagMessage: Destroyed 0 sockets, proto=IPPROTO_TCP, family=AF_INET6, states=14
05-10 23:46:54.634   819  1130 D InetDiagMessage: Destroyed live tcp sockets for local address /fec0::29d5:60c4:377f:5d55, netIdRanges[[0, 99]], uidRanges:null in 14ms
05-10 23:46:54.646   819  1029 W ContextImpl: Calling a method in the system process without a qualified user: android.app.ContextImpl.sendBroadcastMultiplePermissions:1391 com.android.server.TelephonyRegistry.broadcastServiceStateChanged:4185 com.android.server.TelephonyRegistry.notifyServiceStateForPhoneId:1848 com.android.internal.telephony.ITelephonyRegistry$Stub.onTransact:613 android.os.Binder.execTransactInternal:1473 
05-10 23:46:54.648   819  1177 D BackgroundInstallControlService: Package event received: 0
05-10 23:46:54.650  1238  1712 V WindowManagerShell: Received remote transition finished callback for (#6)
05-10 23:46:54.653  1427  1427 D b/417220811: invalidateLoadedTasks - previous requestLoadId: -1
05-10 23:46:54.657  1427  1427 D b/417220811: invalidateLoadedTasks - previous requestLoadId: -1
05-10 23:46:54.664  1417  1417 D ServiceStateProvider: subId=1
05-10 23:46:54.668  1771  2280 I SpeechPackManager: SpeechPackManager.init():179 init()
05-10 23:46:54.676  1337  1348 I webview_zygote: Background concurrent copying GC freed 171KB AllocSpace bytes, 1(64KB) LOS objects, 49% free, 1676KB/3353KB, paused 258us,61us total 226.888ms
05-10 23:46:54.677  1366  1480 W AlarmManager: Unrecognized alarm listener com.android.networkstack.android.net.ip.IpClientLinkObserver$Dhcp6PdPreferredPrefixAlarmListener@1a8bbc9
05-10 23:46:54.652   819  1177 D BackgroundInstallControlService: Package event received: 0
05-10 23:46:54.678   819  1130 D InetDiagMessage: Destroyed 0 sockets, proto=IPPROTO_TCP, family=AF_INET, states=14
05-10 23:46:54.682   819  1130 D InetDiagMessage: Destroyed 0 sockets, proto=IPPROTO_TCP, family=AF_INET6, states=14
05-10 23:46:54.682   819  1130 D InetDiagMessage: Destroyed live tcp sockets for local address /fec0::dfb6:f2cd:ee1:4de4, netIdRanges[[0, 99]], uidRanges:null in 40ms
05-10 23:46:54.689   819  1130 D InetDiagMessage: Destroyed 0 sockets, proto=IPPROTO_TCP, family=AF_INET, states=14
05-10 23:46:54.689   819  1130 D InetDiagMessage: Destroyed 0 sockets, proto=IPPROTO_TCP, family=AF_INET6, states=14
05-10 23:46:54.689   819  1130 D InetDiagMessage: Destroyed live tcp sockets for local address /fe80::792c:d39b:d559:8525, interfaceId:15 in 7ms
05-10 23:46:54.690  1427  1467 D WorkspaceItemProcessor: valid target true, marking restored: com.topjohnwu.magisk, itemType=0, restoreFlag=0
05-10 23:46:54.690  1238  1287 V WindowManagerShell: Transition animation finished (aborted=false), notifying core (#6) android.os.BinderProxy@3acdb52@1
05-10 23:46:54.692  1771  2280 I SpeechPackManager: SpeechPackManager.registerManifest():511 registerManifest() : https://dl.google.com/android/voice/gboard/terse/superpacks-manifest-20210519.json
05-10 23:46:54.698   819   971 V WindowManager: Defer transition id=7 for TaskFragmentTransaction=android.os.Binder@7942e23
05-10 23:46:54.698   819   971 V WindowManager: deferTransitionReady deferReadyDepth=1 stack=com.android.server.wm.TransitionController.deferTransitionReady:1061 com.android.server.wm.TaskFragmentOrganizerController$TaskFragmentOrganizerState.dispatchTransaction:517 com.android.server.wm.TaskFragmentOrganizerController.dispatchPendingEvents:1259 com.android.server.wm.TaskFragmentOrganizerController.dispatchPendingEvents:1228 com.android.server.wm.RootWindowContainer.performSurfacePlacement:777 
05-10 23:46:54.705  1427  1427 D TaskFragmentComponent: release and clear taskSurface
05-10 23:46:54.711  2362  2362 D nativeloader: InitLlndkLibrariesProduct: libEGL.so:libGLESv1_CM.so:libGLESv2.so:libGLESv3.so:libRS.so:libandroid_net.so:libapexsupport.so:libavf.so:libbinder_ndk.so:libc.so:libcgrouprc.so:libclang_rt.asan-x86_64-android.so:libcom.android.tethering.connectivity_native.so:libdl.so:libft2.so:liblog.so:libm.so:libmediandk.so:libnativewindow.so:libneuralnetworks.so:libselinux.so:libsync.so:libvendorsupport.so:libvndksupport.so:libvulkan.so
05-10 23:46:54.714  1427  1427 D TaskFragmentComponent: Setting valid task fragment surface control in TYPE_TASK_FRAGMENT_APPEARED
05-10 23:46:54.723  2362  2362 D nativeloader: Configuring product-clns-9 for unbundled product apk /product/priv-app/DeviceIntelligenceNetworkPrebuilt-astrea_20240329.00_RC02/DeviceIntelligenceNetworkPrebuilt-astrea_20240329.00_RC02.apk. target_sdk_version=34, uses_libraries=, library_path=/product/priv-app/DeviceIntelligenceNetworkPrebuilt-astrea_20240329.00_RC02/lib/x86_64:/product/priv-app/DeviceIntelligenceNetworkPrebuilt-astrea_20240329.00_RC02/DeviceIntelligenceNetworkPrebuilt-astrea_20240329.00_RC02.apk!/lib/x86_64:/product/lib64:/system/product/lib64, permitted_path=/data:/mnt/expand:/data/user/0/com.google.android.as.oss:/product/lib64:/system/product/lib64
05-10 23:46:54.723  2362  2362 D nativeloader: InitVndkspLibrariesProduct: VNDK is deprecated with product
05-10 23:46:54.731  1238  1238 D NavigationModeController: ACTION_OVERLAY_CHANGED
05-10 23:46:54.732  1238  1238 D NavigationModeController: getCurrentUserContext: contextUser=0 currentUser=0
05-10 23:46:54.732  1238  1238 D NavigationModeController: getCurrentInteractionMode: mode=2 contextUser=0
05-10 23:46:54.732  1238  1238 D NavigationModeController: updateCurrentInteractionMode: mode=2
05-10 23:46:54.732  1238  1238 D NavigationModeController:   contextUser=0
05-10 23:46:54.732  1238  1238 D NavigationModeController:   assetPaths=
05-10 23:46:54.732  1238  1238 D NavigationModeController:     /system/framework/framework-res.apk
05-10 23:46:54.732  1238  1238 D NavigationModeController:     /vendor/overlay/framework-res__sdk_gphone16k_x86_64__auto_generated_rro_vendor.apk
05-10 23:46:54.732  1238  1238 D NavigationModeController:     /product/overlay/GoogleConfigOverlay.apk
05-10 23:46:54.732  1238  1238 D NavigationModeController:     /product/overlay/GoogleWebViewOverlay.apk
05-10 23:46:54.732  1238  1238 D NavigationModeController:     /product/overlay/LargeScreenConfigOverlay.apk
05-10 23:46:54.732  1238  1238 D NavigationModeController:     /product/overlay/PixelConfigOverlayCommon.apk
05-10 23:46:54.732  1238  1238 D NavigationModeController:     /product/overlay/framework-res__sdk_gphone16k_x86_64__auto_generated_rro_product.apk
05-10 23:46:54.732  1238  1238 D NavigationModeController:     /product/overlay/RanchuCommonOverlay.apk
05-10 23:46:54.732  1238  1238 D NavigationModeController:     /system_ext/priv-app/SystemUIGoogle/SystemUIGoogle.apk
05-10 23:46:54.732  1238  1238 D NavigationModeController:     /product/overlay/EmulationPixel10ProXL/EmulationPixel10ProXLOverlay.apk
05-10 23:46:54.732  1238  1238 D NavigationModeController:     /product/overlay/NavigationBarModeGestural/NavigationBarModeGesturalOverlay.apk
05-10 23:46:54.732  1238  1238 D NavigationModeController:     /vendor/overlay/SystemUIGoogle__sdk_gphone16k_x86_64__auto_generated_rro_vendor.apk
05-10 23:46:54.732  1238  1238 D NavigationModeController:     /product/overlay/SystemUIGoogle__sdk_gphone16k_x86_64__auto_generated_rro_product.apk
05-10 23:46:54.732  1238  1238 D NavigationModeController:     /product/overlay/SystemUIEmulationPixel10ProXL/SystemUIEmulationPixel10ProXLOverlay.apk
05-10 23:46:54.733  1238  1238 D NavigationModeController: getCurrentUserContext: contextUser=0 currentUser=0
05-10 23:46:54.738   819  1029 V WindowManager: Queueing transition: TransitionRecord{ec0211 id=-1 type=CLOSE flags=0x0 parallelCollectType=NONE recentsDisplayId=-1}
05-10 23:46:54.759  1238  1344 W Looper  : Slow dispatch took 1794ms SysUiBg app=com.android.systemui main=false group=FOREGROUND h=android.os.Handler c=com.android.systemui.statusbar.connectivity.NetworkControllerImpl$$ExternalSyntheticLambda11@6f3503e m=0
05-10 23:46:54.759  1417  1417 D SatelliteController: registerForSatelliteModemStateChanged: add Listeners for ModemState
05-10 23:46:54.759  1417  1417 E SatelliteController: registerForSatelliteModemStateChanged: mSatelliteSessionController is not initialized yet
05-10 23:46:54.763  1427  1427 D VRI[NexusLauncherActivity]: visibilityChanged oldVisibility=true newVisibility=false
05-10 23:46:54.772   819   967 V WindowManager: Finish Transition (#6): created at 05-10 23:46:51.081 collect-started=1292.292ms request-sent=1343.001ms started=1362.589ms ready=3360.998ms sent=3365.937ms commit=256.7ms finished=3666.161ms
05-10 23:46:54.822  1771  2387 I SpeechPackManager: SpeechPackManager.registerManifest():518 registerManifest() : Reusing hash 1327534105
05-10 23:46:54.832  1771  2403 I HttpFlagsLoader: HTTP flags log line (API): Using live production flag values from Google
05-10 23:46:54.843  1839  2346 I AiAiSpeechRecognition: Finished deleting old background tasks.
05-10 23:46:54.877  1238  1238 D DreamComponentMigrator: user unlocked
05-10 23:46:54.877  1238  1238 D DL2025Feature: user unlocked
05-10 23:46:54.877  1238  1238 D PowerNotificationWarningsGoogleImpl: onReceive: android.intent.action.BATTERY_CHANGED
05-10 23:46:54.877  1238  1238 D PulsarController: dispatchIntent: android.intent.action.BATTERY_CHANGED
05-10 23:46:54.877  1238  1238 D IncompatibleChargerNotification: dispatchIntent: android.intent.action.BATTERY_CHANGED
05-10 23:46:54.889  1238  1347 W DL2025Feature: isFeatureEnabled getting info failed
05-10 23:46:54.889  1238  1347 W DL2025Feature: java.lang.IllegalArgumentException: Unknown component: ComponentInfo{com.google.android.apps.dreamliner/com.google.android.apps.dreamliner.settings.kitt.ChargingExperienceReceiver}
05-10 23:46:54.889  1238  1347 W DL2025Feature: 	at android.os.Parcel.createExceptionOrNull(Parcel.java:3377)
05-10 23:46:54.889  1238  1347 W DL2025Feature: 	at android.os.Parcel.createException(Parcel.java:3357)
05-10 23:46:54.889  1238  1347 W DL2025Feature: 	at android.os.Parcel.readException(Parcel.java:3340)
05-10 23:46:54.889  1238  1347 W DL2025Feature: 	at android.os.Parcel.readException(Parcel.java:3282)
05-10 23:46:54.889  1238  1347 W DL2025Feature: 	at android.content.pm.IPackageManager$Stub$Proxy.getComponentEnabledSetting(IPackageManager.java:6440)
05-10 23:46:54.889  1238  1347 W DL2025Feature: 	at android.app.ApplicationPackageManager.getComponentEnabledSetting(ApplicationPackageManager.java:3301)
05-10 23:46:54.889  1238  1347 W DL2025Feature: 	at com.google.android.systemui.dreamliner.kitt.KittFeatureStateRepository.access$doUpdateState(go/retraceme d7434036f30927423ce8aca1e3c453e1261a0e8c346035197b57fdd4a4917e53:105)
05-10 23:46:54.889  1238  1347 W DL2025Feature: 	at com.google.android.systemui.dreamliner.kitt.KittFeatureStateRepository$doUpdateState$1.invokeSuspend(go/retraceme d7434036f30927423ce8aca1e3c453e1261a0e8c346035197b57fdd4a4917e53:12)
05-10 23:46:54.889  1238  1347 W DL2025Feature: 	at kotlin.coroutines.jvm.internal.BaseContinuationImpl.resumeWith(go/retraceme d7434036f30927423ce8aca1e3c453e1261a0e8c346035197b57fdd4a4917e53:8)
05-10 23:46:54.889  1238  1347 W DL2025Feature: 	at kotlinx.coroutines.DispatchedTask.run(go/retraceme d7434036f30927423ce8aca1e3c453e1261a0e8c346035197b57fdd4a4917e53:110)
05-10 23:46:54.889  1238  1347 W DL2025Feature: 	at java.util.concurrent.Executors$RunnableAdapter.call(Executors.java:520)
05-10 23:46:54.889  1238  1347 W DL2025Feature: 	at java.util.concurrent.FutureTask.run(FutureTask.java:317)
05-10 23:46:54.889  1238  1347 W DL2025Feature: 	at java.util.concurrent.ScheduledThreadPoolExecutor$ScheduledFutureTask.run(ScheduledThreadPoolExecutor.java:348)
05-10 23:46:54.889  1238  1347 W DL2025Feature: 	at java.util.concurrent.ThreadPoolExecutor.runWorker(ThreadPoolExecutor.java:1154)
05-10 23:46:54.889  1238  1347 W DL2025Feature: 	at java.util.concurrent.ThreadPoolExecutor$Worker.run(ThreadPoolExecutor.java:652)
05-10 23:46:54.889  1238  1347 W DL2025Feature: 	at java.lang.Thread.run(Thread.java:1563)
05-10 23:46:54.889  1238  1347 W DL2025Feature: Caused by: android.os.RemoteException: Remote stack trace:
05-10 23:46:54.889  1238  1347 W DL2025Feature: 	at com.android.server.pm.ComputerEngine.getComponentEnabledSettingInternal(ComputerEngine.java:5232)
05-10 23:46:54.889  1238  1347 W DL2025Feature: 	at com.android.server.pm.ComputerEngine.getComponentEnabledSetting(ComputerEngine.java:5214)
05-10 23:46:54.889  1238  1347 W DL2025Feature: 	at com.android.server.pm.IPackageManagerBase.getComponentEnabledSetting(IPackageManagerBase.java:385)
05-10 23:46:54.889  1238  1347 W DL2025Feature: 	at android.content.pm.IPackageManager$Stub.onTransact(IPackageManager.java:3202)
05-10 23:46:54.889  1238  1347 W DL2025Feature: 	at com.android.server.pm.PackageManagerService$IPackageManagerImpl.onTransact(PackageManagerService.java:6705)
05-10 23:46:54.889  1238  1347 W DL2025Feature: 
05-10 23:46:54.889  1238  1347 D DL2025Feature: updated feature state to false
05-10 23:46:54.894   819  1042 W ContentProviderHelper: Slow operation: 54ms so far, now at getContentProviderImpl: done!
05-10 23:46:54.894  1427  1427 D NexusLauncherModelDelegate: notifySmartspaceEvent: SmartspaceTargetEvent{mSmartspaceTarget=null, mSmartspaceActionId='null', mEventType=7}
05-10 23:46:54.895  1427  1487 D VRI[NexusLauncherActivity]: visibilityChanged oldVisibility=true newVisibility=false
05-10 23:46:54.897   819   978 I ActivityManager: Extending process start timeout by 11358ms for ProcessRecord{897b466 1771:com.google.android.inputmethod.latin/u0a165}
05-10 23:46:54.898  1427  1467 D WorkspaceItemProcessor: valid target true, marking restored: com.mantle.verify, itemType=0, restoreFlag=0
05-10 23:46:54.899   819   967 W Looper  : Slow dispatch took 144ms android.fg app=system_server main=false group=FOREGROUND h=android.os.Handler c=com.android.server.wm.Transition$$ExternalSyntheticLambda5@79f050 m=0
05-10 23:46:54.900  1427  1435 I s.nexuslauncher: Background young concurrent copying GC freed 4405KB AllocSpace bytes, 11(352KB) LOS objects, 36% free, 8623KB/13MB, paused 1.772ms,69us total 321.070ms
05-10 23:46:54.907  1238  1479 D WallpaperService: onVisibilityChanged(false): com.android.systemui.wallpapers.ImageWallpaper$CanvasEngine@89d173f
05-10 23:46:54.911  1238  1287 V WindowManagerShell: Track 1 became idle
05-10 23:46:54.916  1427  1437 W System  : A resource failed to call release. 
05-10 23:46:54.916   819  1064 W TransitionChain: Combining tfTransact into #7(CHANGE|R|0x0) from tfTransact
05-10 23:46:54.916   819  1064 V WindowManager: deferTransitionReady deferReadyDepth=2 stack=com.android.server.wm.WindowOrganizerController.applyTransaction:658 com.android.server.wm.WindowOrganizerController.applyTaskFragmentTransactionLocked:585 com.android.server.wm.TaskFragmentOrganizerController.applyTransaction:764 com.android.server.wm.TaskFragmentOrganizerController.onTransactionHandled:730 android.window.ITaskFragmentOrganizerController$Stub.onTransact:225 
05-10 23:46:54.917   819  1064 V WindowManager: continueTransitionReady deferReadyDepth=1 stack=com.android.server.wm.WindowOrganizerController.applyTransaction:799 com.android.server.wm.WindowOrganizerController.applyTaskFragmentTransactionLocked:585 com.android.server.wm.TaskFragmentOrganizerController.applyTransaction:764 com.android.server.wm.TaskFragmentOrganizerController.onTransactionHandled:730 android.window.ITaskFragmentOrganizerController$Stub.onTransact:225 
05-10 23:46:54.918  1238  1287 V WindowManagerShell: All active transition animations finished
05-10 23:46:54.918  1238  1287 V WindowManagerShell: Transition requested (#7): android.os.BinderProxy@5115269 TransitionRequestInfo { type = CHANGE, triggerTask = null, pipChange = null, remoteTransition = RemoteTransition { remoteTransition = android.window.IRemoteTransition$Stub$Proxy@5b244ee, appThread = null, debugName = TaskFragmentComponent }, displayChange = null, requestedLocation = null, userChange = null, windowingLayerChange = null, flags = 0, debugId = 7 }
05-10 23:46:54.918  1238  1287 V ShellDesktopMode: DesktopTasksController: handleRequest request=TransitionRequestInfo { type = CHANGE, triggerTask = null, pipChange = null, remoteTransition = RemoteTransition { remoteTransition = android.window.IRemoteTransition$Stub$Proxy@5b244ee, appThread = null, debugName = TaskFragmentComponent }, displayChange = null, requestedLocation = null, userChange = null, windowingLayerChange = null, flags = 0, debugId = 7 }
05-10 23:46:54.918  1238  1287 V ShellDesktopMode: DesktopTasksController: skipping handleRequest reason=triggerTask is null
05-10 23:46:54.919   819   819 W Looper  : Slow dispatch took 332ms main app=system_server main=true group=FOREGROUND h=android.app.ActivityThread$H c=android.app.LoadedApk$ReceiverDispatcher$Args$$ExternalSyntheticLambda0@30fc74e m=0
05-10 23:46:54.919  1238  1287 V WindowManagerShell: RemoteTransition directly requested for (#7) android.os.BinderProxy@5115269: RemoteTransition { remoteTransition = android.window.IRemoteTransition$Stub$Proxy@5b244ee, appThread = null, debugName = TaskFragmentComponent }
05-10 23:46:54.919  1238  1287 V WindowManagerShell: Transition (#7): request handled by RemoteTransitionHandler
05-10 23:46:54.919   819   819 D AppSearchAppsIndexerManagerS: userid in package receiver: 1000
05-10 23:46:54.928  1687  1702 I PermissionControllerServiceImpl: Updating user sensitive for uid 1000
05-10 23:46:54.950  1427  1467 D WorkspaceItemProcessor: valid target true, marking restored: io.github.a13e300.ksuwebui, itemType=0, restoreFlag=0
05-10 23:46:54.952  1771  2405 I KeyboardModeUtils: KeyboardModeUtils.getKeyboardBottomOffset():435 inch: 0.000000 ydpi: 480.000000 adjustKeyboardBottomByDisplaySize: false currentDensityDpi: 480 defaultDensityDpi: 480 keyboardBottomToScreenPx: 0 keyboardBottomToNavBarPx: 0 navBarHeight: 0
05-10 23:46:54.956   819  1064 V WindowManager: Continue transition id=7 for TaskFragmentTransaction=android.os.Binder@7942e23
05-10 23:46:54.956   819  1064 V WindowManager: continueTransitionReady deferReadyDepth=0 stack=com.android.server.wm.TransitionController.continueTransitionReady:1071 com.android.server.wm.TaskFragmentOrganizerController$TaskFragmentOrganizerState.onTransactionFinished:546 com.android.server.wm.TaskFragmentOrganizerController.onTransactionHandled:740 android.window.ITaskFragmentOrganizerController$Stub.onTransact:225 android.os.Binder.execTransactInternal:1473 
05-10 23:46:54.958  1771  1771 W putmethod.latin: Method void qgn.c(android.app.Activity) failed lock verification and will run slower.
05-10 23:46:54.958  1771  1771 W putmethod.latin: Common causes for lock verification issues are non-optimized dex code
05-10 23:46:54.958  1771  1771 W putmethod.latin: and incorrect proguard optimizations.
05-10 23:46:54.968  1584  2360 I NetworkScheduler: Using standalone scheduling engine [CONTEXT service_id=218 ]
05-10 23:46:54.972  1584  1629 I glbi    : (REDACTED) Shared storage file not found for %s
05-10 23:46:54.981   819   967 V WindowManager: Sent Transition (#7) createdAt=05-10 23:46:52.120 via request=TransitionRequestInfo { type = CHANGE, triggerTask = null, pipChange = null, remoteTransition = RemoteTransition { remoteTransition = android.window.IRemoteTransition$Stub$Proxy@8015e67, appThread = null, debugName = TaskFragmentComponent }, displayChange = null, requestedLocation = null, userChange = null, windowingLayerChange = null, flags = 0, debugId = 7 }
05-10 23:46:54.981   819   967 V WindowManager:     startWCT=WindowContainerTransaction { changes= {} hops= [] errorCallbackToken=null taskFragmentOrganizer=null }
05-10 23:46:54.981   819   967 V WindowManager:     info={id=7 t=CHANGE f=0x0 trk=2 r=[] c=[]}
05-10 23:46:55.002  2362  2362 V GraphicsEnvironment: Currently set values for:
05-10 23:46:55.002  2362  2362 V GraphicsEnvironment:   angle_gl_driver_selection_pkgs=[]
05-10 23:46:55.002  2362  2362 V GraphicsEnvironment:   angle_gl_driver_selection_values=[]
05-10 23:46:55.002  2362  2362 V GraphicsEnvironment: com.google.android.as.oss is not listed in per-application setting
05-10 23:46:55.004   819   971 V WindowManager: deferTransitionReady deferReadyDepth=1 stack=com.android.server.wm.WindowOrganizerController.applyTransaction:658 com.android.server.wm.WindowOrganizerController.applyTransaction:626 com.android.server.wm.WindowOrganizerController.lambda$applyTaskFragmentTransactionLocked$5:602 com.android.server.wm.WindowOrganizerController.$r8$lambda$b9SZ7IAloD3MuUhvAJTdz5zHJ5k:0 com.android.server.wm.WindowOrganizerController$$ExternalSyntheticLambda4.onCollectStarted:0 
05-10 23:46:55.005   819   971 V WindowManager: continueTransitionReady deferReadyDepth=0 stack=com.android.server.wm.WindowOrganizerController.applyTransaction:799 com.android.server.wm.WindowOrganizerController.applyTransaction:626 com.android.server.wm.WindowOrganizerController.lambda$applyTaskFragmentTransactionLocked$5:602 com.android.server.wm.WindowOrganizerController.$r8$lambda$b9SZ7IAloD3MuUhvAJTdz5zHJ5k:0 com.android.server.wm.WindowOrganizerController$$ExternalSyntheticLambda4.onCollectStarted:0 
05-10 23:46:55.026   819  1471 D OomAdjuster: Not killing cached processes
05-10 23:46:55.038  1427  1427 D BaseActivity: Launcher flags updated: [] -[state_started]
05-10 23:46:55.040  1427  1427 D LauncherStateManager: StateManager.goToState: fromState: Normal, toState: Normal, partial trace:
05-10 23:46:55.040  1427  1427 D LauncherStateManager: 	at com.android.launcher3.statemanager.StateManager.moveToRestState(go/retraceme f3a19d912c87c27267cfbc05ba0bc7b202ab72a6648bd76225f5f7e128d94583:6)
05-10 23:46:55.040  1427  1427 D LauncherStateManager: 	at com.android.launcher3.statemanager.StateManager.moveToRestState(go/retraceme f3a19d912c87c27267cfbc05ba0bc7b202ab72a6648bd76225f5f7e128d94583:2)
05-10 23:46:55.040  1427  1427 D LauncherStateManager: 	at com.android.launcher3.statemanager.StatefulActivity.onStop(go/retraceme f3a19d912c87c27267cfbc05ba0bc7b202ab72a6648bd76225f5f7e128d94583:32)
05-10 23:46:55.040  1427  1427 D LauncherStateManager: StateManager.onRepeatStateSetAborted: state: Normal
05-10 23:46:55.040  1427  1427 D ActivityContext: hideKeyboard
05-10 23:46:55.040  1427  1427 D ActivityContext: isImeShown: false
05-10 23:46:55.041  1427  1427 D StatsLog: LAUNCHER_ONSTOP
05-10 23:46:55.041  1427  1427 D StatsLog: LAUNCHER_GOOGLE_SEARCH_RESTORE_LIST_SIZE_AFTER_ACTIVITY_RESTART
05-10 23:46:55.052  2362  2362 V GraphicsEnvironment: ANGLE allowlist from config: com.dreamgames.royalmatch com.dts.freefiremax com.dxx.firenow com.gramgames.mergedragons com.ludo.king com.mojang.minecraftpe com.my.defense com.nintendo.zaka com.os.airforce com.playrix.fishdomdd.gplay io.teslatech.callbreak jp.konami.prospia net.peakgames.toonblast
